Release 14.7 Map P.20131013 (lin64)
Xilinx Map Application Log File for Design 'test1'

Design Information
------------------
Command Line   : map -intstyle ise -p xc3s1200e-fg320-4 -cm area -ir off -pr off
-c 100 -smartguide
/home/user/_WORKSPACE_/kedziorno/mlx90640_fpga/test1_guide.ncd -o test1_map.ncd
test1.ngd test1.pcf 
Target Device  : xc3s1200e
Target Package : fg320
Target Speed   : -4
Mapper Version : spartan3e -- $Revision: 1.55 $
Mapped Date    : Wed Nov 19 12:16:12 2025

WARNING:Map:120 - The command line option -c can not be used when running in
   timing mode.  The option will be ignored.
Loading device for application Rf_Device from file '3s1200e.nph' in environment
/home/user/.local/Xilinx/14.7/ISE_DS/ISE/.
   "test1" is an NCD, version 3.2, device xc3s1200e, package fg320, speed -4
Mapping design into LUTs...
Running directed packing...
WARNING:Pack:1185 - One or more I/O components have an illegal combination of
   property values.  For each occurrence, the system will choose sensible
   defaults.  To view each occurrence, create a detailed map report (run map
   using the -detail option).
Constraining slice packing based on guide NCD.
Running delay-based LUT packing...
Updating timing models...
Running timing-driven placement...
Total REAL time at the beginning of Placer: 19 secs 
Total CPU  time at the beginning of Placer: 18 secs 

Phase 1.7  Design Feasibility Check
Phase 1.7  Design Feasibility Check (Checksum:3a459763) REAL time: 19 secs 

Phase 2.31  Local Placement Optimization
Phase 2.31  Local Placement Optimization (Checksum:3a459763) REAL time: 19 secs 

Phase 3.2  Initial Clock and IO Placement
...
Phase 3.2  Initial Clock and IO Placement (Checksum:8f8ab82d) REAL time: 20 secs 

Phase 4.30  Global Clock Region Assignment
Phase 4.30  Global Clock Region Assignment (Checksum:8f8ab82d) REAL time: 20 secs 

Phase 5.36  Local Placement Optimization
Phase 5.36  Local Placement Optimization (Checksum:8f8ab82d) REAL time: 20 secs 

Phase 6.8  Global Placement
..
................
Phase 6.8  Global Placement (Checksum:384a1163) REAL time: 27 secs 

Phase 7.5  Local Placement Optimization
Phase 7.5  Local Placement Optimization (Checksum:384a1163) REAL time: 27 secs 

Phase 8.18  Placement Optimization
Phase 8.18  Placement Optimization (Checksum:384a1163) REAL time: 27 secs 

Phase 9.5  Local Placement Optimization
Phase 9.5  Local Placement Optimization (Checksum:384a1163) REAL time: 27 secs 

Total REAL time to Placer completion: 28 secs 
Total CPU  time to Placer completion: 27 secs 
Running post-placement packing...
Updating route info ...

Design Summary
--------------

Design Summary:
Number of errors:      0
Number of warnings:    2
Logic Utilization:
  Number of Slice Flip Flops:         8,572 out of  17,344   49%
  Number of 4 input LUTs:            13,162 out of  17,344   75%
Logic Distribution:
  Number of occupied Slices:          7,664 out of   8,672   88%
    Number of Slices containing only related logic:   7,664 out of   7,664 100%
    Number of Slices containing unrelated logic:          0 out of   7,664   0%
      *See NOTES below for an explanation of the effects of unrelated logic.
  Total Number of 4 input LUTs:      13,605 out of  17,344   78%
    Number used as logic:            12,957
    Number used as a route-thru:        443
    Number used as Shift registers:     205

  The Slice Logic Distribution report is not meaningful if the design is
  over-mapped for a non-slice resource or if Placement fails.

  Number of bonded IOBs:                 55 out of     250   22%
  Number of RAMB16s:                     22 out of      28   78%
  Number of BUFGMUXs:                     3 out of      24   12%

Average Fanout of Non-Clock Nets:                3.46

Peak Memory Usage:  1054 MB
Total REAL time to MAP completion:  32 secs 
Total CPU time to MAP completion:   31 secs 

Mapping completed.
See MAP report file "test1_map.mrp" for details.
