--------------------------------------------------------------------------------
Release 14.7 Trace  (lin64)
Copyright (c) 1995-2013 Xilinx, Inc.  All rights reserved.

/home/user/.local/Xilinx/14.7/ISE_DS/ISE/bin/lin64/unwrapped/trce -intstyle ise
-v 3 -s 4 -n 3 -fastpaths -xml test1.twx test1.ncd -o test1.twr test1.pcf -ucf
test1.ucf

Design file:              test1.ncd
Physical constraint file: test1.pcf
Device,package,speed:     xc3s1200e,fg320,-4 (PRODUCTION 1.27 2013-10-13)
Report level:             verbose report

Environment Variable      Effect 
--------------------      ------ 
NONE                      No environment variables were set
--------------------------------------------------------------------------------

INFO:Timing:3412 - To improve timing, see the Timing Closure User Guide (UG612).
INFO:Timing:2752 - To get complete path coverage, use the unconstrained paths 
   option. All paths that are not constrained will be reported in the 
   unconstrained paths section(s) of the report.
INFO:Timing:3339 - The clock-to-out numbers in this timing report are based on 
   a 50 Ohm transmission line loading model.  For the details of this model, 
   and for more information on accounting for different loading conditions, 
   please see the device datasheet.
INFO:Timing:3390 - This architecture does not support a default System Jitter 
   value, please add SYSTEM_JITTER constraint to the UCF to modify the Clock 
   Uncertainty calculation.
INFO:Timing:3389 - This architecture does not support 'Discrete Jitter' and 
   'Phase Error' calculations, these terms will be zero in the Clock 
   Uncertainty calculation.  Please make appropriate modification to 
   SYSTEM_JITTER to account for the unsupported Discrete Jitter and Phase 
   Error.

================================================================================
Timing constraint: NET "vga_clock_OBUF1" PERIOD = 40 ns HIGH 50%;
For more information, see Period Analysis in the Timing Closure User Guide (UG612).

 376993 paths analyzed, 32358 endpoints analyzed, 0 failing endpoints
 0 timing errors detected. (0 setup errors, 0 hold errors, 0 component switching limit errors)
 Minimum period is  18.279ns.
--------------------------------------------------------------------------------

Paths for end point inst_mulfp/blk0000000d (SLICE_X38Y60.SR), 46 paths
--------------------------------------------------------------------------------
Slack (setup path):     21.721ns (requirement - (data path - clock path skew + uncertainty))
  Source:               tfm_inst/CalculateVdd_mux (FF)
  Destination:          inst_mulfp/blk0000000d (FF)
  Requirement:          40.000ns
  Data Path Delay:      18.279ns (Levels of Logic = 3)
  Clock Path Skew:      0.000ns
  Source Clock:         vga_clock_OBUF rising at 0.000ns
  Destination Clock:    vga_clock_OBUF rising at 40.000ns
  Clock Uncertainty:    0.000ns

  Maximum Data Path: tfm_inst/CalculateVdd_mux to inst_mulfp/blk0000000d
    Location             Delay type         Delay(ns)  Physical Resource
                                                       Logical Resource(s)
    -------------------------------------------------  -------------------
    SLICE_X64Y80.YQ      Tcko                  0.652   tfm_inst/CalculateVdd_mux_1
                                                       tfm_inst/CalculateVdd_mux
    SLICE_X43Y53.G2      net (fanout=319)      5.020   tfm_inst/CalculateVdd_mux
    SLICE_X43Y53.Y       Tilo                  0.704   tfm_inst/addfpce42
                                                       tfm_inst/fixed2floata<0>121
    SLICE_X18Y106.F3     net (fanout=136)      4.092   tfm_inst/N389
    SLICE_X18Y106.X      Tilo                  0.759   inst_mulfp/sig00000465
                                                       tfm_inst/mulfpond88
    SLICE_X40Y70.F4      net (fanout=440)      2.921   mulfpce
    SLICE_X40Y70.X       Tilo                  0.759   b0.inst_fixed2float/sig0000002c
                                                       inst_mulfp/blk000009ba
    SLICE_X38Y60.SR      net (fanout=18)       2.462   inst_mulfp/sig00000946
    SLICE_X38Y60.CLK     Tsrck                 0.910   mulfpr<9>
                                                       inst_mulfp/blk0000000d
    -------------------------------------------------  ---------------------------
    Total                                     18.279ns (3.784ns logic, 14.495ns route)
                                                       (20.7% logic, 79.3% route)

--------------------------------------------------------------------------------
Slack (setup path):     22.584ns (requirement - (data path - clock path skew + uncertainty))
  Source:               tfm_inst/CalculateTa_mux (FF)
  Destination:          inst_mulfp/blk0000000d (FF)
  Requirement:          40.000ns
  Data Path Delay:      17.336ns (Levels of Logic = 3)
  Clock Path Skew:      -0.080ns (0.153 - 0.233)
  Source Clock:         vga_clock_OBUF rising at 0.000ns
  Destination Clock:    vga_clock_OBUF rising at 40.000ns
  Clock Uncertainty:    0.000ns

  Maximum Data Path: tfm_inst/CalculateTa_mux to inst_mulfp/blk0000000d
    Location             Delay type         Delay(ns)  Physical Resource
                                                       Logical Resource(s)
    -------------------------------------------------  -------------------
    SLICE_X73Y99.XQ      Tcko                  0.591   tfm_inst/CalculateTa_mux
                                                       tfm_inst/CalculateTa_mux
    SLICE_X43Y53.G1      net (fanout=303)      4.138   tfm_inst/CalculateTa_mux
    SLICE_X43Y53.Y       Tilo                  0.704   tfm_inst/addfpce42
                                                       tfm_inst/fixed2floata<0>121
    SLICE_X18Y106.F3     net (fanout=136)      4.092   tfm_inst/N389
    SLICE_X18Y106.X      Tilo                  0.759   inst_mulfp/sig00000465
                                                       tfm_inst/mulfpond88
    SLICE_X40Y70.F4      net (fanout=440)      2.921   mulfpce
    SLICE_X40Y70.X       Tilo                  0.759   b0.inst_fixed2float/sig0000002c
                                                       inst_mulfp/blk000009ba
    SLICE_X38Y60.SR      net (fanout=18)       2.462   inst_mulfp/sig00000946
    SLICE_X38Y60.CLK     Tsrck                 0.910   mulfpr<9>
                                                       inst_mulfp/blk0000000d
    -------------------------------------------------  ---------------------------
    Total                                     17.336ns (3.723ns logic, 13.613ns route)
                                                       (21.5% logic, 78.5% route)

--------------------------------------------------------------------------------
Slack (setup path):     23.035ns (requirement - (data path - clock path skew + uncertainty))
  Source:               tfm_inst/CalculateAlphaComp_mux (FF)
  Destination:          inst_mulfp/blk0000000d (FF)
  Requirement:          40.000ns
  Data Path Delay:      16.965ns (Levels of Logic = 5)
  Clock Path Skew:      0.000ns
  Source Clock:         vga_clock_OBUF rising at 0.000ns
  Destination Clock:    vga_clock_OBUF rising at 40.000ns
  Clock Uncertainty:    0.000ns

  Maximum Data Path: tfm_inst/CalculateAlphaComp_mux to inst_mulfp/blk0000000d
    Location             Delay type         Delay(ns)  Physical Resource
                                                       Logical Resource(s)
    -------------------------------------------------  -------------------
    SLICE_X57Y79.XQ      Tcko                  0.591   tfm_inst/CalculateAlphaComp_mux
                                                       tfm_inst/CalculateAlphaComp_mux
    SLICE_X29Y90.G1      net (fanout=499)      3.585   tfm_inst/CalculateAlphaComp_mux
    SLICE_X29Y90.Y       Tilo                  0.704   tfm_inst/inst_CalculateAlphaCP/o_acpsubpage1<5>
                                                       tfm_inst/mulfpa<0>152
    SLICE_X36Y90.F3      net (fanout=66)       0.818   tfm_inst/N412
    SLICE_X36Y90.X       Tilo                  0.759   tfm_inst/mulfpce15
                                                       tfm_inst/mulfpond15
    SLICE_X33Y89.F4      net (fanout=1)        0.614   tfm_inst/mulfpce15
    SLICE_X33Y89.X       Tilo                  0.704   tfm_inst/inst_CalculateTa/mulfpb<8>
                                                       tfm_inst/mulfpond31
    SLICE_X18Y106.F4     net (fanout=1)        1.379   tfm_inst/mulfpce31
    SLICE_X18Y106.X      Tilo                  0.759   inst_mulfp/sig00000465
                                                       tfm_inst/mulfpond88
    SLICE_X40Y70.F4      net (fanout=440)      2.921   mulfpce
    SLICE_X40Y70.X       Tilo                  0.759   b0.inst_fixed2float/sig0000002c
                                                       inst_mulfp/blk000009ba
    SLICE_X38Y60.SR      net (fanout=18)       2.462   inst_mulfp/sig00000946
    SLICE_X38Y60.CLK     Tsrck                 0.910   mulfpr<9>
                                                       inst_mulfp/blk0000000d
    -------------------------------------------------  ---------------------------
    Total                                     16.965ns (5.186ns logic, 11.779ns route)
                                                       (30.6% logic, 69.4% route)

--------------------------------------------------------------------------------

Paths for end point inst_mulfp/blk0000002a (SLICE_X39Y61.SR), 46 paths
--------------------------------------------------------------------------------
Slack (setup path):     21.721ns (requirement - (data path - clock path skew + uncertainty))
  Source:               tfm_inst/CalculateVdd_mux (FF)
  Destination:          inst_mulfp/blk0000002a (FF)
  Requirement:          40.000ns
  Data Path Delay:      18.279ns (Levels of Logic = 3)
  Clock Path Skew:      0.000ns
  Source Clock:         vga_clock_OBUF rising at 0.000ns
  Destination Clock:    vga_clock_OBUF rising at 40.000ns
  Clock Uncertainty:    0.000ns

  Maximum Data Path: tfm_inst/CalculateVdd_mux to inst_mulfp/blk0000002a
    Location             Delay type         Delay(ns)  Physical Resource
                                                       Logical Resource(s)
    -------------------------------------------------  -------------------
    SLICE_X64Y80.YQ      Tcko                  0.652   tfm_inst/CalculateVdd_mux_1
                                                       tfm_inst/CalculateVdd_mux
    SLICE_X43Y53.G2      net (fanout=319)      5.020   tfm_inst/CalculateVdd_mux
    SLICE_X43Y53.Y       Tilo                  0.704   tfm_inst/addfpce42
                                                       tfm_inst/fixed2floata<0>121
    SLICE_X18Y106.F3     net (fanout=136)      4.092   tfm_inst/N389
    SLICE_X18Y106.X      Tilo                  0.759   inst_mulfp/sig00000465
                                                       tfm_inst/mulfpond88
    SLICE_X40Y70.F4      net (fanout=440)      2.921   mulfpce
    SLICE_X40Y70.X       Tilo                  0.759   b0.inst_fixed2float/sig0000002c
                                                       inst_mulfp/blk000009ba
    SLICE_X39Y61.SR      net (fanout=18)       2.462   inst_mulfp/sig00000946
    SLICE_X39Y61.CLK     Tsrck                 0.910   mulfpr<10>
                                                       inst_mulfp/blk0000002a
    -------------------------------------------------  ---------------------------
    Total                                     18.279ns (3.784ns logic, 14.495ns route)
                                                       (20.7% logic, 79.3% route)

--------------------------------------------------------------------------------
Slack (setup path):     22.584ns (requirement - (data path - clock path skew + uncertainty))
  Source:               tfm_inst/CalculateTa_mux (FF)
  Destination:          inst_mulfp/blk0000002a (FF)
  Requirement:          40.000ns
  Data Path Delay:      17.336ns (Levels of Logic = 3)
  Clock Path Skew:      -0.080ns (0.153 - 0.233)
  Source Clock:         vga_clock_OBUF rising at 0.000ns
  Destination Clock:    vga_clock_OBUF rising at 40.000ns
  Clock Uncertainty:    0.000ns

  Maximum Data Path: tfm_inst/CalculateTa_mux to inst_mulfp/blk0000002a
    Location             Delay type         Delay(ns)  Physical Resource
                                                       Logical Resource(s)
    -------------------------------------------------  -------------------
    SLICE_X73Y99.XQ      Tcko                  0.591   tfm_inst/CalculateTa_mux
                                                       tfm_inst/CalculateTa_mux
    SLICE_X43Y53.G1      net (fanout=303)      4.138   tfm_inst/CalculateTa_mux
    SLICE_X43Y53.Y       Tilo                  0.704   tfm_inst/addfpce42
                                                       tfm_inst/fixed2floata<0>121
    SLICE_X18Y106.F3     net (fanout=136)      4.092   tfm_inst/N389
    SLICE_X18Y106.X      Tilo                  0.759   inst_mulfp/sig00000465
                                                       tfm_inst/mulfpond88
    SLICE_X40Y70.F4      net (fanout=440)      2.921   mulfpce
    SLICE_X40Y70.X       Tilo                  0.759   b0.inst_fixed2float/sig0000002c
                                                       inst_mulfp/blk000009ba
    SLICE_X39Y61.SR      net (fanout=18)       2.462   inst_mulfp/sig00000946
    SLICE_X39Y61.CLK     Tsrck                 0.910   mulfpr<10>
                                                       inst_mulfp/blk0000002a
    -------------------------------------------------  ---------------------------
    Total                                     17.336ns (3.723ns logic, 13.613ns route)
                                                       (21.5% logic, 78.5% route)

--------------------------------------------------------------------------------
Slack (setup path):     23.035ns (requirement - (data path - clock path skew + uncertainty))
  Source:               tfm_inst/CalculateAlphaComp_mux (FF)
  Destination:          inst_mulfp/blk0000002a (FF)
  Requirement:          40.000ns
  Data Path Delay:      16.965ns (Levels of Logic = 5)
  Clock Path Skew:      0.000ns
  Source Clock:         vga_clock_OBUF rising at 0.000ns
  Destination Clock:    vga_clock_OBUF rising at 40.000ns
  Clock Uncertainty:    0.000ns

  Maximum Data Path: tfm_inst/CalculateAlphaComp_mux to inst_mulfp/blk0000002a
    Location             Delay type         Delay(ns)  Physical Resource
                                                       Logical Resource(s)
    -------------------------------------------------  -------------------
    SLICE_X57Y79.XQ      Tcko                  0.591   tfm_inst/CalculateAlphaComp_mux
                                                       tfm_inst/CalculateAlphaComp_mux
    SLICE_X29Y90.G1      net (fanout=499)      3.585   tfm_inst/CalculateAlphaComp_mux
    SLICE_X29Y90.Y       Tilo                  0.704   tfm_inst/inst_CalculateAlphaCP/o_acpsubpage1<5>
                                                       tfm_inst/mulfpa<0>152
    SLICE_X36Y90.F3      net (fanout=66)       0.818   tfm_inst/N412
    SLICE_X36Y90.X       Tilo                  0.759   tfm_inst/mulfpce15
                                                       tfm_inst/mulfpond15
    SLICE_X33Y89.F4      net (fanout=1)        0.614   tfm_inst/mulfpce15
    SLICE_X33Y89.X       Tilo                  0.704   tfm_inst/inst_CalculateTa/mulfpb<8>
                                                       tfm_inst/mulfpond31
    SLICE_X18Y106.F4     net (fanout=1)        1.379   tfm_inst/mulfpce31
    SLICE_X18Y106.X      Tilo                  0.759   inst_mulfp/sig00000465
                                                       tfm_inst/mulfpond88
    SLICE_X40Y70.F4      net (fanout=440)      2.921   mulfpce
    SLICE_X40Y70.X       Tilo                  0.759   b0.inst_fixed2float/sig0000002c
                                                       inst_mulfp/blk000009ba
    SLICE_X39Y61.SR      net (fanout=18)       2.462   inst_mulfp/sig00000946
    SLICE_X39Y61.CLK     Tsrck                 0.910   mulfpr<10>
                                                       inst_mulfp/blk0000002a
    -------------------------------------------------  ---------------------------
    Total                                     16.965ns (5.186ns logic, 11.779ns route)
                                                       (30.6% logic, 69.4% route)

--------------------------------------------------------------------------------

Paths for end point inst_mulfp/blk0000000e (SLICE_X39Y61.SR), 46 paths
--------------------------------------------------------------------------------
Slack (setup path):     21.721ns (requirement - (data path - clock path skew + uncertainty))
  Source:               tfm_inst/CalculateVdd_mux (FF)
  Destination:          inst_mulfp/blk0000000e (FF)
  Requirement:          40.000ns
  Data Path Delay:      18.279ns (Levels of Logic = 3)
  Clock Path Skew:      0.000ns
  Source Clock:         vga_clock_OBUF rising at 0.000ns
  Destination Clock:    vga_clock_OBUF rising at 40.000ns
  Clock Uncertainty:    0.000ns

  Maximum Data Path: tfm_inst/CalculateVdd_mux to inst_mulfp/blk0000000e
    Location             Delay type         Delay(ns)  Physical Resource
                                                       Logical Resource(s)
    -------------------------------------------------  -------------------
    SLICE_X64Y80.YQ      Tcko                  0.652   tfm_inst/CalculateVdd_mux_1
                                                       tfm_inst/CalculateVdd_mux
    SLICE_X43Y53.G2      net (fanout=319)      5.020   tfm_inst/CalculateVdd_mux
    SLICE_X43Y53.Y       Tilo                  0.704   tfm_inst/addfpce42
                                                       tfm_inst/fixed2floata<0>121
    SLICE_X18Y106.F3     net (fanout=136)      4.092   tfm_inst/N389
    SLICE_X18Y106.X      Tilo                  0.759   inst_mulfp/sig00000465
                                                       tfm_inst/mulfpond88
    SLICE_X40Y70.F4      net (fanout=440)      2.921   mulfpce
    SLICE_X40Y70.X       Tilo                  0.759   b0.inst_fixed2float/sig0000002c
                                                       inst_mulfp/blk000009ba
    SLICE_X39Y61.SR      net (fanout=18)       2.462   inst_mulfp/sig00000946
    SLICE_X39Y61.CLK     Tsrck                 0.910   mulfpr<10>
                                                       inst_mulfp/blk0000000e
    -------------------------------------------------  ---------------------------
    Total                                     18.279ns (3.784ns logic, 14.495ns route)
                                                       (20.7% logic, 79.3% route)

--------------------------------------------------------------------------------
Slack (setup path):     22.584ns (requirement - (data path - clock path skew + uncertainty))
  Source:               tfm_inst/CalculateTa_mux (FF)
  Destination:          inst_mulfp/blk0000000e (FF)
  Requirement:          40.000ns
  Data Path Delay:      17.336ns (Levels of Logic = 3)
  Clock Path Skew:      -0.080ns (0.153 - 0.233)
  Source Clock:         vga_clock_OBUF rising at 0.000ns
  Destination Clock:    vga_clock_OBUF rising at 40.000ns
  Clock Uncertainty:    0.000ns

  Maximum Data Path: tfm_inst/CalculateTa_mux to inst_mulfp/blk0000000e
    Location             Delay type         Delay(ns)  Physical Resource
                                                       Logical Resource(s)
    -------------------------------------------------  -------------------
    SLICE_X73Y99.XQ      Tcko                  0.591   tfm_inst/CalculateTa_mux
                                                       tfm_inst/CalculateTa_mux
    SLICE_X43Y53.G1      net (fanout=303)      4.138   tfm_inst/CalculateTa_mux
    SLICE_X43Y53.Y       Tilo                  0.704   tfm_inst/addfpce42
                                                       tfm_inst/fixed2floata<0>121
    SLICE_X18Y106.F3     net (fanout=136)      4.092   tfm_inst/N389
    SLICE_X18Y106.X      Tilo                  0.759   inst_mulfp/sig00000465
                                                       tfm_inst/mulfpond88
    SLICE_X40Y70.F4      net (fanout=440)      2.921   mulfpce
    SLICE_X40Y70.X       Tilo                  0.759   b0.inst_fixed2float/sig0000002c
                                                       inst_mulfp/blk000009ba
    SLICE_X39Y61.SR      net (fanout=18)       2.462   inst_mulfp/sig00000946
    SLICE_X39Y61.CLK     Tsrck                 0.910   mulfpr<10>
                                                       inst_mulfp/blk0000000e
    -------------------------------------------------  ---------------------------
    Total                                     17.336ns (3.723ns logic, 13.613ns route)
                                                       (21.5% logic, 78.5% route)

--------------------------------------------------------------------------------
Slack (setup path):     23.035ns (requirement - (data path - clock path skew + uncertainty))
  Source:               tfm_inst/CalculateAlphaComp_mux (FF)
  Destination:          inst_mulfp/blk0000000e (FF)
  Requirement:          40.000ns
  Data Path Delay:      16.965ns (Levels of Logic = 5)
  Clock Path Skew:      0.000ns
  Source Clock:         vga_clock_OBUF rising at 0.000ns
  Destination Clock:    vga_clock_OBUF rising at 40.000ns
  Clock Uncertainty:    0.000ns

  Maximum Data Path: tfm_inst/CalculateAlphaComp_mux to inst_mulfp/blk0000000e
    Location             Delay type         Delay(ns)  Physical Resource
                                                       Logical Resource(s)
    -------------------------------------------------  -------------------
    SLICE_X57Y79.XQ      Tcko                  0.591   tfm_inst/CalculateAlphaComp_mux
                                                       tfm_inst/CalculateAlphaComp_mux
    SLICE_X29Y90.G1      net (fanout=499)      3.585   tfm_inst/CalculateAlphaComp_mux
    SLICE_X29Y90.Y       Tilo                  0.704   tfm_inst/inst_CalculateAlphaCP/o_acpsubpage1<5>
                                                       tfm_inst/mulfpa<0>152
    SLICE_X36Y90.F3      net (fanout=66)       0.818   tfm_inst/N412
    SLICE_X36Y90.X       Tilo                  0.759   tfm_inst/mulfpce15
                                                       tfm_inst/mulfpond15
    SLICE_X33Y89.F4      net (fanout=1)        0.614   tfm_inst/mulfpce15
    SLICE_X33Y89.X       Tilo                  0.704   tfm_inst/inst_CalculateTa/mulfpb<8>
                                                       tfm_inst/mulfpond31
    SLICE_X18Y106.F4     net (fanout=1)        1.379   tfm_inst/mulfpce31
    SLICE_X18Y106.X      Tilo                  0.759   inst_mulfp/sig00000465
                                                       tfm_inst/mulfpond88
    SLICE_X40Y70.F4      net (fanout=440)      2.921   mulfpce
    SLICE_X40Y70.X       Tilo                  0.759   b0.inst_fixed2float/sig0000002c
                                                       inst_mulfp/blk000009ba
    SLICE_X39Y61.SR      net (fanout=18)       2.462   inst_mulfp/sig00000946
    SLICE_X39Y61.CLK     Tsrck                 0.910   mulfpr<10>
                                                       inst_mulfp/blk0000000e
    -------------------------------------------------  ---------------------------
    Total                                     16.965ns (5.186ns logic, 11.779ns route)
                                                       (30.6% logic, 69.4% route)

--------------------------------------------------------------------------------

Hold Paths: NET "vga_clock_OBUF1" PERIOD = 40 ns HIGH 50%;
--------------------------------------------------------------------------------

Paths for end point tfm_inst/inst_ExtractAlphaParameters/inst_mem_acc/RAMB16_S36_inst2.A (RAMB16_X0Y8.DIA5), 1 path
--------------------------------------------------------------------------------
Slack (hold path):      0.663ns (requirement - (clock path skew + uncertainty - data path))
  Source:               tfm_inst/inst_ExtractAlphaParameters/dia_5 (FF)
  Destination:          tfm_inst/inst_ExtractAlphaParameters/inst_mem_acc/RAMB16_S36_inst2.A (RAM)
  Requirement:          0.000ns
  Data Path Delay:      0.658ns (Levels of Logic = 0)
  Clock Path Skew:      -0.005ns (0.128 - 0.133)
  Source Clock:         vga_clock_OBUF rising at 40.000ns
  Destination Clock:    vga_clock_OBUF rising at 40.000ns
  Clock Uncertainty:    0.000ns

  Minimum Data Path: tfm_inst/inst_ExtractAlphaParameters/dia_5 to tfm_inst/inst_ExtractAlphaParameters/inst_mem_acc/RAMB16_S36_inst2.A
    Location             Delay type         Delay(ns)  Physical Resource
                                                       Logical Resource(s)
    -------------------------------------------------  -------------------
    SLICE_X3Y70.YQ       Tcko                  0.470   tfm_inst/inst_ExtractAlphaParameters/dia<5>
                                                       tfm_inst/inst_ExtractAlphaParameters/dia_5
    RAMB16_X0Y8.DIA5     net (fanout=3)        0.314   tfm_inst/inst_ExtractAlphaParameters/dia<5>
    RAMB16_X0Y8.CLKA     Tbckd       (-Th)     0.126   tfm_inst/inst_ExtractAlphaParameters/inst_mem_acc/RAMB16_S36_inst2
                                                       tfm_inst/inst_ExtractAlphaParameters/inst_mem_acc/RAMB16_S36_inst2.A
    -------------------------------------------------  ---------------------------
    Total                                      0.658ns (0.344ns logic, 0.314ns route)
                                                       (52.3% logic, 47.7% route)

--------------------------------------------------------------------------------

Paths for end point inst_mulfp/blk000001e5 (SLICE_X24Y104.BX), 1 path
--------------------------------------------------------------------------------
Slack (hold path):      0.687ns (requirement - (clock path skew + uncertainty - data path))
  Source:               inst_mulfp/blk0000041f (FF)
  Destination:          inst_mulfp/blk000001e5 (FF)
  Requirement:          0.000ns
  Data Path Delay:      0.698ns (Levels of Logic = 1)
  Clock Path Skew:      0.011ns (0.026 - 0.015)
  Source Clock:         vga_clock_OBUF rising at 40.000ns
  Destination Clock:    vga_clock_OBUF rising at 40.000ns
  Clock Uncertainty:    0.000ns

  Minimum Data Path: inst_mulfp/blk0000041f to inst_mulfp/blk000001e5
    Location             Delay type         Delay(ns)  Physical Resource
                                                       Logical Resource(s)
    -------------------------------------------------  -------------------
    SLICE_X27Y104.YQ     Tcko                  0.470   inst_mulfp/sig000007f2
                                                       inst_mulfp/blk0000041f
    SLICE_X24Y104.BX     net (fanout=1)        0.377   inst_mulfp/sig000007f3
    SLICE_X24Y104.CLK    Tdh         (-Th)     0.149   inst_mulfp/sig00000905
                                                       inst_mulfp/blk000001e5
    -------------------------------------------------  ---------------------------
    Total                                      0.698ns (0.321ns logic, 0.377ns route)
                                                       (46.0% logic, 54.0% route)

--------------------------------------------------------------------------------

Paths for end point inst_mulfp/blk000001e9 (SLICE_X24Y107.BX), 1 path
--------------------------------------------------------------------------------
Slack (hold path):      0.687ns (requirement - (clock path skew + uncertainty - data path))
  Source:               inst_mulfp/blk0000041b (FF)
  Destination:          inst_mulfp/blk000001e9 (FF)
  Requirement:          0.000ns
  Data Path Delay:      0.698ns (Levels of Logic = 1)
  Clock Path Skew:      0.011ns (0.023 - 0.012)
  Source Clock:         vga_clock_OBUF rising at 40.000ns
  Destination Clock:    vga_clock_OBUF rising at 40.000ns
  Clock Uncertainty:    0.000ns

  Minimum Data Path: inst_mulfp/blk0000041b to inst_mulfp/blk000001e9
    Location             Delay type         Delay(ns)  Physical Resource
                                                       Logical Resource(s)
    -------------------------------------------------  -------------------
    SLICE_X27Y106.YQ     Tcko                  0.470   inst_mulfp/sig000007f6
                                                       inst_mulfp/blk0000041b
    SLICE_X24Y107.BX     net (fanout=1)        0.377   inst_mulfp/sig000007f7
    SLICE_X24Y107.CLK    Tdh         (-Th)     0.149   inst_mulfp/sig0000090a
                                                       inst_mulfp/blk000001e9
    -------------------------------------------------  ---------------------------
    Total                                      0.698ns (0.321ns logic, 0.377ns route)
                                                       (46.0% logic, 54.0% route)

--------------------------------------------------------------------------------

Component Switching Limit Checks: NET "vga_clock_OBUF1" PERIOD = 40 ns HIGH 50%;
--------------------------------------------------------------------------------
Slack: 36.824ns (period - (min low pulse limit / (low pulse / period)))
  Period: 40.000ns
  Low pulse: 20.000ns
  Low pulse limit: 1.588ns (Tbpwl)
  Physical resource: tfm_inst/inst_CalculateVirCompensated/inst_mem_vir_compensated/RAMB16_S36_inst1/CLKA
  Logical resource: tfm_inst/inst_CalculateVirCompensated/inst_mem_vir_compensated/RAMB16_S36_inst1.A/CLKA
  Location pin: RAMB16_X0Y11.CLKA
  Clock network: vga_clock_OBUF
--------------------------------------------------------------------------------
Slack: 36.824ns (period - (min high pulse limit / (high pulse / period)))
  Period: 40.000ns
  High pulse: 20.000ns
  High pulse limit: 1.588ns (Tbpwh)
  Physical resource: tfm_inst/inst_CalculateVirCompensated/inst_mem_vir_compensated/RAMB16_S36_inst1/CLKA
  Logical resource: tfm_inst/inst_CalculateVirCompensated/inst_mem_vir_compensated/RAMB16_S36_inst1.A/CLKA
  Location pin: RAMB16_X0Y11.CLKA
  Clock network: vga_clock_OBUF
--------------------------------------------------------------------------------
Slack: 36.824ns (period - min period limit)
  Period: 40.000ns
  Min period limit: 3.176ns (314.861MHz) (Tbp)
  Physical resource: tfm_inst/inst_CalculateVirCompensated/inst_mem_vir_compensated/RAMB16_S36_inst1/CLKA
  Logical resource: tfm_inst/inst_CalculateVirCompensated/inst_mem_vir_compensated/RAMB16_S36_inst1.A/CLKA
  Location pin: RAMB16_X0Y11.CLKA
  Clock network: vga_clock_OBUF
--------------------------------------------------------------------------------


All constraints were met.


Data Sheet report:
-----------------
All values displayed in nanoseconds (ns)

Clock to Setup on destination clock i_clock
---------------+---------+---------+---------+---------+
               | Src:Rise| Src:Fall| Src:Rise| Src:Fall|
Source Clock   |Dest:Rise|Dest:Rise|Dest:Fall|Dest:Fall|
---------------+---------+---------+---------+---------+
i_clock        |   18.279|         |         |         |
---------------+---------+---------+---------+---------+


Timing summary:
---------------

Timing errors: 0  Score: 0  (Setup/Max: 0, Hold: 0)

Constraints cover 376993 paths, 0 nets, and 56128 connections

Design statistics:
   Minimum period:  18.279ns{1}   (Maximum frequency:  54.708MHz)


------------------------------------Footnotes-----------------------------------
1)  The minimum period statistic assumes all single cycle delays.

Analysis completed Sun Nov 16 13:37:06 2025 
--------------------------------------------------------------------------------

Trace Settings:
-------------------------
Trace Settings 

Peak Memory Usage: 542 MB



