--------------------------------------------------------------------------------
Release 14.7 Trace  (lin64)
Copyright (c) 1995-2013 Xilinx, Inc.  All rights reserved.

/home/user/.local/Xilinx/14.7/ISE_DS/ISE/bin/lin64/unwrapped/trce -intstyle ise
-v 3 -s 4 -n 3 -fastpaths -xml test1.twx test1.ncd -o test1.twr test1.pcf -ucf
test1.ucf

Design file:              test1.ncd
Physical constraint file: test1.pcf
Device,package,speed:     xc3s1200e,fg320,-4 (PRODUCTION 1.27 2013-10-13)
Report level:             verbose report

Environment Variable      Effect 
--------------------      ------ 
NONE                      No environment variables were set
--------------------------------------------------------------------------------

INFO:Timing:3412 - To improve timing, see the Timing Closure User Guide (UG612).
INFO:Timing:2752 - To get complete path coverage, use the unconstrained paths 
   option. All paths that are not constrained will be reported in the 
   unconstrained paths section(s) of the report.
INFO:Timing:3339 - The clock-to-out numbers in this timing report are based on 
   a 50 Ohm transmission line loading model.  For the details of this model, 
   and for more information on accounting for different loading conditions, 
   please see the device datasheet.
INFO:Timing:3390 - This architecture does not support a default System Jitter 
   value, please add SYSTEM_JITTER constraint to the UCF to modify the Clock 
   Uncertainty calculation.
INFO:Timing:3389 - This architecture does not support 'Discrete Jitter' and 
   'Phase Error' calculations, these terms will be zero in the Clock 
   Uncertainty calculation.  Please make appropriate modification to 
   SYSTEM_JITTER to account for the unsupported Discrete Jitter and Phase 
   Error.

================================================================================
Timing constraint: NET "i_clock_BUFGP/IBUFG" PERIOD = 20 ns HIGH 50%;
For more information, see Period Analysis in the Timing Closure User Guide (UG612).

 411408 paths analyzed, 32882 endpoints analyzed, 0 failing endpoints
 0 timing errors detected. (0 setup errors, 0 hold errors, 0 component switching limit errors)
 Minimum period is  18.307ns.
--------------------------------------------------------------------------------

Paths for end point inst_divfp/blk00000042 (SLICE_X0Y44.CE), 40 paths
--------------------------------------------------------------------------------
Slack (setup path):     1.693ns (requirement - (data path - clock path skew + uncertainty))
  Source:               tfm_inst/ExtractAlphaParameters_mux (FF)
  Destination:          inst_divfp/blk00000042 (FF)
  Requirement:          20.000ns
  Data Path Delay:      18.307ns (Levels of Logic = 4)
  Clock Path Skew:      0.000ns
  Source Clock:         i_clock_BUFGP rising at 0.000ns
  Destination Clock:    i_clock_BUFGP rising at 20.000ns
  Clock Uncertainty:    0.000ns

  Maximum Data Path: tfm_inst/ExtractAlphaParameters_mux to inst_divfp/blk00000042
    Location             Delay type         Delay(ns)  Physical Resource
                                                       Logical Resource(s)
    -------------------------------------------------  -------------------
    SLICE_X74Y89.YQ      Tcko                  0.652   tfm_inst/ExtractAlphaParameters_mux
                                                       tfm_inst/ExtractAlphaParameters_mux
    SLICE_X64Y71.F4      net (fanout=428)      2.076   tfm_inst/ExtractAlphaParameters_mux
    SLICE_X64Y71.X       Tilo                  0.759   tfm_inst/inst_CalculateVirCompensated/mulfpb_internal<25>
                                                       tfm_inst/divfpond17_SW0
    SLICE_X64Y66.F3      net (fanout=1)        0.273   N3454
    SLICE_X64Y66.X       Tilo                  0.759   tfm_inst/divfpce17
                                                       tfm_inst/divfpond17
    SLICE_X61Y74.F2      net (fanout=1)        1.227   tfm_inst/divfpond17/O
    SLICE_X61Y74.X       Tilo                  0.704   tfm_inst/divfpce144
                                                       tfm_inst/divfpond144
    SLICE_X62Y76.G1      net (fanout=1)        0.688   tfm_inst/divfpce144
    SLICE_X62Y76.X       Tif5x                 1.152   divfpce
                                                       tfm_inst/divfpond170_F
                                                       tfm_inst/divfpond170
    SLICE_X0Y44.CE       net (fanout=795)      9.462   divfpce
    SLICE_X0Y44.CLK      Tceck                 0.555   inst_divfp/sig000007b4
                                                       inst_divfp/blk00000042
    -------------------------------------------------  ---------------------------
    Total                                     18.307ns (4.581ns logic, 13.726ns route)
                                                       (25.0% logic, 75.0% route)

--------------------------------------------------------------------------------
Slack (setup path):     1.763ns (requirement - (data path - clock path skew + uncertainty))
  Source:               tfm_inst/inst_CalculatePixOS/ExtractKtaParameters_mux (FF)
  Destination:          inst_divfp/blk00000042 (FF)
  Requirement:          20.000ns
  Data Path Delay:      18.237ns (Levels of Logic = 4)
  Clock Path Skew:      0.000ns
  Source Clock:         i_clock_BUFGP rising at 0.000ns
  Destination Clock:    i_clock_BUFGP rising at 20.000ns
  Clock Uncertainty:    0.000ns

  Maximum Data Path: tfm_inst/inst_CalculatePixOS/ExtractKtaParameters_mux to inst_divfp/blk00000042
    Location             Delay type         Delay(ns)  Physical Resource
                                                       Logical Resource(s)
    -------------------------------------------------  -------------------
    SLICE_X29Y77.YQ      Tcko                  0.587   tfm_inst/inst_CalculatePixOS/ExtractKtaParameters_mux
                                                       tfm_inst/inst_CalculatePixOS/ExtractKtaParameters_mux
    SLICE_X58Y80.F4      net (fanout=362)      2.656   tfm_inst/inst_CalculatePixOS/ExtractKtaParameters_mux
    SLICE_X58Y80.X       Tilo                  0.759   tfm_inst/divfpce18
                                                       tfm_inst/divfpond18
    SLICE_X61Y74.G3      net (fanout=1)        0.947   tfm_inst/divfpce18
    SLICE_X61Y74.Y       Tilo                  0.704   tfm_inst/divfpce144
                                                       tfm_inst/divfpond75
    SLICE_X61Y74.F3      net (fanout=1)        0.023   tfm_inst/divfpce75
    SLICE_X61Y74.X       Tilo                  0.704   tfm_inst/divfpce144
                                                       tfm_inst/divfpond144
    SLICE_X62Y76.G1      net (fanout=1)        0.688   tfm_inst/divfpce144
    SLICE_X62Y76.X       Tif5x                 1.152   divfpce
                                                       tfm_inst/divfpond170_F
                                                       tfm_inst/divfpond170
    SLICE_X0Y44.CE       net (fanout=795)      9.462   divfpce
    SLICE_X0Y44.CLK      Tceck                 0.555   inst_divfp/sig000007b4
                                                       inst_divfp/blk00000042
    -------------------------------------------------  ---------------------------
    Total                                     18.237ns (4.461ns logic, 13.776ns route)
                                                       (24.5% logic, 75.5% route)

--------------------------------------------------------------------------------
Slack (setup path):     2.133ns (requirement - (data path - clock path skew + uncertainty))
  Source:               tfm_inst/CalculateAlphaCP_mux (FF)
  Destination:          inst_divfp/blk00000042 (FF)
  Requirement:          20.000ns
  Data Path Delay:      17.867ns (Levels of Logic = 3)
  Clock Path Skew:      0.000ns
  Source Clock:         i_clock_BUFGP rising at 0.000ns
  Destination Clock:    i_clock_BUFGP rising at 20.000ns
  Clock Uncertainty:    0.000ns

  Maximum Data Path: tfm_inst/CalculateAlphaCP_mux to inst_divfp/blk00000042
    Location             Delay type         Delay(ns)  Physical Resource
                                                       Logical Resource(s)
    -------------------------------------------------  -------------------
    SLICE_X71Y84.YQ      Tcko                  0.587   tfm_inst/inst_CalculateVdd/divfpb<27>
                                                       tfm_inst/CalculateAlphaCP_mux
    SLICE_X64Y66.F1      net (fanout=325)      2.733   tfm_inst/CalculateAlphaCP_mux
    SLICE_X64Y66.X       Tilo                  0.759   tfm_inst/divfpce17
                                                       tfm_inst/divfpond17
    SLICE_X61Y74.F2      net (fanout=1)        1.227   tfm_inst/divfpond17/O
    SLICE_X61Y74.X       Tilo                  0.704   tfm_inst/divfpce144
                                                       tfm_inst/divfpond144
    SLICE_X62Y76.G1      net (fanout=1)        0.688   tfm_inst/divfpce144
    SLICE_X62Y76.X       Tif5x                 1.152   divfpce
                                                       tfm_inst/divfpond170_F
                                                       tfm_inst/divfpond170
    SLICE_X0Y44.CE       net (fanout=795)      9.462   divfpce
    SLICE_X0Y44.CLK      Tceck                 0.555   inst_divfp/sig000007b4
                                                       inst_divfp/blk00000042
    -------------------------------------------------  ---------------------------
    Total                                     17.867ns (3.757ns logic, 14.110ns route)
                                                       (21.0% logic, 79.0% route)

--------------------------------------------------------------------------------

Paths for end point inst_divfp/blk00000018 (SLICE_X0Y44.CE), 40 paths
--------------------------------------------------------------------------------
Slack (setup path):     1.693ns (requirement - (data path - clock path skew + uncertainty))
  Source:               tfm_inst/ExtractAlphaParameters_mux (FF)
  Destination:          inst_divfp/blk00000018 (FF)
  Requirement:          20.000ns
  Data Path Delay:      18.307ns (Levels of Logic = 4)
  Clock Path Skew:      0.000ns
  Source Clock:         i_clock_BUFGP rising at 0.000ns
  Destination Clock:    i_clock_BUFGP rising at 20.000ns
  Clock Uncertainty:    0.000ns

  Maximum Data Path: tfm_inst/ExtractAlphaParameters_mux to inst_divfp/blk00000018
    Location             Delay type         Delay(ns)  Physical Resource
                                                       Logical Resource(s)
    -------------------------------------------------  -------------------
    SLICE_X74Y89.YQ      Tcko                  0.652   tfm_inst/ExtractAlphaParameters_mux
                                                       tfm_inst/ExtractAlphaParameters_mux
    SLICE_X64Y71.F4      net (fanout=428)      2.076   tfm_inst/ExtractAlphaParameters_mux
    SLICE_X64Y71.X       Tilo                  0.759   tfm_inst/inst_CalculateVirCompensated/mulfpb_internal<25>
                                                       tfm_inst/divfpond17_SW0
    SLICE_X64Y66.F3      net (fanout=1)        0.273   N3454
    SLICE_X64Y66.X       Tilo                  0.759   tfm_inst/divfpce17
                                                       tfm_inst/divfpond17
    SLICE_X61Y74.F2      net (fanout=1)        1.227   tfm_inst/divfpond17/O
    SLICE_X61Y74.X       Tilo                  0.704   tfm_inst/divfpce144
                                                       tfm_inst/divfpond144
    SLICE_X62Y76.G1      net (fanout=1)        0.688   tfm_inst/divfpce144
    SLICE_X62Y76.X       Tif5x                 1.152   divfpce
                                                       tfm_inst/divfpond170_F
                                                       tfm_inst/divfpond170
    SLICE_X0Y44.CE       net (fanout=795)      9.462   divfpce
    SLICE_X0Y44.CLK      Tceck                 0.555   inst_divfp/sig000007b4
                                                       inst_divfp/blk00000018
    -------------------------------------------------  ---------------------------
    Total                                     18.307ns (4.581ns logic, 13.726ns route)
                                                       (25.0% logic, 75.0% route)

--------------------------------------------------------------------------------
Slack (setup path):     1.763ns (requirement - (data path - clock path skew + uncertainty))
  Source:               tfm_inst/inst_CalculatePixOS/ExtractKtaParameters_mux (FF)
  Destination:          inst_divfp/blk00000018 (FF)
  Requirement:          20.000ns
  Data Path Delay:      18.237ns (Levels of Logic = 4)
  Clock Path Skew:      0.000ns
  Source Clock:         i_clock_BUFGP rising at 0.000ns
  Destination Clock:    i_clock_BUFGP rising at 20.000ns
  Clock Uncertainty:    0.000ns

  Maximum Data Path: tfm_inst/inst_CalculatePixOS/ExtractKtaParameters_mux to inst_divfp/blk00000018
    Location             Delay type         Delay(ns)  Physical Resource
                                                       Logical Resource(s)
    -------------------------------------------------  -------------------
    SLICE_X29Y77.YQ      Tcko                  0.587   tfm_inst/inst_CalculatePixOS/ExtractKtaParameters_mux
                                                       tfm_inst/inst_CalculatePixOS/ExtractKtaParameters_mux
    SLICE_X58Y80.F4      net (fanout=362)      2.656   tfm_inst/inst_CalculatePixOS/ExtractKtaParameters_mux
    SLICE_X58Y80.X       Tilo                  0.759   tfm_inst/divfpce18
                                                       tfm_inst/divfpond18
    SLICE_X61Y74.G3      net (fanout=1)        0.947   tfm_inst/divfpce18
    SLICE_X61Y74.Y       Tilo                  0.704   tfm_inst/divfpce144
                                                       tfm_inst/divfpond75
    SLICE_X61Y74.F3      net (fanout=1)        0.023   tfm_inst/divfpce75
    SLICE_X61Y74.X       Tilo                  0.704   tfm_inst/divfpce144
                                                       tfm_inst/divfpond144
    SLICE_X62Y76.G1      net (fanout=1)        0.688   tfm_inst/divfpce144
    SLICE_X62Y76.X       Tif5x                 1.152   divfpce
                                                       tfm_inst/divfpond170_F
                                                       tfm_inst/divfpond170
    SLICE_X0Y44.CE       net (fanout=795)      9.462   divfpce
    SLICE_X0Y44.CLK      Tceck                 0.555   inst_divfp/sig000007b4
                                                       inst_divfp/blk00000018
    -------------------------------------------------  ---------------------------
    Total                                     18.237ns (4.461ns logic, 13.776ns route)
                                                       (24.5% logic, 75.5% route)

--------------------------------------------------------------------------------
Slack (setup path):     2.133ns (requirement - (data path - clock path skew + uncertainty))
  Source:               tfm_inst/CalculateAlphaCP_mux (FF)
  Destination:          inst_divfp/blk00000018 (FF)
  Requirement:          20.000ns
  Data Path Delay:      17.867ns (Levels of Logic = 3)
  Clock Path Skew:      0.000ns
  Source Clock:         i_clock_BUFGP rising at 0.000ns
  Destination Clock:    i_clock_BUFGP rising at 20.000ns
  Clock Uncertainty:    0.000ns

  Maximum Data Path: tfm_inst/CalculateAlphaCP_mux to inst_divfp/blk00000018
    Location             Delay type         Delay(ns)  Physical Resource
                                                       Logical Resource(s)
    -------------------------------------------------  -------------------
    SLICE_X71Y84.YQ      Tcko                  0.587   tfm_inst/inst_CalculateVdd/divfpb<27>
                                                       tfm_inst/CalculateAlphaCP_mux
    SLICE_X64Y66.F1      net (fanout=325)      2.733   tfm_inst/CalculateAlphaCP_mux
    SLICE_X64Y66.X       Tilo                  0.759   tfm_inst/divfpce17
                                                       tfm_inst/divfpond17
    SLICE_X61Y74.F2      net (fanout=1)        1.227   tfm_inst/divfpond17/O
    SLICE_X61Y74.X       Tilo                  0.704   tfm_inst/divfpce144
                                                       tfm_inst/divfpond144
    SLICE_X62Y76.G1      net (fanout=1)        0.688   tfm_inst/divfpce144
    SLICE_X62Y76.X       Tif5x                 1.152   divfpce
                                                       tfm_inst/divfpond170_F
                                                       tfm_inst/divfpond170
    SLICE_X0Y44.CE       net (fanout=795)      9.462   divfpce
    SLICE_X0Y44.CLK      Tceck                 0.555   inst_divfp/sig000007b4
                                                       inst_divfp/blk00000018
    -------------------------------------------------  ---------------------------
    Total                                     17.867ns (3.757ns logic, 14.110ns route)
                                                       (21.0% logic, 79.0% route)

--------------------------------------------------------------------------------

Paths for end point inst_divfp/blk00000051 (SLICE_X0Y45.CE), 40 paths
--------------------------------------------------------------------------------
Slack (setup path):     1.693ns (requirement - (data path - clock path skew + uncertainty))
  Source:               tfm_inst/ExtractAlphaParameters_mux (FF)
  Destination:          inst_divfp/blk00000051 (FF)
  Requirement:          20.000ns
  Data Path Delay:      18.307ns (Levels of Logic = 4)
  Clock Path Skew:      0.000ns
  Source Clock:         i_clock_BUFGP rising at 0.000ns
  Destination Clock:    i_clock_BUFGP rising at 20.000ns
  Clock Uncertainty:    0.000ns

  Maximum Data Path: tfm_inst/ExtractAlphaParameters_mux to inst_divfp/blk00000051
    Location             Delay type         Delay(ns)  Physical Resource
                                                       Logical Resource(s)
    -------------------------------------------------  -------------------
    SLICE_X74Y89.YQ      Tcko                  0.652   tfm_inst/ExtractAlphaParameters_mux
                                                       tfm_inst/ExtractAlphaParameters_mux
    SLICE_X64Y71.F4      net (fanout=428)      2.076   tfm_inst/ExtractAlphaParameters_mux
    SLICE_X64Y71.X       Tilo                  0.759   tfm_inst/inst_CalculateVirCompensated/mulfpb_internal<25>
                                                       tfm_inst/divfpond17_SW0
    SLICE_X64Y66.F3      net (fanout=1)        0.273   N3454
    SLICE_X64Y66.X       Tilo                  0.759   tfm_inst/divfpce17
                                                       tfm_inst/divfpond17
    SLICE_X61Y74.F2      net (fanout=1)        1.227   tfm_inst/divfpond17/O
    SLICE_X61Y74.X       Tilo                  0.704   tfm_inst/divfpce144
                                                       tfm_inst/divfpond144
    SLICE_X62Y76.G1      net (fanout=1)        0.688   tfm_inst/divfpce144
    SLICE_X62Y76.X       Tif5x                 1.152   divfpce
                                                       tfm_inst/divfpond170_F
                                                       tfm_inst/divfpond170
    SLICE_X0Y45.CE       net (fanout=795)      9.462   divfpce
    SLICE_X0Y45.CLK      Tceck                 0.555   inst_divfp/sig0000072d
                                                       inst_divfp/blk00000051
    -------------------------------------------------  ---------------------------
    Total                                     18.307ns (4.581ns logic, 13.726ns route)
                                                       (25.0% logic, 75.0% route)

--------------------------------------------------------------------------------
Slack (setup path):     1.763ns (requirement - (data path - clock path skew + uncertainty))
  Source:               tfm_inst/inst_CalculatePixOS/ExtractKtaParameters_mux (FF)
  Destination:          inst_divfp/blk00000051 (FF)
  Requirement:          20.000ns
  Data Path Delay:      18.237ns (Levels of Logic = 4)
  Clock Path Skew:      0.000ns
  Source Clock:         i_clock_BUFGP rising at 0.000ns
  Destination Clock:    i_clock_BUFGP rising at 20.000ns
  Clock Uncertainty:    0.000ns

  Maximum Data Path: tfm_inst/inst_CalculatePixOS/ExtractKtaParameters_mux to inst_divfp/blk00000051
    Location             Delay type         Delay(ns)  Physical Resource
                                                       Logical Resource(s)
    -------------------------------------------------  -------------------
    SLICE_X29Y77.YQ      Tcko                  0.587   tfm_inst/inst_CalculatePixOS/ExtractKtaParameters_mux
                                                       tfm_inst/inst_CalculatePixOS/ExtractKtaParameters_mux
    SLICE_X58Y80.F4      net (fanout=362)      2.656   tfm_inst/inst_CalculatePixOS/ExtractKtaParameters_mux
    SLICE_X58Y80.X       Tilo                  0.759   tfm_inst/divfpce18
                                                       tfm_inst/divfpond18
    SLICE_X61Y74.G3      net (fanout=1)        0.947   tfm_inst/divfpce18
    SLICE_X61Y74.Y       Tilo                  0.704   tfm_inst/divfpce144
                                                       tfm_inst/divfpond75
    SLICE_X61Y74.F3      net (fanout=1)        0.023   tfm_inst/divfpce75
    SLICE_X61Y74.X       Tilo                  0.704   tfm_inst/divfpce144
                                                       tfm_inst/divfpond144
    SLICE_X62Y76.G1      net (fanout=1)        0.688   tfm_inst/divfpce144
    SLICE_X62Y76.X       Tif5x                 1.152   divfpce
                                                       tfm_inst/divfpond170_F
                                                       tfm_inst/divfpond170
    SLICE_X0Y45.CE       net (fanout=795)      9.462   divfpce
    SLICE_X0Y45.CLK      Tceck                 0.555   inst_divfp/sig0000072d
                                                       inst_divfp/blk00000051
    -------------------------------------------------  ---------------------------
    Total                                     18.237ns (4.461ns logic, 13.776ns route)
                                                       (24.5% logic, 75.5% route)

--------------------------------------------------------------------------------
Slack (setup path):     2.133ns (requirement - (data path - clock path skew + uncertainty))
  Source:               tfm_inst/CalculateAlphaCP_mux (FF)
  Destination:          inst_divfp/blk00000051 (FF)
  Requirement:          20.000ns
  Data Path Delay:      17.867ns (Levels of Logic = 3)
  Clock Path Skew:      0.000ns
  Source Clock:         i_clock_BUFGP rising at 0.000ns
  Destination Clock:    i_clock_BUFGP rising at 20.000ns
  Clock Uncertainty:    0.000ns

  Maximum Data Path: tfm_inst/CalculateAlphaCP_mux to inst_divfp/blk00000051
    Location             Delay type         Delay(ns)  Physical Resource
                                                       Logical Resource(s)
    -------------------------------------------------  -------------------
    SLICE_X71Y84.YQ      Tcko                  0.587   tfm_inst/inst_CalculateVdd/divfpb<27>
                                                       tfm_inst/CalculateAlphaCP_mux
    SLICE_X64Y66.F1      net (fanout=325)      2.733   tfm_inst/CalculateAlphaCP_mux
    SLICE_X64Y66.X       Tilo                  0.759   tfm_inst/divfpce17
                                                       tfm_inst/divfpond17
    SLICE_X61Y74.F2      net (fanout=1)        1.227   tfm_inst/divfpond17/O
    SLICE_X61Y74.X       Tilo                  0.704   tfm_inst/divfpce144
                                                       tfm_inst/divfpond144
    SLICE_X62Y76.G1      net (fanout=1)        0.688   tfm_inst/divfpce144
    SLICE_X62Y76.X       Tif5x                 1.152   divfpce
                                                       tfm_inst/divfpond170_F
                                                       tfm_inst/divfpond170
    SLICE_X0Y45.CE       net (fanout=795)      9.462   divfpce
    SLICE_X0Y45.CLK      Tceck                 0.555   inst_divfp/sig0000072d
                                                       inst_divfp/blk00000051
    -------------------------------------------------  ---------------------------
    Total                                     17.867ns (3.757ns logic, 14.110ns route)
                                                       (21.0% logic, 79.0% route)

--------------------------------------------------------------------------------

Hold Paths: NET "i_clock_BUFGP/IBUFG" PERIOD = 20 ns HIGH 50%;
--------------------------------------------------------------------------------

Paths for end point tfm_inst/inst_CalculatePixOS/inst_CalculatePixGain/inst_mem_KGain/RAMB16_S36_inst2.A (RAMB16_X0Y4.DIA13), 1 path
--------------------------------------------------------------------------------
Slack (hold path):      0.616ns (requirement - (clock path skew + uncertainty - data path))
  Source:               tfm_inst/inst_CalculatePixOS/inst_CalculatePixGain/dia_13 (FF)
  Destination:          tfm_inst/inst_CalculatePixOS/inst_CalculatePixGain/inst_mem_KGain/RAMB16_S36_inst2.A (RAM)
  Requirement:          0.000ns
  Data Path Delay:      0.616ns (Levels of Logic = 0)
  Clock Path Skew:      0.000ns
  Source Clock:         i_clock_BUFGP rising at 20.000ns
  Destination Clock:    i_clock_BUFGP rising at 20.000ns
  Clock Uncertainty:    0.000ns

  Minimum Data Path: tfm_inst/inst_CalculatePixOS/inst_CalculatePixGain/dia_13 to tfm_inst/inst_CalculatePixOS/inst_CalculatePixGain/inst_mem_KGain/RAMB16_S36_inst2.A
    Location             Delay type         Delay(ns)  Physical Resource
                                                       Logical Resource(s)
    -------------------------------------------------  -------------------
    SLICE_X2Y40.XQ       Tcko                  0.474   tfm_inst/inst_CalculatePixOS/inst_CalculatePixGain/dia<13>
                                                       tfm_inst/inst_CalculatePixOS/inst_CalculatePixGain/dia_13
    RAMB16_X0Y4.DIA13    net (fanout=2)        0.268   tfm_inst/inst_CalculatePixOS/inst_CalculatePixGain/dia<13>
    RAMB16_X0Y4.CLKA     Tbckd       (-Th)     0.126   tfm_inst/inst_CalculatePixOS/inst_CalculatePixGain/inst_mem_KGain/RAMB16_S36_inst2
                                                       tfm_inst/inst_CalculatePixOS/inst_CalculatePixGain/inst_mem_KGain/RAMB16_S36_inst2.A
    -------------------------------------------------  ---------------------------
    Total                                      0.616ns (0.348ns logic, 0.268ns route)
                                                       (56.5% logic, 43.5% route)

--------------------------------------------------------------------------------

Paths for end point tfm_inst/inst_CalculatePixOS/inst_ExtractKvParameters/inst_mem_kv/RAMB16_S36_inst1.A (RAMB16_X0Y8.DIA9), 1 path
--------------------------------------------------------------------------------
Slack (hold path):      0.619ns (requirement - (clock path skew + uncertainty - data path))
  Source:               tfm_inst/inst_CalculatePixOS/inst_ExtractKvParameters/dia_9 (FF)
  Destination:          tfm_inst/inst_CalculatePixOS/inst_ExtractKvParameters/inst_mem_kv/RAMB16_S36_inst1.A (RAM)
  Requirement:          0.000ns
  Data Path Delay:      0.615ns (Levels of Logic = 0)
  Clock Path Skew:      -0.004ns (0.128 - 0.132)
  Source Clock:         i_clock_BUFGP rising at 20.000ns
  Destination Clock:    i_clock_BUFGP rising at 20.000ns
  Clock Uncertainty:    0.000ns

  Minimum Data Path: tfm_inst/inst_CalculatePixOS/inst_ExtractKvParameters/dia_9 to tfm_inst/inst_CalculatePixOS/inst_ExtractKvParameters/inst_mem_kv/RAMB16_S36_inst1.A
    Location             Delay type         Delay(ns)  Physical Resource
                                                       Logical Resource(s)
    -------------------------------------------------  -------------------
    SLICE_X3Y71.XQ       Tcko                  0.473   tfm_inst/inst_CalculatePixOS/inst_ExtractKvParameters/dia<9>
                                                       tfm_inst/inst_CalculatePixOS/inst_ExtractKvParameters/dia_9
    RAMB16_X0Y8.DIA9     net (fanout=2)        0.268   tfm_inst/inst_CalculatePixOS/inst_ExtractKvParameters/dia<9>
    RAMB16_X0Y8.CLKA     Tbckd       (-Th)     0.126   tfm_inst/inst_CalculatePixOS/inst_ExtractKvParameters/inst_mem_kv/RAMB16_S36_inst1
                                                       tfm_inst/inst_CalculatePixOS/inst_ExtractKvParameters/inst_mem_kv/RAMB16_S36_inst1.A
    -------------------------------------------------  ---------------------------
    Total                                      0.615ns (0.347ns logic, 0.268ns route)
                                                       (56.4% logic, 43.6% route)

--------------------------------------------------------------------------------

Paths for end point tfm_inst/inst_CalculatePixOS/inst_ExtractKvParameters/inst_mem_kv/RAMB16_S36_inst1.A (RAMB16_X0Y8.DIA3), 1 path
--------------------------------------------------------------------------------
Slack (hold path):      0.620ns (requirement - (clock path skew + uncertainty - data path))
  Source:               tfm_inst/inst_CalculatePixOS/inst_ExtractKvParameters/dia_3 (FF)
  Destination:          tfm_inst/inst_CalculatePixOS/inst_ExtractKvParameters/inst_mem_kv/RAMB16_S36_inst1.A (RAM)
  Requirement:          0.000ns
  Data Path Delay:      0.612ns (Levels of Logic = 0)
  Clock Path Skew:      -0.008ns (0.128 - 0.136)
  Source Clock:         i_clock_BUFGP rising at 20.000ns
  Destination Clock:    i_clock_BUFGP rising at 20.000ns
  Clock Uncertainty:    0.000ns

  Minimum Data Path: tfm_inst/inst_CalculatePixOS/inst_ExtractKvParameters/dia_3 to tfm_inst/inst_CalculatePixOS/inst_ExtractKvParameters/inst_mem_kv/RAMB16_S36_inst1.A
    Location             Delay type         Delay(ns)  Physical Resource
                                                       Logical Resource(s)
    -------------------------------------------------  -------------------
    SLICE_X3Y68.YQ       Tcko                  0.470   tfm_inst/inst_CalculatePixOS/inst_ExtractKvParameters/dia<1>
                                                       tfm_inst/inst_CalculatePixOS/inst_ExtractKvParameters/dia_3
    RAMB16_X0Y8.DIA3     net (fanout=2)        0.268   tfm_inst/inst_CalculatePixOS/inst_ExtractKvParameters/dia<3>
    RAMB16_X0Y8.CLKA     Tbckd       (-Th)     0.126   tfm_inst/inst_CalculatePixOS/inst_ExtractKvParameters/inst_mem_kv/RAMB16_S36_inst1
                                                       tfm_inst/inst_CalculatePixOS/inst_ExtractKvParameters/inst_mem_kv/RAMB16_S36_inst1.A
    -------------------------------------------------  ---------------------------
    Total                                      0.612ns (0.344ns logic, 0.268ns route)
                                                       (56.2% logic, 43.8% route)

--------------------------------------------------------------------------------

Component Switching Limit Checks: NET "i_clock_BUFGP/IBUFG" PERIOD = 20 ns HIGH 50%;
--------------------------------------------------------------------------------
Slack: 16.824ns (period - (min low pulse limit / (low pulse / period)))
  Period: 20.000ns
  Low pulse: 10.000ns
  Low pulse limit: 1.588ns (Tbpwl)
  Physical resource: tfm_inst/inst_CalculateVirCompensated/inst_mem_vir_compensated/RAMB16_S36_inst1/CLKA
  Logical resource: tfm_inst/inst_CalculateVirCompensated/inst_mem_vir_compensated/RAMB16_S36_inst1.A/CLKA
  Location pin: RAMB16_X1Y2.CLKA
  Clock network: i_clock_BUFGP
--------------------------------------------------------------------------------
Slack: 16.824ns (period - (min high pulse limit / (high pulse / period)))
  Period: 20.000ns
  High pulse: 10.000ns
  High pulse limit: 1.588ns (Tbpwh)
  Physical resource: tfm_inst/inst_CalculateVirCompensated/inst_mem_vir_compensated/RAMB16_S36_inst1/CLKA
  Logical resource: tfm_inst/inst_CalculateVirCompensated/inst_mem_vir_compensated/RAMB16_S36_inst1.A/CLKA
  Location pin: RAMB16_X1Y2.CLKA
  Clock network: i_clock_BUFGP
--------------------------------------------------------------------------------
Slack: 16.824ns (period - min period limit)
  Period: 20.000ns
  Min period limit: 3.176ns (314.861MHz) (Tbp)
  Physical resource: tfm_inst/inst_CalculateVirCompensated/inst_mem_vir_compensated/RAMB16_S36_inst1/CLKA
  Logical resource: tfm_inst/inst_CalculateVirCompensated/inst_mem_vir_compensated/RAMB16_S36_inst1.A/CLKA
  Location pin: RAMB16_X1Y2.CLKA
  Clock network: i_clock_BUFGP
--------------------------------------------------------------------------------


All constraints were met.


Data Sheet report:
-----------------
All values displayed in nanoseconds (ns)

Clock to Setup on destination clock i_clock
---------------+---------+---------+---------+---------+
               | Src:Rise| Src:Fall| Src:Rise| Src:Fall|
Source Clock   |Dest:Rise|Dest:Rise|Dest:Fall|Dest:Fall|
---------------+---------+---------+---------+---------+
i_clock        |   18.307|         |         |         |
---------------+---------+---------+---------+---------+


Timing summary:
---------------

Timing errors: 0  Score: 0  (Setup/Max: 0, Hold: 0)

Constraints cover 411408 paths, 0 nets, and 58146 connections

Design statistics:
   Minimum period:  18.307ns{1}   (Maximum frequency:  54.624MHz)


------------------------------------Footnotes-----------------------------------
1)  The minimum period statistic assumes all single cycle delays.

Analysis completed Wed Nov 19 16:38:42 2025 
--------------------------------------------------------------------------------

Trace Settings:
-------------------------
Trace Settings 

Peak Memory Usage: 550 MB



