WARNING:coreutil:995 - User repository directory path
   '/home/user/workspace/melexis_mlx90641/ipcore_dir/' does not exist.
WARNING:coreutil:882 - Repository directory
   '/home/user/workspace/melexis_mlx90641/ipcore_dir/' does not match index file
   entry ''.
Welcome to Xilinx CORE Generator.
Help system initialized.
The IP Catalog has been reloaded.
Opening project file
/home/user/_WORKSPACE_/kedziorno/mlx90640_fpga/ipcore_dir/coregen.cgp.
Recustomize and Generate (Under Original Project Settings)INFO:sim:172 - Generating IP...
ERROR:sim - min_area_algorithm: For the configured RAM size, the number of block
ERROR:sim -    RAMs used exceeds the maximum number of 18KB block RAMs in the
   chosen
ERROR:sim -    architecture
ERROR:sim - min_area_algorithm: For the configured RAM size, the number of block
ERROR:sim -    RAMs used exceeds the maximum number of 18KB block RAMs in the
   chosen
ERROR:sim -    architecture
ERROR:sim - min_area_algorithm: For the configured RAM size, the number of block
ERROR:sim -    RAMs used exceeds the maximum number of 18KB block RAMs in the
   chosen
ERROR:sim -    architecture
ERROR:sim - Improperly formatted COE file
ERROR:sim -    /home/user/_WORKSPACE_/kedziorno/mlx90640_fpga/new_data1.coe.
   Parameter
ERROR:sim -    assignments should be separated by a ";" character.
ERROR:sim -     Found an illegal assignment on line 1.
ERROR:sim - min_area_algorithm: For the configured RAM size, the number of block
ERROR:sim -    RAMs used exceeds the maximum number of 18KB block RAMs in the
   chosen
ERROR:sim -    architecture
ERROR:sim - min_area_algorithm: For the configured RAM size, the number of block
ERROR:sim -    RAMs used exceeds the maximum number of 18KB block RAMs in the
   chosen
ERROR:sim -    architecture
ERROR:sim - min_area_algorithm: For the configured RAM size, the number of block
ERROR:sim -    RAMs used exceeds the maximum number of 18KB block RAMs in the
   chosen
ERROR:sim -    architecture
ERROR:sim - Improperly formatted COE file
ERROR:sim -    /home/user/_WORKSPACE_/kedziorno/mlx90640_fpga/new_data1.coe.
   Parameter
ERROR:sim -    assignments should be separated by a ";" character.
ERROR:sim -     Found an illegal assignment on line 1.
ERROR:sim - User configuration exceeds BRAM count in the selected deviceERROR:ip
   - min_area_algorithm: For the configured RAM size, the number of block
ERROR:sim -    RAMs used exceeds the maximum number of 18KB block RAMs in the
   chosen
ERROR:sim -    architecture
ERROR:sim - min_area_algorithm: For the configured RAM size, the number of block
ERROR:sim -    RAMs used exceeds the maximum number of 18KB block RAMs in the
   chosen
ERROR:sim -    architecture
ERROR:sim - min_area_algorithm: For the configured RAM size, the number of block
ERROR:sim -    RAMs used exceeds the maximum number of 18KB block RAMs in the
   chosen
ERROR:sim -    architecture
ERROR:sim - min_area_algorithm: For the configured RAM size, the number of block
ERROR:sim -    RAMs used exceeds the maximum number of 18KB block RAMs in the
   chosen
ERROR:sim -    architecture
ERROR:sim - min_area_algorithm: For the configured RAM size, the number of block
ERROR:sim -    RAMs used exceeds the maximum number of 18KB block RAMs in the
   chosen
ERROR:sim -    architecture
ERROR:sim - min_area_algorithm: For the configured RAM size, the number of block
ERROR:sim -    RAMs used exceeds the maximum number of 18KB block RAMs in the
   chosen
ERROR:sim -    architecture
ERROR:sim - min_area_algorithm: For the configured RAM size, the number of block
ERROR:sim -    RAMs used exceeds the maximum number of 18KB block RAMs in the
   chosen
ERROR:sim -    architecture
ERROR:sim - min_area_algorithm: For the configured RAM size, the number of block
ERROR:sim -    RAMs used exceeds the maximum number of 18KB block RAMs in the
   chosen
ERROR:sim -    architecture
ERROR:sim - User configuration exceeds BRAM count in the selected device
WARNING:sim - A core named 'mem_i2c_stream' already exists in the project.
   Output products for this core may be overwritten.
Resolving generics for 'mem_i2c_stream'...
WARNING:sim - A core named 'mem_i2c_stream' already exists in the project.
   Output products for this core may be overwritten.
Applying external generics to 'mem_i2c_stream'...
Delivering associated files for 'mem_i2c_stream'...
Delivering EJava files for 'mem_i2c_stream'...
Generating implementation netlist for 'mem_i2c_stream'...
INFO:sim - Pre-processing HDL files for 'mem_i2c_stream'...
Running synthesis for 'mem_i2c_stream'
Running ngcbuild...
Writing VHO instantiation template for 'mem_i2c_stream'...
Writing VHDL behavioral simulation model for 'mem_i2c_stream'...
WARNING:sim - Overwriting existing file
   /home/user/_WORKSPACE_/kedziorno/mlx90640_fpga/ipcore_dir/tmp/_cg/mem_i2c_str
   eam/doc/blk_mem_gen_v7_3_vinfo.html with file from view xilinx_documentation
Delivered 1 file into directory
/home/user/_WORKSPACE_/kedziorno/mlx90640_fpga/ipcore_dir/tmp/_cg/mem_i2c_stream
Generating ASY schematic symbol...
INFO:sim:949 - Finished generation of ASY schematic symbol.
Generating metadata file...
Regenerating ISE project file for 'mem_i2c_stream'...
Generating ISE project...
XCO file found: mem_i2c_stream.xco
XMDF file found: mem_i2c_stream_xmdf.tcl
Adding
/home/user/_WORKSPACE_/kedziorno/mlx90640_fpga/ipcore_dir/tmp/_cg/mem_i2c_stream
.asy -view all -origin_type imported
Adding
/home/user/_WORKSPACE_/kedziorno/mlx90640_fpga/ipcore_dir/tmp/_cg/mem_i2c_stream
.ngc -view all -origin_type created
Checking file
"/home/user/_WORKSPACE_/kedziorno/mlx90640_fpga/ipcore_dir/tmp/_cg/mem_i2c_strea
m.ngc" for project device match ...
File
"/home/user/_WORKSPACE_/kedziorno/mlx90640_fpga/ipcore_dir/tmp/_cg/mem_i2c_strea
m.ngc" device information matches project device.
Adding
/home/user/_WORKSPACE_/kedziorno/mlx90640_fpga/ipcore_dir/tmp/_cg/mem_i2c_stream
.vhd -view all -origin_type created
INFO:HDLCompiler:1061 - Parsing VHDL file
   "/home/user/_WORKSPACE_/kedziorno/mlx90640_fpga/ipcore_dir/tmp/_cg/mem_i2c_st
   ream.vhd" into library work
INFO:ProjectMgmt - Parsing design hierarchy completed successfully.
Adding
/home/user/_WORKSPACE_/kedziorno/mlx90640_fpga/ipcore_dir/tmp/_cg/mem_i2c_stream
.vho -view all -origin_type imported
INFO:TclTasksC:2116 - The automatic calculation of top has been turned-off.
   Please set the new top explicitly by running the "project set top" command.
   To re-calculate the new top automatically, set the "Auto Implementation Top"
   property to true.
Top level has been set to "/mem_i2c_stream"
Generating README file...
Generating FLIST file...
INFO:sim:948 - Finished FLIST file generation.
Launching README viewer...
Moving files to output directory...
Finished moving files to output directory
Saved CGP file for project 'coregen'.
Closed project file.
