Release 14.7 - xst P.20131013 (lin64)
Copyright (c) 1995-2013 Xilinx, Inc.  All rights reserved.
--> 
Parameter TMPDIR set to xst/projnav.tmp


Total REAL time to Xst completion: 0.00 secs
Total CPU time to Xst completion: 0.03 secs
 
--> 
Parameter xsthdpdir set to xst


Total REAL time to Xst completion: 0.00 secs
Total CPU time to Xst completion: 0.03 secs
 
--> 
Reading design: melexis_mlx90640_i2c.prj

TABLE OF CONTENTS
  1) Synthesis Options Summary
  2) HDL Compilation
  3) Design Hierarchy Analysis
  4) HDL Analysis
  5) HDL Synthesis
     5.1) HDL Synthesis Report
  6) Advanced HDL Synthesis
     6.1) Advanced HDL Synthesis Report
  7) Low Level Synthesis
  8) Partition Report
  9) Final Report
	9.1) Device utilization summary
	9.2) Partition Resource Summary
	9.3) TIMING REPORT


=========================================================================
*                      Synthesis Options Summary                        *
=========================================================================
---- Source Parameters
Input File Name                    : "melexis_mlx90640_i2c.prj"
Input Format                       : mixed
Ignore Synthesis Constraint File   : NO

---- Target Parameters
Output File Name                   : "melexis_mlx90640_i2c"
Output Format                      : NGC
Target Device                      : xc3s1200e-4-fg320

---- Source Options
Top Module Name                    : melexis_mlx90640_i2c
Automatic FSM Extraction           : YES
FSM Encoding Algorithm             : Auto
Safe Implementation                : No
FSM Style                          : LUT
RAM Extraction                     : Yes
RAM Style                          : Auto
ROM Extraction                     : Yes
Mux Style                          : Auto
Decoder Extraction                 : YES
Priority Encoder Extraction        : Yes
Shift Register Extraction          : YES
Logical Shifter Extraction         : YES
XOR Collapsing                     : YES
ROM Style                          : Auto
Mux Extraction                     : Yes
Resource Sharing                   : YES
Asynchronous To Synchronous        : NO
Multiplier Style                   : Auto
Automatic Register Balancing       : No

---- Target Options
Add IO Buffers                     : YES
Global Maximum Fanout              : 100000
Add Generic Clock Buffer(BUFG)     : 24
Register Duplication               : YES
Slice Packing                      : YES
Optimize Instantiated Primitives   : NO
Use Clock Enable                   : Yes
Use Synchronous Set                : Yes
Use Synchronous Reset              : Yes
Pack IO Registers into IOBs        : Auto
Equivalent register Removal        : YES

---- General Options
Optimization Goal                  : Speed
Optimization Effort                : 1
Keep Hierarchy                     : No
Netlist Hierarchy                  : As_Optimized
RTL Output                         : Yes
Global Optimization                : AllClockNets
Read Cores                         : YES
Write Timing Constraints           : NO
Cross Clock Analysis               : NO
Hierarchy Separator                : /
Bus Delimiter                      : <>
Case Specifier                     : Maintain
Slice Utilization Ratio            : 100
BRAM Utilization Ratio             : 100
Verilog 2001                       : YES
Auto BRAM Packing                  : NO
Slice Utilization Ratio Delta      : 5

---- Other Options
Cores Search Directories           : {"../ipcore_dir"  }

=========================================================================


=========================================================================
*                          HDL Compilation                              *
=========================================================================
Compiling vhdl file "/home/user/_WORKSPACE_/kedziorno/mlx90640_fpga/global_package_syn.vhd" in Library work.
Architecture global_package_syn of Entity global_package_syn is up to date.
Compiling vhdl file "/home/user/_WORKSPACE_/kedziorno/mlx90640_fpga/ipcore_dir/tb_data_calculateTo.vhd" in Library work.
Architecture tb_data_calculateto_a of Entity tb_data_calculateto is up to date.
Compiling vhdl file "/home/user/_WORKSPACE_/kedziorno/mlx90640_fpga/melexis_mlx90640_i2c.vhd" in Library work.
Entity <melexis_mlx90640_i2c> compiled.
Entity <melexis_mlx90640_i2c> (Architecture <rtl>) compiled.

=========================================================================
*                     Design Hierarchy Analysis                         *
=========================================================================
Analyzing hierarchy for entity <melexis_mlx90640_i2c> in library <work> (architecture <rtl>) with generics.
	c_board_clock = 100000000
	c_bus_clock = 10


=========================================================================
*                            HDL Analysis                               *
=========================================================================
Analyzing generic Entity <melexis_mlx90640_i2c> in library <work> (Architecture <rtl>).
	c_board_clock = 100000000
	c_bus_clock = 10
Entity <melexis_mlx90640_i2c> analyzed. Unit <melexis_mlx90640_i2c> generated.


=========================================================================
*                           HDL Synthesis                               *
=========================================================================

Performing bidirectional port resolution...

Synthesizing Unit <melexis_mlx90640_i2c>.
    Related source file is "/home/user/_WORKSPACE_/kedziorno/mlx90640_fpga/melexis_mlx90640_i2c.vhd".
INFO:Xst:1799 - State mode2_read_slave_address_lastbit is never reached in FSM <c_state>.
INFO:Xst:1799 - State state1 is never reached in FSM <c_state>.
INFO:Xst:1799 - State mode2_read_data_nak is never reached in FSM <c_state>.
    Found finite state machine <FSM_0> for signal <c_state>.
    -----------------------------------------------------------------------
    | States             | 68                                             |
    | Transitions        | 137                                            |
    | Inputs             | 10                                             |
    | Outputs            | 135                                            |
    | Clock              | clock                     (rising_edge)        |
    | Reset              | i_reset                   (positive)           |
    | Reset type         | asynchronous                                   |
    | Reset State        | idle                                           |
    | Power Up State     | idle                                           |
    | Encoding           | automatic                                      |
    | Implementation     | LUT                                            |
    -----------------------------------------------------------------------
    Found finite state machine <FSM_1> for signal <c_cmode>.
    -----------------------------------------------------------------------
    | States             | 4                                              |
    | Transitions        | 7                                              |
    | Inputs             | 1                                              |
    | Outputs            | 5                                              |
    | Clock              | clock                     (rising_edge)        |
    | Clock enable       | c_cmode$not0000           (positive)           |
    | Reset              | i_reset                   (positive)           |
    | Reset type         | asynchronous                                   |
    | Reset State        | c0                                             |
    | Power Up State     | c0                                             |
    | Encoding           | automatic                                      |
    | Implementation     | LUT                                            |
    -----------------------------------------------------------------------
    Found 1-bit register for signal <o_busy>.
    Found 17-bit register for signal <bytes_to_recv_sr>.
    Found 1-bit register for signal <clock>.
    Found 21-bit up counter for signal <count>.
    Found 3-bit register for signal <data_index_ctr>.
    Found 3-bit adder for signal <data_index_ctr$share0000> created at line 216.
    Found 1-bit 7-to-1 multiplexer for signal <i_memory_address$mux0000> created at line 284.
    Found 1-bit 7-to-1 multiplexer for signal <i_memory_address$mux0001> created at line 313.
    Found 1-bit 7-to-1 multiplexer for signal <i_memory_data$mux0000> created at line 342.
    Found 1-bit 7-to-1 multiplexer for signal <i_memory_data$mux0001> created at line 370.
    Found 1-bit tristate buffer for signal <io_sda_ii>.
    Found 10-bit up counter for signal <mode2_read_data_index_ctr>.
    Found 1-bit register for signal <mode2_ready_all_i>.
    Found 1-bit register for signal <mode2_ready_i>.
    Found 1-bit register for signal <Mtridata_temp_sda> created at line 211.
    Found 1-bit register for signal <Mtrien_temp_sda> created at line 211.
    Found 3-bit register for signal <slave_index_ctr>.
    Found 3-bit subtractor for signal <slave_index_ctr$share0000> created at line 216.
    Found 1-bit register for signal <state<0>>.
    Found 1-bit tristate buffer for signal <temp_sda>.
    Summary:
	inferred   2 Finite State Machine(s).
	inferred   2 Counter(s).
	inferred  27 D-type flip-flop(s).
	inferred   2 Adder/Subtractor(s).
	inferred   4 Multiplexer(s).
	inferred   2 Tristate(s).
Unit <melexis_mlx90640_i2c> synthesized.

INFO:Xst:1767 - HDL ADVISOR - Resource sharing has identified that some arithmetic operations in this design can share the same physical resources for reduced device utilization. For improved clock frequency you may try to disable resource sharing.

=========================================================================
HDL Synthesis Report

Macro Statistics
# Adders/Subtractors                                   : 2
 3-bit adder                                           : 1
 3-bit subtractor                                      : 1
# Counters                                             : 2
 10-bit up counter                                     : 1
 21-bit up counter                                     : 1
# Registers                                            : 10
 1-bit register                                        : 7
 17-bit register                                       : 1
 3-bit register                                        : 2
# Multiplexers                                         : 4
 1-bit 7-to-1 multiplexer                              : 4
# Tristates                                            : 2
 1-bit tristate buffer                                 : 2

=========================================================================

=========================================================================
*                       Advanced HDL Synthesis                          *
=========================================================================

Analyzing FSM <FSM_1> for best encoding.
Optimizing FSM <c_cmode/FSM> on signal <c_cmode[1:2]> with gray encoding.
-------------------
 State | Encoding
-------------------
 c0    | 00
 c1    | 01
 c2    | 11
 c3    | 10
-------------------
Analyzing FSM <FSM_0> for best encoding.
Optimizing FSM <c_state/FSM> on signal <c_state[1:68]> with one-hot encoding.
-----------------------------------------------------------------------------------------------------------
 State                             | Encoding
-----------------------------------------------------------------------------------------------------------
 idle                              | 00000000000000000000000000000000000000000000000000000000000000000001
 start                             | 00000000000000000000000000000000000000000000000000000000000000000010
 sda_start                         | 00000000000000000000000000000000000000000000000000000000000000000100
 mode0_write_slave_address         | 00000000000000000000000000000000000000000000000000000000000000100000
 mode0_write_slave_address_lastbit | 00000000000000000000000000000000000000000000000000000000000001000000
 mode0_write_slave_write           | 00000000000000000000000000000000000000000000000000000000000010000000
 mode0_write_slave_ack             | 00000000000000000000000000000000000000000000000000000000000100000000
 mode0_write_data1                 | 00000000000000000000000000000000000000000000000000000000001000000000
 mode0_write_data_lastbit1         | 00000000000000000000000000000000000000000000000000000000010000000000
 mode0_write_data_ack1             | 00000000000000000000000000000000000000000000000000000000100000000000
 mode0_write_data2                 | 00000000000000000000000000000000000000000000000000000001000000000000
 mode0_write_data_lastbit2         | 00000000000000000000000000000000000000000000000000000010000000000000
 mode0_write_data_ack2             | 00000000000000000000000000000000000000000000000000000100000000000000
 mode0_write_data3                 | 00000000000000000000000000000000000000000000000000001000000000000000
 mode0_write_data_lastbit3         | 00000000000000000000000000000000000000000000000000010000000000000000
 mode0_write_data_ack3             | 00000000000000000000000000000000000000000000000000100000000000000000
 mode0_write_data4                 | 00000000000000000000000000000000000000000000000001000000000000000000
 mode0_write_data_lastbit4         | 00000000000000000000000000000000000000000000000010000000000000000000
 mode0_write_data_ack4             | 00000000000000000000000000000000000000000000000100000000000000000000
 mode0_empty                       | 00000000000000000000000000000000000000000000001000000000000000000000
 mode1_write_slave_address         | 00000000000000000000000000000000000000000000000000000000000000010000
 mode1_write_slave_address_lastbit | 00000000000000000000000000000000000000000000100000000000000000000000
 mode1_write_slave_write           | 00000000000000000000000000000000000000000001000000000000000000000000
 mode1_write_slave_ack             | 00000000000000000000000000000000000000000010000000000000000000000000
 mode1_write_data1                 | 00000000000000000000000000000000000000000100000000000000000000000000
 mode1_write_data_lastbit1         | 00000000000000000000000000000000000000001000000000000000000000000000
 mode1_write_data_ack1             | 00000000000000000000000000000000000000010000000000000000000000000000
 mode1_write_data2                 | 00000000000000000000000000000000000000100000000000000000000000000000
 mode1_write_data_lastbit2         | 00000000000000000000000000000000000001000000000000000000000000000000
 mode1_write_data_ack2             | 00000000000000000000000000000000000010000000000000000000000000000000
 mode1_write_data_ack2_empty       | 00000000000000000000000000000000000100000000000000000000000000000000
 mode1_read_start                  | 00000000000000000000000000000000001000000000000000000000000000000000
 mode1_read_sda_start              | 00000000000000000000000000000000010000000000000000000000000000000000
 mode1_read_slave_address          | 00000000000000000000000000000000100000000000000000000000000000000000
 mode1_read_slave_address_lastbit  | 00000000000000000000000000000001000000000000000000000000000000000000
 mode1_read_slave_read             | 00000000000000000000000000000010000000000000000000000000000000000000
 mode1_read_slave_ack              | 00000000000000000000000000000100000000000000000000000000000000000000
 mode1_read_data1                  | 00000000000000000000000000001000000000000000000000000000000000000000
 mode1_read_data_lastbit1          | 00000000000000000000000000010000000000000000000000000000000000000000
 mode1_read_data_ack               | 00000000000000000000000000100000000000000000000000000000000000000000
 mode1_read_data2                  | 00000000000000000000000001000000000000000000000000000000000000000000
 mode1_read_data_lastbit2          | 00000000000000000000000010000000000000000000000000000000000000000000
 mode1_read_data_nak               | 00000000000000000000000100000000000000000000000000000000000000000000
 mode1_read_data_nak_empty         | 00000000000000000000001000000000000000000000000000000000000000000000
 state1                            | unreached
 mode2_write_slave_address         | 00000000000000000000000000000000000000000000000000000000000000001000
 mode2_write_slave_address_lastbit | 00000000000000000000100000000000000000000000000000000000000000000000
 mode2_write_slave_write           | 00000000000000000001000000000000000000000000000000000000000000000000
 mode2_write_slave_ack             | 00000000000000000010000000000000000000000000000000000000000000000000
 mode2_write_data1                 | 00000000000000000100000000000000000000000000000000000000000000000000
 mode2_write_data_lastbit1         | 00000000000000001000000000000000000000000000000000000000000000000000
 mode2_write_data_ack1             | 00000000000000010000000000000000000000000000000000000000000000000000
 mode2_write_data2                 | 00000000000000100000000000000000000000000000000000000000000000000000
 mode2_write_data_lastbit2         | 00000000000001000000000000000000000000000000000000000000000000000000
 mode2_write_data_ack2             | 00000000000010000000000000000000000000000000000000000000000000000000
 mode2_write_data_ack2_empty       | 00000000000100000000000000000000000000000000000000000000000000000000
 mode2_read_start                  | 00000000001000000000000000000000000000000000000000000000000000000000
 mode2_read_sda_start              | 00000000010000000000000000000000000000000000000000000000000000000000
 mode2_read_slave_address          | 00000000100000000000000000000000000000000000000000000000000000000000
 mode2_read_slave_address_lastbit  | unreached
 mode2_read_slave_read             | 00000001000000000000000000000000000000000000000000000000000000000000
 mode2_read_slave_ack              | 00000010000000000000000000000000000000000000000000000000000000000000
 mode2_read_data1                  | 00000100000000000000000000000000000000000000000000000000000000000000
 mode2_read_data_lastbit1          | 00001000000000000000000000000000000000000000000000000000000000000000
 mode2_read_data_ack1              | 00010000000000000000000000000000000000000000000000000000000000000000
 mode2_read_data2                  | 00100000000000000000000000000000000000000000000000000000000000000000
 mode2_read_data_lastbit2          | 01000000000000000000000000000000000000000000000000000000000000000000
 mode2_read_data_ack2              | 10000000000000000000000000000000000000000000000000000000000000000000
 mode2_read_data_nak               | unreached
 sda_stop                          | 00000000000000000000000000000000000000000000010000000000000000000000
 stop                              | 00000000000000000000010000000000000000000000000000000000000000000000
-----------------------------------------------------------------------------------------------------------

=========================================================================
Advanced HDL Synthesis Report

Macro Statistics
# FSMs                                                 : 2
# Adders/Subtractors                                   : 2
 3-bit adder                                           : 1
 3-bit subtractor                                      : 1
# Counters                                             : 2
 10-bit up counter                                     : 1
 21-bit up counter                                     : 1
# Registers                                            : 30
 Flip-Flops                                            : 30
# Multiplexers                                         : 4
 1-bit 7-to-1 multiplexer                              : 4

=========================================================================

=========================================================================
*                         Low Level Synthesis                           *
=========================================================================
WARNING:Xst:2041 - Unit melexis_mlx90640_i2c: 1 internal tristate is replaced by logic (pull-up yes): io_sda_ii.

Optimizing unit <melexis_mlx90640_i2c> ...

Mapping all equations...
Building and optimizing final netlist ...
Found area constraint ratio of 100 (+ 5) on block melexis_mlx90640_i2c, actual ratio is 2.
FlipFlop c_cmode_FSM_FFd1 has been replicated 2 time(s)
FlipFlop c_cmode_FSM_FFd2 has been replicated 1 time(s)
FlipFlop data_index_ctr_0 has been replicated 1 time(s)

Final Macro Processing ...

=========================================================================
Final Register Report

Macro Statistics
# Registers                                            : 135
 Flip-Flops                                            : 135

=========================================================================

=========================================================================
*                           Partition Report                            *
=========================================================================

Partition Implementation Status
-------------------------------

  No Partitions were found in this design.

-------------------------------

=========================================================================
*                            Final Report                               *
=========================================================================
Final Results
RTL Top Level Output File Name     : melexis_mlx90640_i2c.ngr
Top Level Output File Name         : melexis_mlx90640_i2c
Output Format                      : NGC
Optimization Goal                  : Speed
Keep Hierarchy                     : No

Design Statistics
# IOs                              : 67

Cell Usage :
# BELS                             : 638
#      GND                         : 1
#      INV                         : 6
#      LUT1                        : 33
#      LUT2                        : 83
#      LUT2_D                      : 6
#      LUT2_L                      : 7
#      LUT3                        : 56
#      LUT3_D                      : 9
#      LUT3_L                      : 3
#      LUT4                        : 267
#      LUT4_D                      : 21
#      LUT4_L                      : 36
#      MUXCY                       : 49
#      MUXF5                       : 26
#      MUXF6                       : 3
#      VCC                         : 1
#      XORCY                       : 31
# FlipFlops/Latches                : 135
#      FDC                         : 110
#      FDCE                        : 20
#      FDE                         : 1
#      FDP                         : 3
#      FDPE                        : 1
# Clock Buffers                    : 2
#      BUFG                        : 1
#      BUFGP                       : 1
# IO Buffers                       : 66
#      IBUF                        : 45
#      OBUF                        : 20
#      OBUFT                       : 1
=========================================================================

Device utilization summary:
---------------------------

Selected Device : 3s1200efg320-4 

 Number of Slices:                      281  out of   8672     3%  
 Number of Slice Flip Flops:            135  out of  17344     0%  
 Number of 4 input LUTs:                527  out of  17344     3%  
 Number of IOs:                          67
 Number of bonded IOBs:                  67  out of    250    26%  
 Number of GCLKs:                         2  out of     24     8%  

---------------------------
Partition Resource Summary:
---------------------------

  No Partitions were found in this design.

---------------------------


=========================================================================
TIMING REPORT

NOTE: THESE TIMING NUMBERS ARE ONLY A SYNTHESIS ESTIMATE.
      FOR ACCURATE TIMING INFORMATION PLEASE REFER TO THE TRACE REPORT
      GENERATED AFTER PLACE-and-ROUTE.

Clock Information:
------------------
-----------------------------------+-------------------------+-------+
Clock Signal                       | Clock buffer(FF name)   | Load  |
-----------------------------------+-------------------------+-------+
i_clock                            | BUFGP                   | 22    |
clock1                             | BUFG                    | 96    |
c_cmode_FSM_FFd2                   | NONE(bytes_to_recv_sr_0)| 17    |
-----------------------------------+-------------------------+-------+
INFO:Xst:2169 - HDL ADVISOR - Some clock signals were not automatically buffered by XST with BUFG/BUFR resources. Please use the buffer_type constraint in order to insert these buffers to the clock signals to help prevent skew problems.

Asynchronous Control Signals Information:
----------------------------------------
-----------------------------------+------------------------+-------+
Control Signal                     | Buffer(FF name)        | Load  |
-----------------------------------+------------------------+-------+
i_reset                            | IBUF                   | 134   |
-----------------------------------+------------------------+-------+

Timing Summary:
---------------
Speed Grade: -4

   Minimum period: 11.504ns (Maximum Frequency: 86.926MHz)
   Minimum input arrival time before clock: 10.337ns
   Maximum output required time after clock: 7.199ns
   Maximum combinational path delay: No path found

Timing Detail:
--------------
All values displayed in nanoseconds (ns)

=========================================================================
Timing constraint: Default period analysis for Clock 'i_clock'
  Clock period: 5.854ns (frequency: 170.823MHz)
  Total number of paths / destination ports: 694 / 23
-------------------------------------------------------------------------
Delay:               5.854ns (Levels of Logic = 22)
  Source:            count_1 (FF)
  Destination:       count_20 (FF)
  Source Clock:      i_clock rising
  Destination Clock: i_clock rising

  Data Path: count_1 to count_20
                                Gate     Net
    Cell:in->out      fanout   Delay   Delay  Logical Name (Net Name)
    ----------------------------------------  ------------
     FDC:C->Q              2   0.591   0.622  count_1 (count_1)
     LUT1:I0->O            1   0.704   0.000  Mcount_count_cy<1>_rt (Mcount_count_cy<1>_rt)
     MUXCY:S->O            1   0.464   0.000  Mcount_count_cy<1> (Mcount_count_cy<1>)
     MUXCY:CI->O           1   0.059   0.000  Mcount_count_cy<2> (Mcount_count_cy<2>)
     MUXCY:CI->O           1   0.059   0.000  Mcount_count_cy<3> (Mcount_count_cy<3>)
     MUXCY:CI->O           1   0.059   0.000  Mcount_count_cy<4> (Mcount_count_cy<4>)
     MUXCY:CI->O           1   0.059   0.000  Mcount_count_cy<5> (Mcount_count_cy<5>)
     MUXCY:CI->O           1   0.059   0.000  Mcount_count_cy<6> (Mcount_count_cy<6>)
     MUXCY:CI->O           1   0.059   0.000  Mcount_count_cy<7> (Mcount_count_cy<7>)
     MUXCY:CI->O           1   0.059   0.000  Mcount_count_cy<8> (Mcount_count_cy<8>)
     MUXCY:CI->O           1   0.059   0.000  Mcount_count_cy<9> (Mcount_count_cy<9>)
     MUXCY:CI->O           1   0.059   0.000  Mcount_count_cy<10> (Mcount_count_cy<10>)
     MUXCY:CI->O           1   0.059   0.000  Mcount_count_cy<11> (Mcount_count_cy<11>)
     MUXCY:CI->O           1   0.059   0.000  Mcount_count_cy<12> (Mcount_count_cy<12>)
     MUXCY:CI->O           1   0.059   0.000  Mcount_count_cy<13> (Mcount_count_cy<13>)
     MUXCY:CI->O           1   0.059   0.000  Mcount_count_cy<14> (Mcount_count_cy<14>)
     MUXCY:CI->O           1   0.059   0.000  Mcount_count_cy<15> (Mcount_count_cy<15>)
     MUXCY:CI->O           1   0.059   0.000  Mcount_count_cy<16> (Mcount_count_cy<16>)
     MUXCY:CI->O           1   0.059   0.000  Mcount_count_cy<17> (Mcount_count_cy<17>)
     MUXCY:CI->O           1   0.059   0.000  Mcount_count_cy<18> (Mcount_count_cy<18>)
     MUXCY:CI->O           0   0.059   0.000  Mcount_count_cy<19> (Mcount_count_cy<19>)
     XORCY:CI->O           1   0.804   0.595  Mcount_count_xor<20> (Result<20>)
     LUT2:I0->O            1   0.704   0.000  Mcount_count_eqn_201 (Mcount_count_eqn_20)
     FDC:D                     0.308          count_20
    ----------------------------------------
    Total                      5.854ns (4.637ns logic, 1.217ns route)
                                       (79.2% logic, 20.8% route)

=========================================================================
Timing constraint: Default period analysis for Clock 'clock1'
  Clock period: 11.504ns (frequency: 86.926MHz)
  Total number of paths / destination ports: 4289 / 117
-------------------------------------------------------------------------
Delay:               11.504ns (Levels of Logic = 8)
  Source:            data_index_ctr_1 (FF)
  Destination:       Mtrien_temp_sda (FF)
  Source Clock:      clock1 rising
  Destination Clock: clock1 rising

  Data Path: data_index_ctr_1 to Mtrien_temp_sda
                                Gate     Net
    Cell:in->out      fanout   Delay   Delay  Logical Name (Net Name)
    ----------------------------------------  ------------
     FDC:C->Q             17   0.591   1.086  data_index_ctr_1 (data_index_ctr_1)
     LUT3:I2->O            4   0.704   0.591  c_state_cmp_eq00041_1 (c_state_cmp_eq00041)
     LUT4_D:I3->O          1   0.704   0.424  Mtridata_temp_sda_not0001219_SW1 (N146)
     LUT4:I3->O            1   0.704   0.424  Mtridata_temp_sda_not00012258_SW1_SW1 (N212)
     LUT4_D:I3->O          2   0.704   0.451  Mtridata_temp_sda_not00013168_SW1_SW1 (N241)
     LUT4:I3->O            1   0.704   0.424  Mtridata_temp_sda_not00013168_SW1_SW5 (N290)
     LUT4:I3->O            1   0.704   0.424  Mtridata_temp_sda_not00013168_SW5 (N259)
     LUT4:I3->O            1   0.704   0.455  Mtridata_temp_sda_not0001195_SW1 (N284)
     LUT4:I2->O            2   0.704   0.447  Mtridata_temp_sda_not0001195 (Mtridata_temp_sda_not0001)
     FDCE:CE                   0.555          Mtrien_temp_sda
    ----------------------------------------
    Total                     11.504ns (6.778ns logic, 4.726ns route)
                                       (58.9% logic, 41.1% route)

=========================================================================
Timing constraint: Default period analysis for Clock 'c_cmode_FSM_FFd2'
  Clock period: 2.225ns (frequency: 449.438MHz)
  Total number of paths / destination ports: 16 / 16
-------------------------------------------------------------------------
Delay:               2.225ns (Levels of Logic = 1)
  Source:            bytes_to_recv_sr_1 (FF)
  Destination:       bytes_to_recv_sr_0 (FF)
  Source Clock:      c_cmode_FSM_FFd2 rising
  Destination Clock: c_cmode_FSM_FFd2 rising

  Data Path: bytes_to_recv_sr_1 to bytes_to_recv_sr_0
                                Gate     Net
    Cell:in->out      fanout   Delay   Delay  Logical Name (Net Name)
    ----------------------------------------  ------------
     FDC:C->Q              2   0.591   0.622  bytes_to_recv_sr_1 (bytes_to_recv_sr_1)
     LUT4:I0->O            1   0.704   0.000  bytes_to_recv_sr_mux0001<16>1 (bytes_to_recv_sr_mux0001<16>)
     FDC:D                     0.308          bytes_to_recv_sr_0
    ----------------------------------------
    Total                      2.225ns (1.603ns logic, 0.622ns route)
                                       (72.0% logic, 28.0% route)

=========================================================================
Timing constraint: Default OFFSET IN BEFORE for Clock 'clock1'
  Total number of paths / destination ports: 199 / 23
-------------------------------------------------------------------------
Offset:              10.337ns (Levels of Logic = 9)
  Source:            i_slave_address<6> (PAD)
  Destination:       Mtridata_temp_sda (FF)
  Destination Clock: clock1 rising

  Data Path: i_slave_address<6> to Mtridata_temp_sda
                                Gate     Net
    Cell:in->out      fanout   Delay   Delay  Logical Name (Net Name)
    ----------------------------------------  ------------
     IBUF:I->O             1   1.218   0.595  i_slave_address_6_IBUF (i_slave_address_6_IBUF)
     LUT4:I0->O            1   0.704   0.424  i_slave_address_mux000054 (i_slave_address_mux000054)
     LUT4_L:I3->LO         1   0.704   0.104  i_slave_address_mux000060 (i_slave_address_mux000060)
     LUT4:I3->O            4   0.704   0.591  i_slave_address_mux000085 (i_slave_address_mux0000)
     LUT4:I3->O            2   0.704   0.482  Mtridata_temp_sda_mux0000535 (Mtridata_temp_sda_mux0000535)
     LUT4:I2->O            1   0.704   0.420  Mtridata_temp_sda_mux0000759 (Mtridata_temp_sda_mux0000759)
     MUXF5:S->O            1   0.739   0.424  Mtridata_temp_sda_mux0000803_SW1 (N198)
     LUT4_L:I3->LO         1   0.704   0.104  Mtridata_temp_sda_mux0000840 (Mtridata_temp_sda_mux0000840)
     LUT4:I3->O            1   0.704   0.000  Mtridata_temp_sda_mux0000942 (Mtridata_temp_sda_mux0000)
     FDPE:D                    0.308          Mtridata_temp_sda
    ----------------------------------------
    Total                     10.337ns (7.193ns logic, 3.144ns route)
                                       (69.6% logic, 30.4% route)

=========================================================================
Timing constraint: Default OFFSET IN BEFORE for Clock 'c_cmode_FSM_FFd2'
  Total number of paths / destination ports: 1 / 1
-------------------------------------------------------------------------
Offset:              2.685ns (Levels of Logic = 2)
  Source:            io_sda_i (PAD)
  Destination:       bytes_to_recv_sr_16 (FF)
  Destination Clock: c_cmode_FSM_FFd2 rising

  Data Path: io_sda_i to bytes_to_recv_sr_16
                                Gate     Net
    Cell:in->out      fanout   Delay   Delay  Logical Name (Net Name)
    ----------------------------------------  ------------
     IBUF:I->O             1   1.218   0.455  io_sda_i_IBUF (io_sda_i_IBUF)
     LUT3:I2->O            1   0.704   0.000  bytes_to_recv_sr_mux0001<0>41 (bytes_to_recv_sr_mux0001<0>)
     FDC:D                     0.308          bytes_to_recv_sr_16
    ----------------------------------------
    Total                      2.685ns (2.230ns logic, 0.455ns route)
                                       (83.1% logic, 16.9% route)

=========================================================================
Timing constraint: Default OFFSET OUT AFTER for Clock 'clock1'
  Total number of paths / destination ports: 27 / 21
-------------------------------------------------------------------------
Offset:              7.199ns (Levels of Logic = 3)
  Source:            c_state_FSM_FFd68 (FF)
  Destination:       io_scl (PAD)
  Source Clock:      clock1 rising

  Data Path: c_state_FSM_FFd68 to io_scl
                                Gate     Net
    Cell:in->out      fanout   Delay   Delay  Logical Name (Net Name)
    ----------------------------------------  ------------
     FDP:C->Q             10   0.591   1.057  c_state_FSM_FFd68 (c_state_FSM_FFd68)
     LUT3:I0->O            2   0.704   0.451  io_scl_SW0 (N88)
     LUT4:I3->O            1   0.704   0.420  io_scl (io_scl_OBUF)
     OBUF:I->O                 3.272          io_scl_OBUF (io_scl)
    ----------------------------------------
    Total                      7.199ns (5.271ns logic, 1.928ns route)
                                       (73.2% logic, 26.8% route)

=========================================================================
Timing constraint: Default OFFSET OUT AFTER for Clock 'c_cmode_FSM_FFd2'
  Total number of paths / destination ports: 16 / 16
-------------------------------------------------------------------------
Offset:              5.513ns (Levels of Logic = 2)
  Source:            bytes_to_recv_sr_16 (FF)
  Destination:       o_bytes_to_recv<15> (PAD)
  Source Clock:      c_cmode_FSM_FFd2 rising

  Data Path: bytes_to_recv_sr_16 to o_bytes_to_recv<15>
                                Gate     Net
    Cell:in->out      fanout   Delay   Delay  Logical Name (Net Name)
    ----------------------------------------  ------------
     FDC:C->Q              2   0.591   0.526  bytes_to_recv_sr_16 (bytes_to_recv_sr_16)
     LUT2:I1->O            1   0.704   0.420  o_bytes_to_recv<15>1 (o_bytes_to_recv_15_OBUF)
     OBUF:I->O                 3.272          o_bytes_to_recv_15_OBUF (o_bytes_to_recv<15>)
    ----------------------------------------
    Total                      5.513ns (4.567ns logic, 0.946ns route)
                                       (82.8% logic, 17.2% route)

=========================================================================


Total REAL time to Xst completion: 10.00 secs
Total CPU time to Xst completion: 9.71 secs
 
--> 


Total memory usage is 560132 kilobytes

Number of errors   :    0 (   0 filtered)
Number of warnings :    1 (   0 filtered)
Number of infos    :    5 (   0 filtered)

