Release 14.7 Map P.20131013 (lin64)
Xilinx Mapping Report File for Design 'melexis_mlx90640_i2c'

Design Information
------------------
Command Line   : map -intstyle ise -p xc3s1200e-fg320-4 -cm area -ir off -pr off
-c 100 -o melexis_mlx90640_i2c_map.ncd melexis_mlx90640_i2c.ngd
melexis_mlx90640_i2c.pcf 
Target Device  : xc3s1200e
Target Package : fg320
Target Speed   : -4
Mapper Version : spartan3e -- $Revision: 1.55 $
Mapped Date    : Sat Sep  6 22:21:15 2025

Design Summary
--------------
Number of errors:      0
Number of warnings:    0
Logic Utilization:
  Number of Slice Flip Flops:           135 out of  17,344    1%
  Number of 4 input LUTs:               492 out of  17,344    2%
Logic Distribution:
  Number of occupied Slices:            276 out of   8,672    3%
    Number of Slices containing only related logic:     276 out of     276 100%
    Number of Slices containing unrelated logic:          0 out of     276   0%
      *See NOTES below for an explanation of the effects of unrelated logic.
  Total Number of 4 input LUTs:         526 out of  17,344    3%
    Number used as logic:               492
    Number used as a route-thru:         34

  The Slice Logic Distribution report is not meaningful if the design is
  over-mapped for a non-slice resource or if Placement fails.

  Number of bonded IOBs:                 67 out of     250   26%
  Number of BUFGMUXs:                     2 out of      24    8%

Average Fanout of Non-Clock Nets:                3.38

Peak Memory Usage:  582 MB
Total REAL time to MAP completion:  5 secs 
Total CPU time to MAP completion:   4 secs 

NOTES:

   Related logic is defined as being logic that shares connectivity - e.g. two
   LUTs are "related" if they share common inputs.  When assembling slices,
   Map gives priority to combine logic that is related.  Doing so results in
   the best timing performance.

   Unrelated logic shares no connectivity.  Map will only begin packing
   unrelated logic into a slice once 99% of the slices are occupied through
   related logic packing.

   Note that once logic distribution reaches the 99% level through related
   logic packing, this does not mean the device is completely utilized.
   Unrelated logic packing will then begin, continuing until all usable LUTs
   and FFs are occupied.  Depending on your timing budget, increased levels of
   unrelated logic packing may adversely affect the overall timing performance
   of your design.

Table of Contents
-----------------
Section 1 - Errors
Section 2 - Warnings
Section 3 - Informational
Section 4 - Removed Logic Summary
Section 5 - Removed Logic
Section 6 - IOB Properties
Section 7 - RPMs
Section 8 - Guide Report
Section 9 - Area Group and Partition Summary
Section 10 - Timing Report
Section 11 - Configuration String Information
Section 12 - Control Set Information
Section 13 - Utilization by Hierarchy

Section 1 - Errors
------------------

Section 2 - Warnings
--------------------

Section 3 - Informational
-------------------------
INFO:MapLib:562 - No environment variables are currently set.
INFO:LIT:244 - All of the single ended outputs in this design are using slew
   rate limited output drivers. The delay on speed critical single ended outputs
   can be dramatically reduced by designating them as fast outputs.

Section 4 - Removed Logic Summary
---------------------------------
   2 block(s) optimized away

Section 5 - Removed Logic
-------------------------

Optimized Block(s):
TYPE 		BLOCK
GND 		XST_GND
VCC 		XST_VCC

To enable printing of redundant blocks removed and signals merged, set the
detailed map report option and rerun map.

Section 6 - IOB Properties
--------------------------

+---------------------------------------------------------------------------------------------------------------------------------------------------------+
| IOB Name                           | Type             | Direction | IO Standard          | Diff  | Drive    | Slew | Reg (s)      | Resistor | IOB      |
|                                    |                  |           |                      | Term  | Strength | Rate |              |          | Delay    |
+---------------------------------------------------------------------------------------------------------------------------------------------------------+
| i_clock                            | IBUF             | INPUT     | LVCMOS25             |       |          |      |              |          | 0 / 0    |
| i_enable                           | IBUF             | INPUT     | LVCMOS25             |       |          |      |              |          | 0 / 0    |
| i_memory_address<0>                | IBUF             | INPUT     | LVCMOS25             |       |          |      |              |          | 0 / 0    |
| i_memory_address<1>                | IBUF             | INPUT     | LVCMOS25             |       |          |      |              |          | 0 / 0    |
| i_memory_address<2>                | IBUF             | INPUT     | LVCMOS25             |       |          |      |              |          | 0 / 0    |
| i_memory_address<3>                | IBUF             | INPUT     | LVCMOS25             |       |          |      |              |          | 0 / 0    |
| i_memory_address<4>                | IBUF             | INPUT     | LVCMOS25             |       |          |      |              |          | 0 / 0    |
| i_memory_address<5>                | IBUF             | INPUT     | LVCMOS25             |       |          |      |              |          | 0 / 0    |
| i_memory_address<6>                | IBUF             | INPUT     | LVCMOS25             |       |          |      |              |          | 0 / 0    |
| i_memory_address<7>                | IBUF             | INPUT     | LVCMOS25             |       |          |      |              |          | 0 / 0    |
| i_memory_address<8>                | IBUF             | INPUT     | LVCMOS25             |       |          |      |              |          | 0 / 0    |
| i_memory_address<9>                | IBUF             | INPUT     | LVCMOS25             |       |          |      |              |          | 0 / 0    |
| i_memory_address<10>               | IBUF             | INPUT     | LVCMOS25             |       |          |      |              |          | 0 / 0    |
| i_memory_address<11>               | IBUF             | INPUT     | LVCMOS25             |       |          |      |              |          | 0 / 0    |
| i_memory_address<12>               | IBUF             | INPUT     | LVCMOS25             |       |          |      |              |          | 0 / 0    |
| i_memory_address<13>               | IBUF             | INPUT     | LVCMOS25             |       |          |      |              |          | 0 / 0    |
| i_memory_address<14>               | IBUF             | INPUT     | LVCMOS25             |       |          |      |              |          | 0 / 0    |
| i_memory_address<15>               | IBUF             | INPUT     | LVCMOS25             |       |          |      |              |          | 0 / 0    |
| i_memory_data<0>                   | IBUF             | INPUT     | LVCMOS25             |       |          |      |              |          | 0 / 0    |
| i_memory_data<1>                   | IBUF             | INPUT     | LVCMOS25             |       |          |      |              |          | 0 / 0    |
| i_memory_data<2>                   | IBUF             | INPUT     | LVCMOS25             |       |          |      |              |          | 0 / 0    |
| i_memory_data<3>                   | IBUF             | INPUT     | LVCMOS25             |       |          |      |              |          | 0 / 0    |
| i_memory_data<4>                   | IBUF             | INPUT     | LVCMOS25             |       |          |      |              |          | 0 / 0    |
| i_memory_data<5>                   | IBUF             | INPUT     | LVCMOS25             |       |          |      |              |          | 0 / 0    |
| i_memory_data<6>                   | IBUF             | INPUT     | LVCMOS25             |       |          |      |              |          | 0 / 0    |
| i_memory_data<7>                   | IBUF             | INPUT     | LVCMOS25             |       |          |      |              |          | 0 / 0    |
| i_memory_data<8>                   | IBUF             | INPUT     | LVCMOS25             |       |          |      |              |          | 0 / 0    |
| i_memory_data<9>                   | IBUF             | INPUT     | LVCMOS25             |       |          |      |              |          | 0 / 0    |
| i_memory_data<10>                  | IBUF             | INPUT     | LVCMOS25             |       |          |      |              |          | 0 / 0    |
| i_memory_data<11>                  | IBUF             | INPUT     | LVCMOS25             |       |          |      |              |          | 0 / 0    |
| i_memory_data<12>                  | IBUF             | INPUT     | LVCMOS25             |       |          |      |              |          | 0 / 0    |
| i_memory_data<13>                  | IBUF             | INPUT     | LVCMOS25             |       |          |      |              |          | 0 / 0    |
| i_memory_data<14>                  | IBUF             | INPUT     | LVCMOS25             |       |          |      |              |          | 0 / 0    |
| i_memory_data<15>                  | IBUF             | INPUT     | LVCMOS25             |       |          |      |              |          | 0 / 0    |
| i_mode0                            | IBUF             | INPUT     | LVCMOS25             |       |          |      |              |          | 0 / 0    |
| i_mode1                            | IBUF             | INPUT     | LVCMOS25             |       |          |      |              |          | 0 / 0    |
| i_mode2                            | IBUF             | INPUT     | LVCMOS25             |       |          |      |              |          | 0 / 0    |
| i_reset                            | IBUF             | INPUT     | LVCMOS25             |       |          |      |              |          | 0 / 0    |
| i_slave_address<0>                 | IBUF             | INPUT     | LVCMOS25             |       |          |      |              |          | 0 / 0    |
| i_slave_address<1>                 | IBUF             | INPUT     | LVCMOS25             |       |          |      |              |          | 0 / 0    |
| i_slave_address<2>                 | IBUF             | INPUT     | LVCMOS25             |       |          |      |              |          | 0 / 0    |
| i_slave_address<3>                 | IBUF             | INPUT     | LVCMOS25             |       |          |      |              |          | 0 / 0    |
| i_slave_address<4>                 | IBUF             | INPUT     | LVCMOS25             |       |          |      |              |          | 0 / 0    |
| i_slave_address<5>                 | IBUF             | INPUT     | LVCMOS25             |       |          |      |              |          | 0 / 0    |
| i_slave_address<6>                 | IBUF             | INPUT     | LVCMOS25             |       |          |      |              |          | 0 / 0    |
| io_scl                             | IOB              | OUTPUT    | LVCMOS25             |       | 12       | SLOW |              |          | 0 / 0    |
| io_sda_i                           | IBUF             | INPUT     | LVCMOS25             |       |          |      |              |          | 0 / 0    |
| io_sda_o                           | IOB              | OUTPUT    | LVCMOS25             |       | 12       | SLOW |              |          | 0 / 0    |
| o_busy                             | IOB              | OUTPUT    | LVCMOS25             |       | 12       | SLOW |              |          | 0 / 0    |
| o_bytes_to_recv<0>                 | IOB              | OUTPUT    | LVCMOS25             |       | 12       | SLOW |              |          | 0 / 0    |
| o_bytes_to_recv<1>                 | IOB              | OUTPUT    | LVCMOS25             |       | 12       | SLOW |              |          | 0 / 0    |
| o_bytes_to_recv<2>                 | IOB              | OUTPUT    | LVCMOS25             |       | 12       | SLOW |              |          | 0 / 0    |
| o_bytes_to_recv<3>                 | IOB              | OUTPUT    | LVCMOS25             |       | 12       | SLOW |              |          | 0 / 0    |
| o_bytes_to_recv<4>                 | IOB              | OUTPUT    | LVCMOS25             |       | 12       | SLOW |              |          | 0 / 0    |
| o_bytes_to_recv<5>                 | IOB              | OUTPUT    | LVCMOS25             |       | 12       | SLOW |              |          | 0 / 0    |
| o_bytes_to_recv<6>                 | IOB              | OUTPUT    | LVCMOS25             |       | 12       | SLOW |              |          | 0 / 0    |
| o_bytes_to_recv<7>                 | IOB              | OUTPUT    | LVCMOS25             |       | 12       | SLOW |              |          | 0 / 0    |
| o_bytes_to_recv<8>                 | IOB              | OUTPUT    | LVCMOS25             |       | 12       | SLOW |              |          | 0 / 0    |
| o_bytes_to_recv<9>                 | IOB              | OUTPUT    | LVCMOS25             |       | 12       | SLOW |              |          | 0 / 0    |
| o_bytes_to_recv<10>                | IOB              | OUTPUT    | LVCMOS25             |       | 12       | SLOW |              |          | 0 / 0    |
| o_bytes_to_recv<11>                | IOB              | OUTPUT    | LVCMOS25             |       | 12       | SLOW |              |          | 0 / 0    |
| o_bytes_to_recv<12>                | IOB              | OUTPUT    | LVCMOS25             |       | 12       | SLOW |              |          | 0 / 0    |
| o_bytes_to_recv<13>                | IOB              | OUTPUT    | LVCMOS25             |       | 12       | SLOW |              |          | 0 / 0    |
| o_bytes_to_recv<14>                | IOB              | OUTPUT    | LVCMOS25             |       | 12       | SLOW |              |          | 0 / 0    |
| o_bytes_to_recv<15>                | IOB              | OUTPUT    | LVCMOS25             |       | 12       | SLOW |              |          | 0 / 0    |
| o_mode2_ready                      | IOB              | OUTPUT    | LVCMOS25             |       | 12       | SLOW |              |          | 0 / 0    |
| o_mode2_ready_all                  | IOB              | OUTPUT    | LVCMOS25             |       | 12       | SLOW |              |          | 0 / 0    |
+---------------------------------------------------------------------------------------------------------------------------------------------------------+

Section 7 - RPMs
----------------

Section 8 - Guide Report
------------------------
Guide not run on this design.

Section 9 - Area Group and Partition Summary
--------------------------------------------

Partition Implementation Status
-------------------------------

  No Partitions were found in this design.

-------------------------------

Area Group Information
----------------------

  No area groups were found in this design.

----------------------

Section 10 - Timing Report
--------------------------
This design was not run using timing mode.

Section 11 - Configuration String Details
-----------------------------------------
Use the "-detail" map option to print out Configuration Strings

Section 12 - Control Set Information
------------------------------------
No control set information for this architecture.

Section 13 - Utilization by Hierarchy
-------------------------------------
Use the "-detail" map option to print out the Utilization by Hierarchy section.
