Release 14.7 Map P.20131013 (lin64)
Xilinx Map Application Log File for Design 'test1'

Design Information
------------------
Command Line   : map -intstyle ise -p xc5vfx70t-ff1136-1 -w -logic_opt off -ol
std -t 1 -register_duplication off -global_opt off -mt 2 -cm area -detail -ir
off -pr off -u -lc off -smartguide
/home/user/_WORKSPACE_/kedziorno/mlx90640_fpga/xilinx_ise_14.7/test1_guide.ncd
-power off -o test1_map.ncd test1.ngd test1.pcf 
Target Device  : xc5vfx70t
Target Package : ff1136
Target Speed   : -1
Mapper Version : virtex5 -- $Revision: 1.55 $
Mapped Date    : Sun Nov  9 13:34:19 2025

WARNING:Map:291 - Multi-threading ("-mt" option) is not supported for the
   SmartGuide flow. MAP will use only one processor.

Loading device for application Rf_Device from file '5vfx70t.nph' in environment
/home/user/.local/Xilinx/14.7/ISE_DS/ISE/.
   "test1" is an NCD, version 3.2, device xc5vfx70t, package ff1136, speed -1
vvvvvvvvvvvvvvvvvvvvvvvvvvvvvvvvvvvvvvvvvvvvvvvvvvvvvvvvvvvvvvvvvvvvvv
INFO:Security:56 - Part 'xc5vfx70t' is not a WebPack part.
WARNING:Security:42 - Your software subscription period has lapsed. Your current
version of Xilinx tools will continue to function, but you no longer qualify for
Xilinx software updates or new releases.
----------------------------------------------------------------------
Mapping design into LUTs...
WARNING:Pack:2874 - Trimming timing constraints from pin
   i2c_mlx_i0/U0/xst_blk_mem_generator/gnativebmg.native_blk_mem_gen/valid.cstr/
   ramloop[0].ram.r/v5_init.ram/SDP.SINGLE_PRIM36.TDP
   of frag REGCLKAU connected to power/ground net
   i2c_mlx_i0/U0/xst_blk_mem_generator/gnativebmg.native_blk_mem_gen/valid.cstr/
   ramloop[0].ram.r/v5_init.ram/SDP.SINGLE_PRIM36.TDP_REGCLKAU_tiesig
WARNING:Pack:2874 - Trimming timing constraints from pin
   i2c_mlx_i0/U0/xst_blk_mem_generator/gnativebmg.native_blk_mem_gen/valid.cstr/
   ramloop[0].ram.r/v5_init.ram/SDP.SINGLE_PRIM36.TDP
   of frag REGCLKAL connected to power/ground net
   i2c_mlx_i0/U0/xst_blk_mem_generator/gnativebmg.native_blk_mem_gen/valid.cstr/
   ramloop[0].ram.r/v5_init.ram/SDP.SINGLE_PRIM36.TDP_REGCLKAL_tiesig
WARNING:Pack:2874 - Trimming timing constraints from pin
   i2c_mlx_i0/U0/xst_blk_mem_generator/gnativebmg.native_blk_mem_gen/valid.cstr/
   ramloop[0].ram.r/v5_init.ram/SDP.SINGLE_PRIM36.TDP
   of frag REGCLKBU connected to power/ground net
   i2c_mlx_i0/U0/xst_blk_mem_generator/gnativebmg.native_blk_mem_gen/valid.cstr/
   ramloop[0].ram.r/v5_init.ram/SDP.SINGLE_PRIM36.TDP_REGCLKBU_tiesig
WARNING:Pack:2874 - Trimming timing constraints from pin
   i2c_mlx_i0/U0/xst_blk_mem_generator/gnativebmg.native_blk_mem_gen/valid.cstr/
   ramloop[0].ram.r/v5_init.ram/SDP.SINGLE_PRIM36.TDP
   of frag REGCLKBL connected to power/ground net
   i2c_mlx_i0/U0/xst_blk_mem_generator/gnativebmg.native_blk_mem_gen/valid.cstr/
   ramloop[0].ram.r/v5_init.ram/SDP.SINGLE_PRIM36.TDP_REGCLKBL_tiesig
Running directed packing...
Constraining slice packing based on guide NCD.
Running delay-based LUT packing...
Updating timing models...
INFO:Map:215 - The Interim Design Summary has been generated in the MAP Report
   (.mrp).
Running timing-driven placement...
Total REAL time at the beginning of Placer: 24 secs 
Total CPU  time at the beginning of Placer: 23 secs 

Phase 1.7  Design Feasibility Check
Phase 1.7  Design Feasibility Check (Checksum:2f3b4dc8) REAL time: 24 secs 

Phase 2.31  Local Placement Optimization
Phase 2.31  Local Placement Optimization (Checksum:a6944ba7) REAL time: 24 secs 

Phase 3.37  Local Placement Optimization
Phase 3.37  Local Placement Optimization (Checksum:a6944ba7) REAL time: 24 secs 

Phase 4.2  Initial Clock and IO Placement
Phase 4.2  Initial Clock and IO Placement (Checksum:a6944ba7) REAL time: 29 secs 

Phase 5.36  Local Placement Optimization
Phase 5.36  Local Placement Optimization (Checksum:a6944ba7) REAL time: 29 secs 

Phase 6.30  Global Clock Region Assignment
Phase 6.30  Global Clock Region Assignment (Checksum:a6944ba7) REAL time: 29 secs 

Phase 7.3  Local Placement Optimization
Phase 7.3  Local Placement Optimization (Checksum:a6944ba7) REAL time: 29 secs 

Phase 8.5  Local Placement Optimization
Phase 8.5  Local Placement Optimization (Checksum:a6944ba7) REAL time: 29 secs 

Phase 9.8  Global Placement
Phase 9.8  Global Placement (Checksum:7cdb1839) REAL time: 31 secs 

Phase 10.29  Local Placement Optimization
Phase 10.29  Local Placement Optimization (Checksum:7cdb1839) REAL time: 31 secs 

Phase 11.5  Local Placement Optimization
Phase 11.5  Local Placement Optimization (Checksum:7cdb1839) REAL time: 31 secs 

Phase 12.18  Placement Optimization
Phase 12.18  Placement Optimization (Checksum:7cdb1839) REAL time: 31 secs 

Phase 13.5  Local Placement Optimization
Phase 13.5  Local Placement Optimization (Checksum:7cdb1839) REAL time: 32 secs 

Phase 14.34  Placement Validation
Phase 14.34  Placement Validation (Checksum:7cdb1839) REAL time: 32 secs 

Total REAL time to Placer completion: 32 secs 
Total CPU  time to Placer completion: 32 secs 
Running post-placement packing...
Updating route info ...
Writing output files...
WARNING:PhysDesignRules:372 - Gated clock. Clock net icon_control0<13> is
   sourced by a combinatorial pin. This is not good design practice. Use the CE
   pin to control the loading of data into the flip-flop.
WARNING:PhysDesignRules:372 - Gated clock. Clock net
   melexis_mlx90640_i2c_i0/GND_115_o_GND_115_o_AND_40_o is sourced by a
   combinatorial pin. This is not good design practice. Use the CE pin to
   control the loading of data into the flip-flop.
WARNING:PhysDesignRules:367 - The signal
   <U_ila_pro_0/U0/I_NO_D.U_ILA/U_TRIG/U_TM/G_NMU[0].U_M/U_MU/I_MUT_GANDX.U_matc
   h/I_CS_GANDX.U_CS_GANDX_SRL/I_V5.U_CS_GANDX_SRL_V5/U_CS_GAND_SRL_V5/I_USE_RPM
   _NE0.U_GAND_SRL_SET/SRL_Q_O> is incomplete. The signal does not drive any
   load pins in the design.
WARNING:PhysDesignRules:367 - The signal <icon_control0<18>> is incomplete. The
   signal does not drive any load pins in the design.
WARNING:PhysDesignRules:367 - The signal <icon_control0<25>> is incomplete. The
   signal does not drive any load pins in the design.
WARNING:PhysDesignRules:367 - The signal <icon_control0<23>> is incomplete. The
   signal does not drive any load pins in the design.
WARNING:PhysDesignRules:367 - The signal <icon_control0<28>> is incomplete. The
   signal does not drive any load pins in the design.
WARNING:PhysDesignRules:367 - The signal <icon_control0<24>> is incomplete. The
   signal does not drive any load pins in the design.
WARNING:PhysDesignRules:367 - The signal
   <g0_dualmem_temperature.dualmem_inst_t/doutb<15>> is incomplete. The signal
   does not drive any load pins in the design.
WARNING:PhysDesignRules:367 - The signal
   <g0_dualmem_temperature.dualmem_inst_t/doutb<14>> is incomplete. The signal
   does not drive any load pins in the design.
WARNING:PhysDesignRules:367 - The signal
   <g0_dualmem_temperature.dualmem_inst_t/doutb<4>> is incomplete. The signal
   does not drive any load pins in the design.
WARNING:PhysDesignRules:367 - The signal
   <g0_dualmem_temperature.dualmem_inst_t/doutb<3>> is incomplete. The signal
   does not drive any load pins in the design.
WARNING:PhysDesignRules:367 - The signal
   <g0_dualmem_temperature.dualmem_inst_t/doutb<2>> is incomplete. The signal
   does not drive any load pins in the design.
WARNING:PhysDesignRules:367 - The signal
   <g0_dualmem_temperature.dualmem_inst_t/doutb<1>> is incomplete. The signal
   does not drive any load pins in the design.
WARNING:PhysDesignRules:367 - The signal
   <g0_dualmem_temperature.dualmem_inst_t/doutb<0>> is incomplete. The signal
   does not drive any load pins in the design.
WARNING:PhysDesignRules:367 - The signal <icon_control0<26>> is incomplete. The
   signal does not drive any load pins in the design.
WARNING:PhysDesignRules:367 - The signal <icon_control0<7>> is incomplete. The
   signal does not drive any load pins in the design.
WARNING:PhysDesignRules:367 - The signal <icon_control0<33>> is incomplete. The
   signal does not drive any load pins in the design.
WARNING:PhysDesignRules:367 - The signal <icon_control0<17>> is incomplete. The
   signal does not drive any load pins in the design.
WARNING:PhysDesignRules:367 - The signal <icon_control0<31>> is incomplete. The
   signal does not drive any load pins in the design.
WARNING:PhysDesignRules:367 - The signal <icon_control0<30>> is incomplete. The
   signal does not drive any load pins in the design.
WARNING:PhysDesignRules:367 - The signal <icon_control0<34>> is incomplete. The
   signal does not drive any load pins in the design.
WARNING:PhysDesignRules:367 - The signal <icon_control0<16>> is incomplete. The
   signal does not drive any load pins in the design.
WARNING:PhysDesignRules:367 - The signal <icon_control0<11>> is incomplete. The
   signal does not drive any load pins in the design.
WARNING:PhysDesignRules:367 - The signal <icon_control0<27>> is incomplete. The
   signal does not drive any load pins in the design.
WARNING:PhysDesignRules:367 - The signal <icon_control0<15>> is incomplete. The
   signal does not drive any load pins in the design.
WARNING:PhysDesignRules:367 - The signal <icon_control0<21>> is incomplete. The
   signal does not drive any load pins in the design.
WARNING:PhysDesignRules:367 - The signal <icon_control0<10>> is incomplete. The
   signal does not drive any load pins in the design.
WARNING:PhysDesignRules:367 - The signal <icon_control0<32>> is incomplete. The
   signal does not drive any load pins in the design.
WARNING:PhysDesignRules:367 - The signal <icon_control0<22>> is incomplete. The
   signal does not drive any load pins in the design.
WARNING:PhysDesignRules:367 - The signal <icon_control0<29>> is incomplete. The
   signal does not drive any load pins in the design.
WARNING:PhysDesignRules:367 - The signal <icon_control0<35>> is incomplete. The
   signal does not drive any load pins in the design.

Design Summary
--------------

Design Summary:
Number of errors:      0
Number of warnings:   37
Slice Logic Utilization:
  Number of Slice Registers:                 8,254 out of  44,800   18%
    Number used as Flip Flops:               8,253
    Number used as Latches:                      1
  Number of Slice LUTs:                     10,516 out of  44,800   23%
    Number used as logic:                   10,299 out of  44,800   22%
      Number using O6 output only:           9,882
      Number using O5 output only:             129
      Number using O5 and O6:                  288
    Number used as Memory:                     200 out of  13,120    1%
      Number used as Shift Register:           200
        Number using O6 output only:           198
        Number using O5 output only:             1
        Number using O5 and O6:                  1
    Number used as exclusive route-thru:        17
  Number of route-thrus:                       181
    Number using O6 output only:               146
    Number using O5 output only:                35

Slice Logic Distribution:
  Number of occupied Slices:                 3,243 out of  11,200   28%
  Number of LUT Flip Flop pairs used:       11,747
    Number with an unused Flip Flop:         3,493 out of  11,747   29%
    Number with an unused LUT:               1,231 out of  11,747   10%
    Number of fully used LUT-FF pairs:       7,023 out of  11,747   59%
    Number of unique control sets:             457
    Number of slice register sites lost
      to control set restrictions:             937 out of  44,800    2%

  A LUT Flip Flop pair for this architecture represents one LUT paired with
  one Flip Flop within a slice.  A control set is a unique combination of
  clock, reset, set, and enable signals for a registered element.
  The Slice Logic Distribution report is not meaningful if the design is
  over-mapped for a non-slice resource or if Placement fails.
  OVERMAPPING of BRAM resources should be ignored if the design is
  over-mapped for a non-BRAM resource or if placement fails.

IO Utilization:
  Number of bonded IOBs:                        74 out of     640   11%
    Number of LOCed IOBs:                       17 out of      74   22%
    IOB Flip Flops:                             16

Specific Feature Utilization:
  Number of BlockRAM/FIFO:                      24 out of     148   16%
    Number using BlockRAM only:                 24
    Total primitives used:
      Number of 36k BlockRAM used:              20
      Number of 18k BlockRAM used:               4
    Total Memory used (KB):                    792 out of   5,328   14%
  Number of BUFG/BUFGCTRLs:                      4 out of      32   12%
    Number used as BUFGs:                        4
  Number of BSCANs:                              1 out of       4   25%
  Number of DSP48Es:                             7 out of     128    5%

  Number of RPM macros:           11
Average Fanout of Non-Clock Nets:                3.80

Peak Memory Usage:  1283 MB
Total REAL time to MAP completion:  38 secs 
Total CPU time to MAP completion:   37 secs 

Mapping completed.
See MAP report file "test1_map.mrp" for details.
