--------------------------------------------------------------------------------
Release 14.7 Trace  (lin64)
Copyright (c) 1995-2013 Xilinx, Inc.  All rights reserved.

/home/user/.local/Xilinx/14.7/ISE_DS/ISE/bin/lin64/unwrapped/trce -intstyle ise
-v 3 -s 10 -n 3 -fastpaths -xml test1.twx test1.ncd -o test1.twr test1.pcf

Design file:              test1.ncd
Physical constraint file: test1.pcf
Device,package,speed:     xc4vsx35,ff668,-10 (PRODUCTION 1.71 2013-10-13, STEPPING level 1)
Report level:             verbose report

Environment Variable      Effect 
--------------------      ------ 
NONE                      No environment variables were set
--------------------------------------------------------------------------------

INFO:Timing:3412 - To improve timing, see the Timing Closure User Guide (UG612).
INFO:Timing:2752 - To get complete path coverage, use the unconstrained paths 
   option. All paths that are not constrained will be reported in the 
   unconstrained paths section(s) of the report.
INFO:Timing:3339 - The clock-to-out numbers in this timing report are based on 
   a 50 Ohm transmission line loading model.  For the details of this model, 
   and for more information on accounting for different loading conditions, 
   please see the device datasheet.

================================================================================
Timing constraint: NET "clock_i1" PERIOD = 10 ns HIGH 50%;
For more information, see Period Analysis in the Timing Closure User Guide (UG612).

 315783 paths analyzed, 29576 endpoints analyzed, 0 failing endpoints
 0 timing errors detected. (0 setup errors, 0 hold errors, 0 component switching limit errors)
 Minimum period is   9.980ns.
--------------------------------------------------------------------------------

Paths for end point inst_divfp/blk00000a3b (SLICE_X46Y133.CIN), 859 paths
--------------------------------------------------------------------------------
Slack (setup path):     0.020ns (requirement - (data path - clock path skew + uncertainty))
  Source:               melexis_mlx9064x_core_inst/inst_CalculatePixOS/extract_kv_parameters_mux (FF)
  Destination:          inst_divfp/blk00000a3b (FF)
  Requirement:          10.000ns
  Data Path Delay:      9.980ns (Levels of Logic = 6)
  Clock Path Skew:      0.000ns
  Source Clock:         clock_i rising at 0.000ns
  Destination Clock:    clock_i rising at 10.000ns
  Clock Uncertainty:    0.000ns

  Maximum Data Path: melexis_mlx9064x_core_inst/inst_CalculatePixOS/extract_kv_parameters_mux to inst_divfp/blk00000a3b
    Location             Delay type         Delay(ns)  Physical Resource
                                                       Logical Resource(s)
    -------------------------------------------------  -------------------
    SLICE_X40Y110.YQ     Tcko                  0.360   melexis_mlx9064x_core_inst/inst_CalculatePixOS/extract_kv_parameters_mux
                                                       melexis_mlx9064x_core_inst/inst_CalculatePixOS/extract_kv_parameters_mux
    SLICE_X25Y139.F1     net (fanout=124)      3.902   melexis_mlx9064x_core_inst/inst_CalculatePixOS/extract_kv_parameters_mux
    SLICE_X25Y139.X      Tilo                  0.194   melexis_mlx9064x_core_inst/divfpb<29>23
                                                       melexis_mlx9064x_core_inst/divfpb<29>23
    SLICE_X26Y135.F3     net (fanout=1)        0.589   melexis_mlx9064x_core_inst/divfpb<29>23
    SLICE_X26Y135.XMUX   Tif5x                 0.555   melexis_mlx9064x_core_inst/divfpb<29>65
                                                       melexis_mlx9064x_core_inst/divfpb<29>65_G
                                                       melexis_mlx9064x_core_inst/divfpb<29>65
    SLICE_X32Y133.F4     net (fanout=1)        1.024   melexis_mlx9064x_core_inst/divfpb<29>65
    SLICE_X32Y133.X      Tilo                  0.195   melexis_mlx9064x_core_inst/divfpb<29>106
                                                       melexis_mlx9064x_core_inst/divfpb<29>106
    SLICE_X36Y134.G4     net (fanout=1)        0.544   melexis_mlx9064x_core_inst/divfpb<29>106
    SLICE_X36Y134.XMUX   Tif5x                 0.560   divfpb<29>
                                                       melexis_mlx9064x_core_inst/divfpb<29>1592
                                                       melexis_mlx9064x_core_inst/divfpb<29>159_f5
    SLICE_X46Y132.F4     net (fanout=3)        1.003   divfpb<29>
    SLICE_X46Y132.COUT   Topcyf                0.576   inst_divfp/sig0000003d
                                                       inst_divfp/blk00000a28
                                                       inst_divfp/blk00000a29
                                                       inst_divfp/blk00000a2c
    SLICE_X46Y133.CIN    net (fanout=1)        0.000   inst_divfp/sig0000004c
    SLICE_X46Y133.CLK    Tcinck                0.478   inst_divfp/sig0000003f
                                                       inst_divfp/blk00000a2e
                                                       inst_divfp/blk00000a30
                                                       inst_divfp/blk00000a3b
    -------------------------------------------------  ---------------------------
    Total                                      9.980ns (2.918ns logic, 7.062ns route)
                                                       (29.2% logic, 70.8% route)

--------------------------------------------------------------------------------
Slack (setup path):     0.226ns (requirement - (data path - clock path skew + uncertainty))
  Source:               melexis_mlx9064x_core_inst/inst_CalculatePixOS/extract_kv_parameters_mux (FF)
  Destination:          inst_divfp/blk00000a3b (FF)
  Requirement:          10.000ns
  Data Path Delay:      9.774ns (Levels of Logic = 7)
  Clock Path Skew:      0.000ns
  Source Clock:         clock_i rising at 0.000ns
  Destination Clock:    clock_i rising at 10.000ns
  Clock Uncertainty:    0.000ns

  Maximum Data Path: melexis_mlx9064x_core_inst/inst_CalculatePixOS/extract_kv_parameters_mux to inst_divfp/blk00000a3b
    Location             Delay type         Delay(ns)  Physical Resource
                                                       Logical Resource(s)
    -------------------------------------------------  -------------------
    SLICE_X40Y110.YQ     Tcko                  0.360   melexis_mlx9064x_core_inst/inst_CalculatePixOS/extract_kv_parameters_mux
                                                       melexis_mlx9064x_core_inst/inst_CalculatePixOS/extract_kv_parameters_mux
    SLICE_X25Y136.G1     net (fanout=124)      3.713   melexis_mlx9064x_core_inst/inst_CalculatePixOS/extract_kv_parameters_mux
    SLICE_X25Y136.Y      Tilo                  0.194   melexis_mlx9064x_core_inst/divfpb<28>23
                                                       melexis_mlx9064x_core_inst/divfpb<27>23
    SLICE_X25Y134.F3     net (fanout=1)        0.392   melexis_mlx9064x_core_inst/divfpb<27>23
    SLICE_X25Y134.XMUX   Tif5x                 0.566   melexis_mlx9064x_core_inst/divfpb<27>65
                                                       melexis_mlx9064x_core_inst/divfpb<27>65_G
                                                       melexis_mlx9064x_core_inst/divfpb<27>65
    SLICE_X33Y132.F2     net (fanout=1)        1.096   melexis_mlx9064x_core_inst/divfpb<27>65
    SLICE_X33Y132.X      Tilo                  0.194   melexis_mlx9064x_core_inst/divfpb<27>106
                                                       melexis_mlx9064x_core_inst/divfpb<27>106
    SLICE_X34Y133.G4     net (fanout=1)        0.335   melexis_mlx9064x_core_inst/divfpb<27>106
    SLICE_X34Y133.XMUX   Tif5x                 0.560   divfpb<27>
                                                       melexis_mlx9064x_core_inst/divfpb<27>1592
                                                       melexis_mlx9064x_core_inst/divfpb<27>159_f5
    SLICE_X46Y131.F4     net (fanout=3)        1.221   divfpb<27>
    SLICE_X46Y131.COUT   Topcyf                0.576   inst_divfp/sig0000003b
                                                       inst_divfp/blk00000a22
                                                       inst_divfp/blk00000a23
                                                       inst_divfp/blk00000a26
    SLICE_X46Y132.CIN    net (fanout=1)        0.000   inst_divfp/sig0000004a
    SLICE_X46Y132.COUT   Tbyp                  0.089   inst_divfp/sig0000003d
                                                       inst_divfp/blk00000a29
                                                       inst_divfp/blk00000a2c
    SLICE_X46Y133.CIN    net (fanout=1)        0.000   inst_divfp/sig0000004c
    SLICE_X46Y133.CLK    Tcinck                0.478   inst_divfp/sig0000003f
                                                       inst_divfp/blk00000a2e
                                                       inst_divfp/blk00000a30
                                                       inst_divfp/blk00000a3b
    -------------------------------------------------  ---------------------------
    Total                                      9.774ns (3.017ns logic, 6.757ns route)
                                                       (30.9% logic, 69.1% route)

--------------------------------------------------------------------------------
Slack (setup path):     0.336ns (requirement - (data path - clock path skew + uncertainty))
  Source:               melexis_mlx9064x_core_inst/inst_CalculatePixOS/extract_kv_parameters_mux (FF)
  Destination:          inst_divfp/blk00000a3b (FF)
  Requirement:          10.000ns
  Data Path Delay:      9.664ns (Levels of Logic = 7)
  Clock Path Skew:      0.000ns
  Source Clock:         clock_i rising at 0.000ns
  Destination Clock:    clock_i rising at 10.000ns
  Clock Uncertainty:    0.000ns

  Maximum Data Path: melexis_mlx9064x_core_inst/inst_CalculatePixOS/extract_kv_parameters_mux to inst_divfp/blk00000a3b
    Location             Delay type         Delay(ns)  Physical Resource
                                                       Logical Resource(s)
    -------------------------------------------------  -------------------
    SLICE_X40Y110.YQ     Tcko                  0.360   melexis_mlx9064x_core_inst/inst_CalculatePixOS/extract_kv_parameters_mux
                                                       melexis_mlx9064x_core_inst/inst_CalculatePixOS/extract_kv_parameters_mux
    SLICE_X25Y136.F1     net (fanout=124)      3.713   melexis_mlx9064x_core_inst/inst_CalculatePixOS/extract_kv_parameters_mux
    SLICE_X25Y136.X      Tilo                  0.194   melexis_mlx9064x_core_inst/divfpb<28>23
                                                       melexis_mlx9064x_core_inst/divfpb<28>23
    SLICE_X25Y137.F4     net (fanout=1)        0.420   melexis_mlx9064x_core_inst/divfpb<28>23
    SLICE_X25Y137.XMUX   Tif5x                 0.566   melexis_mlx9064x_core_inst/divfpb<28>65
                                                       melexis_mlx9064x_core_inst/divfpb<28>65_G
                                                       melexis_mlx9064x_core_inst/divfpb<28>65
    SLICE_X34Y132.F1     net (fanout=1)        1.095   melexis_mlx9064x_core_inst/divfpb<28>65
    SLICE_X34Y132.X      Tilo                  0.195   melexis_mlx9064x_core_inst/divfpb<28>106
                                                       melexis_mlx9064x_core_inst/divfpb<28>106
    SLICE_X35Y134.G4     net (fanout=1)        0.371   melexis_mlx9064x_core_inst/divfpb<28>106
    SLICE_X35Y134.XMUX   Tif5x                 0.574   divfpb<28>
                                                       melexis_mlx9064x_core_inst/divfpb<28>1592
                                                       melexis_mlx9064x_core_inst/divfpb<28>159_f5
    SLICE_X46Y131.G4     net (fanout=3)        1.048   divfpb<28>
    SLICE_X46Y131.COUT   Topcyg                0.561   inst_divfp/sig0000003b
                                                       inst_divfp/blk00000a25
                                                       inst_divfp/blk00000a26
    SLICE_X46Y132.CIN    net (fanout=1)        0.000   inst_divfp/sig0000004a
    SLICE_X46Y132.COUT   Tbyp                  0.089   inst_divfp/sig0000003d
                                                       inst_divfp/blk00000a29
                                                       inst_divfp/blk00000a2c
    SLICE_X46Y133.CIN    net (fanout=1)        0.000   inst_divfp/sig0000004c
    SLICE_X46Y133.CLK    Tcinck                0.478   inst_divfp/sig0000003f
                                                       inst_divfp/blk00000a2e
                                                       inst_divfp/blk00000a30
                                                       inst_divfp/blk00000a3b
    -------------------------------------------------  ---------------------------
    Total                                      9.664ns (3.017ns logic, 6.647ns route)
                                                       (31.2% logic, 68.8% route)

--------------------------------------------------------------------------------

Paths for end point inst_divfp/blk00000a3c (SLICE_X46Y133.CIN), 859 paths
--------------------------------------------------------------------------------
Slack (setup path):     0.075ns (requirement - (data path - clock path skew + uncertainty))
  Source:               melexis_mlx9064x_core_inst/inst_CalculatePixOS/extract_kv_parameters_mux (FF)
  Destination:          inst_divfp/blk00000a3c (FF)
  Requirement:          10.000ns
  Data Path Delay:      9.925ns (Levels of Logic = 6)
  Clock Path Skew:      0.000ns
  Source Clock:         clock_i rising at 0.000ns
  Destination Clock:    clock_i rising at 10.000ns
  Clock Uncertainty:    0.000ns

  Maximum Data Path: melexis_mlx9064x_core_inst/inst_CalculatePixOS/extract_kv_parameters_mux to inst_divfp/blk00000a3c
    Location             Delay type         Delay(ns)  Physical Resource
                                                       Logical Resource(s)
    -------------------------------------------------  -------------------
    SLICE_X40Y110.YQ     Tcko                  0.360   melexis_mlx9064x_core_inst/inst_CalculatePixOS/extract_kv_parameters_mux
                                                       melexis_mlx9064x_core_inst/inst_CalculatePixOS/extract_kv_parameters_mux
    SLICE_X25Y139.F1     net (fanout=124)      3.902   melexis_mlx9064x_core_inst/inst_CalculatePixOS/extract_kv_parameters_mux
    SLICE_X25Y139.X      Tilo                  0.194   melexis_mlx9064x_core_inst/divfpb<29>23
                                                       melexis_mlx9064x_core_inst/divfpb<29>23
    SLICE_X26Y135.F3     net (fanout=1)        0.589   melexis_mlx9064x_core_inst/divfpb<29>23
    SLICE_X26Y135.XMUX   Tif5x                 0.555   melexis_mlx9064x_core_inst/divfpb<29>65
                                                       melexis_mlx9064x_core_inst/divfpb<29>65_G
                                                       melexis_mlx9064x_core_inst/divfpb<29>65
    SLICE_X32Y133.F4     net (fanout=1)        1.024   melexis_mlx9064x_core_inst/divfpb<29>65
    SLICE_X32Y133.X      Tilo                  0.195   melexis_mlx9064x_core_inst/divfpb<29>106
                                                       melexis_mlx9064x_core_inst/divfpb<29>106
    SLICE_X36Y134.G4     net (fanout=1)        0.544   melexis_mlx9064x_core_inst/divfpb<29>106
    SLICE_X36Y134.XMUX   Tif5x                 0.560   divfpb<29>
                                                       melexis_mlx9064x_core_inst/divfpb<29>1592
                                                       melexis_mlx9064x_core_inst/divfpb<29>159_f5
    SLICE_X46Y132.F4     net (fanout=3)        1.003   divfpb<29>
    SLICE_X46Y132.COUT   Topcyf                0.576   inst_divfp/sig0000003d
                                                       inst_divfp/blk00000a28
                                                       inst_divfp/blk00000a29
                                                       inst_divfp/blk00000a2c
    SLICE_X46Y133.CIN    net (fanout=1)        0.000   inst_divfp/sig0000004c
    SLICE_X46Y133.CLK    Tcinck                0.423   inst_divfp/sig0000003f
                                                       inst_divfp/blk00000a2f
                                                       inst_divfp/blk00000a3c
    -------------------------------------------------  ---------------------------
    Total                                      9.925ns (2.863ns logic, 7.062ns route)
                                                       (28.8% logic, 71.2% route)

--------------------------------------------------------------------------------
Slack (setup path):     0.281ns (requirement - (data path - clock path skew + uncertainty))
  Source:               melexis_mlx9064x_core_inst/inst_CalculatePixOS/extract_kv_parameters_mux (FF)
  Destination:          inst_divfp/blk00000a3c (FF)
  Requirement:          10.000ns
  Data Path Delay:      9.719ns (Levels of Logic = 7)
  Clock Path Skew:      0.000ns
  Source Clock:         clock_i rising at 0.000ns
  Destination Clock:    clock_i rising at 10.000ns
  Clock Uncertainty:    0.000ns

  Maximum Data Path: melexis_mlx9064x_core_inst/inst_CalculatePixOS/extract_kv_parameters_mux to inst_divfp/blk00000a3c
    Location             Delay type         Delay(ns)  Physical Resource
                                                       Logical Resource(s)
    -------------------------------------------------  -------------------
    SLICE_X40Y110.YQ     Tcko                  0.360   melexis_mlx9064x_core_inst/inst_CalculatePixOS/extract_kv_parameters_mux
                                                       melexis_mlx9064x_core_inst/inst_CalculatePixOS/extract_kv_parameters_mux
    SLICE_X25Y136.G1     net (fanout=124)      3.713   melexis_mlx9064x_core_inst/inst_CalculatePixOS/extract_kv_parameters_mux
    SLICE_X25Y136.Y      Tilo                  0.194   melexis_mlx9064x_core_inst/divfpb<28>23
                                                       melexis_mlx9064x_core_inst/divfpb<27>23
    SLICE_X25Y134.F3     net (fanout=1)        0.392   melexis_mlx9064x_core_inst/divfpb<27>23
    SLICE_X25Y134.XMUX   Tif5x                 0.566   melexis_mlx9064x_core_inst/divfpb<27>65
                                                       melexis_mlx9064x_core_inst/divfpb<27>65_G
                                                       melexis_mlx9064x_core_inst/divfpb<27>65
    SLICE_X33Y132.F2     net (fanout=1)        1.096   melexis_mlx9064x_core_inst/divfpb<27>65
    SLICE_X33Y132.X      Tilo                  0.194   melexis_mlx9064x_core_inst/divfpb<27>106
                                                       melexis_mlx9064x_core_inst/divfpb<27>106
    SLICE_X34Y133.G4     net (fanout=1)        0.335   melexis_mlx9064x_core_inst/divfpb<27>106
    SLICE_X34Y133.XMUX   Tif5x                 0.560   divfpb<27>
                                                       melexis_mlx9064x_core_inst/divfpb<27>1592
                                                       melexis_mlx9064x_core_inst/divfpb<27>159_f5
    SLICE_X46Y131.F4     net (fanout=3)        1.221   divfpb<27>
    SLICE_X46Y131.COUT   Topcyf                0.576   inst_divfp/sig0000003b
                                                       inst_divfp/blk00000a22
                                                       inst_divfp/blk00000a23
                                                       inst_divfp/blk00000a26
    SLICE_X46Y132.CIN    net (fanout=1)        0.000   inst_divfp/sig0000004a
    SLICE_X46Y132.COUT   Tbyp                  0.089   inst_divfp/sig0000003d
                                                       inst_divfp/blk00000a29
                                                       inst_divfp/blk00000a2c
    SLICE_X46Y133.CIN    net (fanout=1)        0.000   inst_divfp/sig0000004c
    SLICE_X46Y133.CLK    Tcinck                0.423   inst_divfp/sig0000003f
                                                       inst_divfp/blk00000a2f
                                                       inst_divfp/blk00000a3c
    -------------------------------------------------  ---------------------------
    Total                                      9.719ns (2.962ns logic, 6.757ns route)
                                                       (30.5% logic, 69.5% route)

--------------------------------------------------------------------------------
Slack (setup path):     0.391ns (requirement - (data path - clock path skew + uncertainty))
  Source:               melexis_mlx9064x_core_inst/inst_CalculatePixOS/extract_kv_parameters_mux (FF)
  Destination:          inst_divfp/blk00000a3c (FF)
  Requirement:          10.000ns
  Data Path Delay:      9.609ns (Levels of Logic = 7)
  Clock Path Skew:      0.000ns
  Source Clock:         clock_i rising at 0.000ns
  Destination Clock:    clock_i rising at 10.000ns
  Clock Uncertainty:    0.000ns

  Maximum Data Path: melexis_mlx9064x_core_inst/inst_CalculatePixOS/extract_kv_parameters_mux to inst_divfp/blk00000a3c
    Location             Delay type         Delay(ns)  Physical Resource
                                                       Logical Resource(s)
    -------------------------------------------------  -------------------
    SLICE_X40Y110.YQ     Tcko                  0.360   melexis_mlx9064x_core_inst/inst_CalculatePixOS/extract_kv_parameters_mux
                                                       melexis_mlx9064x_core_inst/inst_CalculatePixOS/extract_kv_parameters_mux
    SLICE_X25Y136.F1     net (fanout=124)      3.713   melexis_mlx9064x_core_inst/inst_CalculatePixOS/extract_kv_parameters_mux
    SLICE_X25Y136.X      Tilo                  0.194   melexis_mlx9064x_core_inst/divfpb<28>23
                                                       melexis_mlx9064x_core_inst/divfpb<28>23
    SLICE_X25Y137.F4     net (fanout=1)        0.420   melexis_mlx9064x_core_inst/divfpb<28>23
    SLICE_X25Y137.XMUX   Tif5x                 0.566   melexis_mlx9064x_core_inst/divfpb<28>65
                                                       melexis_mlx9064x_core_inst/divfpb<28>65_G
                                                       melexis_mlx9064x_core_inst/divfpb<28>65
    SLICE_X34Y132.F1     net (fanout=1)        1.095   melexis_mlx9064x_core_inst/divfpb<28>65
    SLICE_X34Y132.X      Tilo                  0.195   melexis_mlx9064x_core_inst/divfpb<28>106
                                                       melexis_mlx9064x_core_inst/divfpb<28>106
    SLICE_X35Y134.G4     net (fanout=1)        0.371   melexis_mlx9064x_core_inst/divfpb<28>106
    SLICE_X35Y134.XMUX   Tif5x                 0.574   divfpb<28>
                                                       melexis_mlx9064x_core_inst/divfpb<28>1592
                                                       melexis_mlx9064x_core_inst/divfpb<28>159_f5
    SLICE_X46Y131.G4     net (fanout=3)        1.048   divfpb<28>
    SLICE_X46Y131.COUT   Topcyg                0.561   inst_divfp/sig0000003b
                                                       inst_divfp/blk00000a25
                                                       inst_divfp/blk00000a26
    SLICE_X46Y132.CIN    net (fanout=1)        0.000   inst_divfp/sig0000004a
    SLICE_X46Y132.COUT   Tbyp                  0.089   inst_divfp/sig0000003d
                                                       inst_divfp/blk00000a29
                                                       inst_divfp/blk00000a2c
    SLICE_X46Y133.CIN    net (fanout=1)        0.000   inst_divfp/sig0000004c
    SLICE_X46Y133.CLK    Tcinck                0.423   inst_divfp/sig0000003f
                                                       inst_divfp/blk00000a2f
                                                       inst_divfp/blk00000a3c
    -------------------------------------------------  ---------------------------
    Total                                      9.609ns (2.962ns logic, 6.647ns route)
                                                       (30.8% logic, 69.2% route)

--------------------------------------------------------------------------------

Paths for end point inst_mulfp/blk0000001f (SLICE_X50Y90.CIN), 1058 paths
--------------------------------------------------------------------------------
Slack (setup path):     0.111ns (requirement - (data path - clock path skew + uncertainty))
  Source:               melexis_mlx9064x_core_inst/inst_CalculatePixOS/extract_kta_parameters_mux (FF)
  Destination:          inst_mulfp/blk0000001f (FF)
  Requirement:          10.000ns
  Data Path Delay:      9.805ns (Levels of Logic = 6)
  Clock Path Skew:      -0.084ns (1.701 - 1.785)
  Source Clock:         clock_i rising at 0.000ns
  Destination Clock:    clock_i rising at 10.000ns
  Clock Uncertainty:    0.000ns

  Maximum Data Path: melexis_mlx9064x_core_inst/inst_CalculatePixOS/extract_kta_parameters_mux to inst_mulfp/blk0000001f
    Location             Delay type         Delay(ns)  Physical Resource
                                                       Logical Resource(s)
    -------------------------------------------------  -------------------
    SLICE_X33Y106.YQ     Tcko                  0.340   melexis_mlx9064x_core_inst/inst_CalculatePixOS/extract_kta_parameters_mux
                                                       melexis_mlx9064x_core_inst/inst_CalculatePixOS/extract_kta_parameters_mux
    SLICE_X48Y143.F2     net (fanout=489)      3.210   melexis_mlx9064x_core_inst/inst_CalculatePixOS/extract_kta_parameters_mux
    SLICE_X48Y143.X      Tilo                  0.195   N3125
                                                       melexis_mlx9064x_core_inst/mulfpa<18>73_SW0
    SLICE_X48Y115.F4     net (fanout=1)        0.793   N3125
    SLICE_X48Y115.X      Tilo                  0.195   melexis_mlx9064x_core_inst/mulfpa<18>73
                                                       melexis_mlx9064x_core_inst/mulfpa<18>73
    SLICE_X53Y66.F1      net (fanout=1)        1.824   melexis_mlx9064x_core_inst/mulfpa<18>73
    SLICE_X53Y66.X       Tilo                  0.194   N2195
                                                       melexis_mlx9064x_core_inst/mulfpa<18>88_SW0
    SLICE_X52Y84.F1      net (fanout=1)        1.016   N2195
    SLICE_X52Y84.X       Tilo                  0.195   melexis_mlx9064x_core_inst/inst_CalculatePixOsCPSP/mulfpa_internal<18>
                                                       melexis_mlx9064x_core_inst/mulfpa<18>88
    SLICE_X50Y89.F1      net (fanout=3)        0.844   mulfpa<18>
    SLICE_X50Y89.COUT    Topcyf                0.576   inst_mulfp/sig00000030
                                                       inst_mulfp/blk000001a0
                                                       inst_mulfp/blk00000024
                                                       inst_mulfp/blk00000025
    SLICE_X50Y90.CIN     net (fanout=1)        0.000   inst_mulfp/sig00000030
    SLICE_X50Y90.CLK     Tcinck                0.423   inst_mulfp/sig00000096
                                                       inst_mulfp/sig00000030_rt
                                                       inst_mulfp/blk0000001f
    -------------------------------------------------  ---------------------------
    Total                                      9.805ns (2.118ns logic, 7.687ns route)
                                                       (21.6% logic, 78.4% route)

--------------------------------------------------------------------------------
Slack (setup path):     0.526ns (requirement - (data path - clock path skew + uncertainty))
  Source:               melexis_mlx9064x_core_inst/CalculateGetImage_mux (FF)
  Destination:          inst_mulfp/blk0000001f (FF)
  Requirement:          10.000ns
  Data Path Delay:      9.456ns (Levels of Logic = 7)
  Clock Path Skew:      -0.018ns (1.701 - 1.719)
  Source Clock:         clock_i rising at 0.000ns
  Destination Clock:    clock_i rising at 10.000ns
  Clock Uncertainty:    0.000ns

  Maximum Data Path: melexis_mlx9064x_core_inst/CalculateGetImage_mux to inst_mulfp/blk0000001f
    Location             Delay type         Delay(ns)  Physical Resource
                                                       Logical Resource(s)
    -------------------------------------------------  -------------------
    SLICE_X44Y53.YQ      Tcko                  0.360   melexis_mlx9064x_core_inst/CalculateGetImage_run
                                                       melexis_mlx9064x_core_inst/CalculateGetImage_mux
    SLICE_X34Y73.G3      net (fanout=34)       1.527   melexis_mlx9064x_core_inst/CalculateGetImage_mux
    SLICE_X34Y73.Y       Tilo                  0.195   melexis_mlx9064x_core_inst/addfpce9
                                                       melexis_mlx9064x_core_inst/mulfpa<0>112
    SLICE_X35Y80.G4      net (fanout=35)       0.747   melexis_mlx9064x_core_inst/N381
    SLICE_X35Y80.Y       Tilo                  0.194   melexis_mlx9064x_core_inst/mulfpce31
                                                       melexis_mlx9064x_core_inst/mulfpa<0>162
    SLICE_X53Y67.G1      net (fanout=66)       2.790   melexis_mlx9064x_core_inst/N415
    SLICE_X53Y67.Y       Tilo                  0.194   N2193
                                                       melexis_mlx9064x_core_inst/mulfpa<19>31
    SLICE_X53Y67.F2      net (fanout=1)        0.597   melexis_mlx9064x_core_inst/mulfpa<19>31/O
    SLICE_X53Y67.X       Tilo                  0.194   N2193
                                                       melexis_mlx9064x_core_inst/mulfpa<19>88_SW0
    SLICE_X53Y90.F3      net (fanout=1)        0.862   N2193
    SLICE_X53Y90.X       Tilo                  0.194   melexis_mlx9064x_core_inst/inst_CalculatePixOsCPSP/mulfpa_internal<19>
                                                       melexis_mlx9064x_core_inst/mulfpa<19>88
    SLICE_X50Y89.F4      net (fanout=3)        0.603   mulfpa<19>
    SLICE_X50Y89.COUT    Topcyf                0.576   inst_mulfp/sig00000030
                                                       inst_mulfp/blk000001a0
                                                       inst_mulfp/blk00000024
                                                       inst_mulfp/blk00000025
    SLICE_X50Y90.CIN     net (fanout=1)        0.000   inst_mulfp/sig00000030
    SLICE_X50Y90.CLK     Tcinck                0.423   inst_mulfp/sig00000096
                                                       inst_mulfp/sig00000030_rt
                                                       inst_mulfp/blk0000001f
    -------------------------------------------------  ---------------------------
    Total                                      9.456ns (2.330ns logic, 7.126ns route)
                                                       (24.6% logic, 75.4% route)

--------------------------------------------------------------------------------
Slack (setup path):     0.543ns (requirement - (data path - clock path skew + uncertainty))
  Source:               melexis_mlx9064x_core_inst/CalculateGetImage_mux (FF)
  Destination:          inst_mulfp/blk0000001f (FF)
  Requirement:          10.000ns
  Data Path Delay:      9.439ns (Levels of Logic = 9)
  Clock Path Skew:      -0.018ns (1.701 - 1.719)
  Source Clock:         clock_i rising at 0.000ns
  Destination Clock:    clock_i rising at 10.000ns
  Clock Uncertainty:    0.000ns

  Maximum Data Path: melexis_mlx9064x_core_inst/CalculateGetImage_mux to inst_mulfp/blk0000001f
    Location             Delay type         Delay(ns)  Physical Resource
                                                       Logical Resource(s)
    -------------------------------------------------  -------------------
    SLICE_X44Y53.YQ      Tcko                  0.360   melexis_mlx9064x_core_inst/CalculateGetImage_run
                                                       melexis_mlx9064x_core_inst/CalculateGetImage_mux
    SLICE_X34Y73.G3      net (fanout=34)       1.527   melexis_mlx9064x_core_inst/CalculateGetImage_mux
    SLICE_X34Y73.Y       Tilo                  0.195   melexis_mlx9064x_core_inst/addfpce9
                                                       melexis_mlx9064x_core_inst/mulfpa<0>112
    SLICE_X35Y80.G4      net (fanout=35)       0.747   melexis_mlx9064x_core_inst/N381
    SLICE_X35Y80.Y       Tilo                  0.194   melexis_mlx9064x_core_inst/mulfpce31
                                                       melexis_mlx9064x_core_inst/mulfpa<0>162
    SLICE_X45Y64.G2      net (fanout=66)       2.315   melexis_mlx9064x_core_inst/N415
    SLICE_X45Y64.Y       Tilo                  0.194   N2229
                                                       melexis_mlx9064x_core_inst/mulfpa<1>31
    SLICE_X45Y64.F3      net (fanout=1)        0.222   melexis_mlx9064x_core_inst/mulfpa<1>31/O
    SLICE_X45Y64.X       Tilo                  0.194   N2229
                                                       melexis_mlx9064x_core_inst/mulfpa<1>88_SW0
    SLICE_X49Y78.G1      net (fanout=1)        1.105   N2229
    SLICE_X49Y78.Y       Tilo                  0.194   inst_mulfp/sig000000be
                                                       melexis_mlx9064x_core_inst/mulfpa<1>88
    SLICE_X50Y87.F2      net (fanout=2)        1.015   mulfpa<1>
    SLICE_X50Y87.COUT    Topcyf                0.576   inst_mulfp/sig0000002c
                                                       inst_mulfp/blk000001aa
                                                       inst_mulfp/blk00000020
                                                       inst_mulfp/blk00000021
    SLICE_X50Y88.CIN     net (fanout=1)        0.000   inst_mulfp/sig0000002c
    SLICE_X50Y88.COUT    Tbyp                  0.089   inst_mulfp/sig0000002e
                                                       inst_mulfp/blk00000022
                                                       inst_mulfp/blk00000023
    SLICE_X50Y89.CIN     net (fanout=1)        0.000   inst_mulfp/sig0000002e
    SLICE_X50Y89.COUT    Tbyp                  0.089   inst_mulfp/sig00000030
                                                       inst_mulfp/blk00000024
                                                       inst_mulfp/blk00000025
    SLICE_X50Y90.CIN     net (fanout=1)        0.000   inst_mulfp/sig00000030
    SLICE_X50Y90.CLK     Tcinck                0.423   inst_mulfp/sig00000096
                                                       inst_mulfp/sig00000030_rt
                                                       inst_mulfp/blk0000001f
    -------------------------------------------------  ---------------------------
    Total                                      9.439ns (2.508ns logic, 6.931ns route)
                                                       (26.6% logic, 73.4% route)

--------------------------------------------------------------------------------

Hold Paths: NET "clock_i1" PERIOD = 10 ns HIGH 50%;
--------------------------------------------------------------------------------

Paths for end point inst_mulfp/blk000000e0 (DSP48_X2Y25.BCIN0), 1 path
--------------------------------------------------------------------------------
Slack (hold path):      0.253ns (requirement - (clock path skew + uncertainty - data path))
  Source:               inst_mulfp/blk000000de (DSP)
  Destination:          inst_mulfp/blk000000e0 (DSP)
  Requirement:          0.000ns
  Data Path Delay:      0.254ns (Levels of Logic = 0)
  Clock Path Skew:      0.001ns (0.131 - 0.130)
  Source Clock:         clock_i rising at 10.000ns
  Destination Clock:    clock_i rising at 10.000ns
  Clock Uncertainty:    0.000ns

  Minimum Data Path: inst_mulfp/blk000000de to inst_mulfp/blk000000e0
    Location             Delay type         Delay(ns)  Physical Resource
                                                       Logical Resource(s)
    -------------------------------------------------  -------------------
    DSP48_X2Y24.BCOUT0   Tdspcko_BCOUTB        0.531   inst_mulfp/blk000000de
                                                       inst_mulfp/blk000000de
    DSP48_X2Y25.BCIN0    net (fanout=1)        0.008   inst_mulfp/sig000000fb
    DSP48_X2Y25.CLK      Tdspckd_BCINB(-Th)     0.285   inst_mulfp/blk000000e0
                                                       inst_mulfp/blk000000e0
    -------------------------------------------------  ---------------------------
    Total                                      0.254ns (0.246ns logic, 0.008ns route)
                                                       (96.9% logic, 3.1% route)

--------------------------------------------------------------------------------

Paths for end point inst_mulfp/blk000000e0 (DSP48_X2Y25.BCIN1), 1 path
--------------------------------------------------------------------------------
Slack (hold path):      0.253ns (requirement - (clock path skew + uncertainty - data path))
  Source:               inst_mulfp/blk000000de (DSP)
  Destination:          inst_mulfp/blk000000e0 (DSP)
  Requirement:          0.000ns
  Data Path Delay:      0.254ns (Levels of Logic = 0)
  Clock Path Skew:      0.001ns (0.131 - 0.130)
  Source Clock:         clock_i rising at 10.000ns
  Destination Clock:    clock_i rising at 10.000ns
  Clock Uncertainty:    0.000ns

  Minimum Data Path: inst_mulfp/blk000000de to inst_mulfp/blk000000e0
    Location             Delay type         Delay(ns)  Physical Resource
                                                       Logical Resource(s)
    -------------------------------------------------  -------------------
    DSP48_X2Y24.BCOUT1   Tdspcko_BCOUTB        0.531   inst_mulfp/blk000000de
                                                       inst_mulfp/blk000000de
    DSP48_X2Y25.BCIN1    net (fanout=1)        0.008   inst_mulfp/sig00000104
    DSP48_X2Y25.CLK      Tdspckd_BCINB(-Th)     0.285   inst_mulfp/blk000000e0
                                                       inst_mulfp/blk000000e0
    -------------------------------------------------  ---------------------------
    Total                                      0.254ns (0.246ns logic, 0.008ns route)
                                                       (96.9% logic, 3.1% route)

--------------------------------------------------------------------------------

Paths for end point inst_mulfp/blk000000e0 (DSP48_X2Y25.BCIN10), 1 path
--------------------------------------------------------------------------------
Slack (hold path):      0.253ns (requirement - (clock path skew + uncertainty - data path))
  Source:               inst_mulfp/blk000000de (DSP)
  Destination:          inst_mulfp/blk000000e0 (DSP)
  Requirement:          0.000ns
  Data Path Delay:      0.254ns (Levels of Logic = 0)
  Clock Path Skew:      0.001ns (0.131 - 0.130)
  Source Clock:         clock_i rising at 10.000ns
  Destination Clock:    clock_i rising at 10.000ns
  Clock Uncertainty:    0.000ns

  Minimum Data Path: inst_mulfp/blk000000de to inst_mulfp/blk000000e0
    Location             Delay type         Delay(ns)  Physical Resource
                                                       Logical Resource(s)
    -------------------------------------------------  -------------------
    DSP48_X2Y24.BCOUT10  Tdspcko_BCOUTB        0.531   inst_mulfp/blk000000de
                                                       inst_mulfp/blk000000de
    DSP48_X2Y25.BCIN10   net (fanout=1)        0.008   inst_mulfp/sig000000fc
    DSP48_X2Y25.CLK      Tdspckd_BCINB(-Th)     0.285   inst_mulfp/blk000000e0
                                                       inst_mulfp/blk000000e0
    -------------------------------------------------  ---------------------------
    Total                                      0.254ns (0.246ns logic, 0.008ns route)
                                                       (96.9% logic, 3.1% route)

--------------------------------------------------------------------------------

Component Switching Limit Checks: NET "clock_i1" PERIOD = 10 ns HIGH 50%;
--------------------------------------------------------------------------------
Slack: 7.500ns (period - min period limit)
  Period: 10.000ns
  Min period limit: 2.500ns (400.000MHz) (Trper_CLKA)
  Physical resource: melexis_mlx9064x_core_inst/inst_CalculatePixOS/extract_offset_parameters_i0/mem_offset_parameters_i0/RAMB16_S36_i1/CLKA
  Logical resource: melexis_mlx9064x_core_inst/inst_CalculatePixOS/extract_offset_parameters_i0/mem_offset_parameters_i0/RAMB16_S36_i1/CLKA
  Location pin: RAMB16_X4Y17.CLKA
  Clock network: clock_i
--------------------------------------------------------------------------------
Slack: 7.500ns (period - min period limit)
  Period: 10.000ns
  Min period limit: 2.500ns (400.000MHz) (Trper_CLKA)
  Physical resource: melexis_mlx9064x_core_inst/inst_CalculatePixOS/extract_offset_parameters_i0/mem_offset_parameters_i0/RAMB16_S36_i2/CLKA
  Logical resource: melexis_mlx9064x_core_inst/inst_CalculatePixOS/extract_offset_parameters_i0/mem_offset_parameters_i0/RAMB16_S36_i2/CLKA
  Location pin: RAMB16_X4Y16.CLKA
  Clock network: clock_i
--------------------------------------------------------------------------------
Slack: 7.500ns (period - min period limit)
  Period: 10.000ns
  Min period limit: 2.500ns (400.000MHz) (Trper_CLKA)
  Physical resource: melexis_mlx9064x_core_inst/inst_CalculatePixOS/extract_kta_parameters_i0/mem_kta_parameters_i0/RAMB16_S36_i1/CLKA
  Logical resource: melexis_mlx9064x_core_inst/inst_CalculatePixOS/extract_kta_parameters_i0/mem_kta_parameters_i0/RAMB16_S36_i1/CLKA
  Location pin: RAMB16_X5Y13.CLKA
  Clock network: clock_i
--------------------------------------------------------------------------------


All constraints were met.


Data Sheet report:
-----------------
All values displayed in nanoseconds (ns)

Clock to Setup on destination clock i_clock
---------------+---------+---------+---------+---------+
               | Src:Rise| Src:Fall| Src:Rise| Src:Fall|
Source Clock   |Dest:Rise|Dest:Rise|Dest:Fall|Dest:Fall|
---------------+---------+---------+---------+---------+
i_clock        |    9.980|         |         |         |
---------------+---------+---------+---------+---------+


Timing summary:
---------------

Timing errors: 0  Score: 0  (Setup/Max: 0, Hold: 0)

Constraints cover 315783 paths, 0 nets, and 54232 connections

Design statistics:
   Minimum period:   9.980ns{1}   (Maximum frequency: 100.200MHz)


------------------------------------Footnotes-----------------------------------
1)  The minimum period statistic assumes all single cycle delays.

Analysis completed Sun Sep 21 00:00:20 2025 
--------------------------------------------------------------------------------

Trace Settings:
-------------------------
Trace Settings 

Peak Memory Usage: 678 MB



