--------------------------------------------------------------------------------
Release 14.7 Trace  (lin64)
Copyright (c) 1995-2013 Xilinx, Inc.  All rights reserved.

/home/user/.local/Xilinx/14.7/ISE_DS/ISE/bin/lin64/unwrapped/trce -intstyle ise
-v 3 -s 4 -n 3 -fastpaths -xml test1.twx test1.ncd -o test1.twr test1.pcf

Design file:              test1.ncd
Physical constraint file: test1.pcf
Device,package,speed:     xc3s1200e,fg320,-4 (PRODUCTION 1.27 2013-10-13)
Report level:             verbose report

Environment Variable      Effect 
--------------------      ------ 
NONE                      No environment variables were set
--------------------------------------------------------------------------------

WARNING:Timing:3223 - Timing constraint PATH "TS_1_path" TIG; ignored during 
   timing analysis.
WARNING:Timing:3223 - Timing constraint PATH "TS_2_path" TIG; ignored during 
   timing analysis.
WARNING:Timing:3223 - Timing constraint PATH "TS_3_path" TIG; ignored during 
   timing analysis.
WARNING:Timing:3223 - Timing constraint PATH "TS_4_path" TIG; ignored during 
   timing analysis.
WARNING:Timing:3223 - Timing constraint PATH "TS_8_path" TIG; ignored during 
   timing analysis.
WARNING:Timing:3223 - Timing constraint PATH "TS_9_path" TIG; ignored during 
   timing analysis.
WARNING:Timing:3223 - Timing constraint PATH "TS_a_path" TIG; ignored during 
   timing analysis.
WARNING:Timing:3223 - Timing constraint PATH "TS_b_path" TIG; ignored during 
   timing analysis.
WARNING:Timing:3223 - Timing constraint PATH "TS_c_path" TIG; ignored during 
   timing analysis.
INFO:Timing:3386 - Intersecting Constraints found and resolved.  For more 
   information, see the TSI report.  Please consult the Xilinx Command Line 
   Tools User Guide for information on generating a TSI report.
INFO:Timing:3412 - To improve timing, see the Timing Closure User Guide (UG612).
INFO:Timing:2752 - To get complete path coverage, use the unconstrained paths 
   option. All paths that are not constrained will be reported in the 
   unconstrained paths section(s) of the report.
INFO:Timing:3339 - The clock-to-out numbers in this timing report are based on 
   a 50 Ohm transmission line loading model.  For the details of this model, 
   and for more information on accounting for different loading conditions, 
   please see the device datasheet.
INFO:Timing:3390 - This architecture does not support a default System Jitter 
   value, please add SYSTEM_JITTER constraint to the UCF to modify the Clock 
   Uncertainty calculation.
INFO:Timing:3389 - This architecture does not support 'Discrete Jitter' and 
   'Phase Error' calculations, these terms will be zero in the Clock 
   Uncertainty calculation.  Please make appropriate modification to 
   SYSTEM_JITTER to account for the unsupported Discrete Jitter and Phase 
   Error.

================================================================================
Timing constraint: NET "i_clock_BUFGP/IBUFG" PERIOD = 20 ns HIGH 50%;
For more information, see Period Analysis in the Timing Closure User Guide (UG612).

 351255 paths analyzed, 29997 endpoints analyzed, 0 failing endpoints
 0 timing errors detected. (0 setup errors, 0 hold errors, 0 component switching limit errors)
 Minimum period is  19.180ns.
--------------------------------------------------------------------------------

Paths for end point inst_mulfp/blk00000272 (MULT18X18_X0Y7.A15), 47 paths
--------------------------------------------------------------------------------
Slack (setup path):     0.820ns (requirement - (data path - clock path skew + uncertainty))
  Source:               melexis_mlx9064x_core_inst/inst_CalculatePixOS/extract_offset_parameters_mux (FF)
  Destination:          inst_mulfp/blk00000272 (MULT)
  Requirement:          20.000ns
  Data Path Delay:      19.180ns (Levels of Logic = 4)
  Clock Path Skew:      0.000ns
  Source Clock:         i_clock_BUFGP rising at 0.000ns
  Destination Clock:    i_clock_BUFGP rising at 20.000ns
  Clock Uncertainty:    0.000ns

  Maximum Data Path: melexis_mlx9064x_core_inst/inst_CalculatePixOS/extract_offset_parameters_mux to inst_mulfp/blk00000272
    Location             Delay type         Delay(ns)  Physical Resource
                                                       Logical Resource(s)
    -------------------------------------------------  -------------------
    SLICE_X91Y84.YQ      Tcko                  0.587   melexis_mlx9064x_core_inst/inst_CalculatePixOS/extract_offset_parameters_mux
                                                       melexis_mlx9064x_core_inst/inst_CalculatePixOS/extract_offset_parameters_mux
    SLICE_X51Y72.G3      net (fanout=372)      5.548   melexis_mlx9064x_core_inst/inst_CalculatePixOS/extract_offset_parameters_mux
    SLICE_X51Y72.Y       Tilo                  0.704   melexis_mlx9064x_core_inst/inst_CalculatePixOsCPSP/mulfpb_internal_mux0000<5>12
                                                       melexis_mlx9064x_core_inst/inst_CalculatePixOS/mulfpa<22>14_SW0
    SLICE_X47Y84.G2      net (fanout=1)        0.724   N3118
    SLICE_X47Y84.Y       Tilo                  0.704   melexis_mlx9064x_core_inst/mulfpa<22>11
                                                       melexis_mlx9064x_core_inst/inst_CalculatePixOS/mulfpa<22>14
    SLICE_X47Y84.F1      net (fanout=1)        0.772   melexis_mlx9064x_core_inst/inst_CalculatePixOS/mulfpa<22>14/O
    SLICE_X47Y84.X       Tilo                  0.704   melexis_mlx9064x_core_inst/mulfpa<22>11
                                                       melexis_mlx9064x_core_inst/mulfpa<22>11
    SLICE_X32Y70.F1      net (fanout=1)        1.371   melexis_mlx9064x_core_inst/mulfpa<22>11
    SLICE_X32Y70.X       Tilo                  0.759   mulfpa<22>
                                                       melexis_mlx9064x_core_inst/mulfpa<22>58
    MULT18X18_X0Y7.A15   net (fanout=3)        3.327   mulfpa<22>
    MULT18X18_X0Y7.CLK   Tmsdck_P              3.980   inst_mulfp/blk00000272
                                                       inst_mulfp/blk00000272
    -------------------------------------------------  ---------------------------
    Total                                     19.180ns (7.438ns logic, 11.742ns route)
                                                       (38.8% logic, 61.2% route)

--------------------------------------------------------------------------------
Slack (setup path):     2.239ns (requirement - (data path - clock path skew + uncertainty))
  Source:               melexis_mlx9064x_core_inst/inst_CalculatePixOS/extract_offset_parameters_mux (FF)
  Destination:          inst_mulfp/blk00000272 (MULT)
  Requirement:          20.000ns
  Data Path Delay:      17.761ns (Levels of Logic = 4)
  Clock Path Skew:      0.000ns
  Source Clock:         i_clock_BUFGP rising at 0.000ns
  Destination Clock:    i_clock_BUFGP rising at 20.000ns
  Clock Uncertainty:    0.000ns

  Maximum Data Path: melexis_mlx9064x_core_inst/inst_CalculatePixOS/extract_offset_parameters_mux to inst_mulfp/blk00000272
    Location             Delay type         Delay(ns)  Physical Resource
                                                       Logical Resource(s)
    -------------------------------------------------  -------------------
    SLICE_X91Y84.YQ      Tcko                  0.587   melexis_mlx9064x_core_inst/inst_CalculatePixOS/extract_offset_parameters_mux
                                                       melexis_mlx9064x_core_inst/inst_CalculatePixOS/extract_offset_parameters_mux
    SLICE_X48Y87.F2      net (fanout=372)      4.450   melexis_mlx9064x_core_inst/inst_CalculatePixOS/extract_offset_parameters_mux
    SLICE_X48Y87.X       Tilo                  0.759   inst_mulfp/sig0000007e
                                                       melexis_mlx9064x_core_inst/inst_CalculatePixOS/mulfpa<22>5
    SLICE_X47Y84.G4      net (fanout=1)        0.348   melexis_mlx9064x_core_inst/inst_CalculatePixOS/mulfpa<22>5
    SLICE_X47Y84.Y       Tilo                  0.704   melexis_mlx9064x_core_inst/mulfpa<22>11
                                                       melexis_mlx9064x_core_inst/inst_CalculatePixOS/mulfpa<22>14
    SLICE_X47Y84.F1      net (fanout=1)        0.772   melexis_mlx9064x_core_inst/inst_CalculatePixOS/mulfpa<22>14/O
    SLICE_X47Y84.X       Tilo                  0.704   melexis_mlx9064x_core_inst/mulfpa<22>11
                                                       melexis_mlx9064x_core_inst/mulfpa<22>11
    SLICE_X32Y70.F1      net (fanout=1)        1.371   melexis_mlx9064x_core_inst/mulfpa<22>11
    SLICE_X32Y70.X       Tilo                  0.759   mulfpa<22>
                                                       melexis_mlx9064x_core_inst/mulfpa<22>58
    MULT18X18_X0Y7.A15   net (fanout=3)        3.327   mulfpa<22>
    MULT18X18_X0Y7.CLK   Tmsdck_P              3.980   inst_mulfp/blk00000272
                                                       inst_mulfp/blk00000272
    -------------------------------------------------  ---------------------------
    Total                                     17.761ns (7.493ns logic, 10.268ns route)
                                                       (42.2% logic, 57.8% route)

--------------------------------------------------------------------------------
Slack (setup path):     2.253ns (requirement - (data path - clock path skew + uncertainty))
  Source:               melexis_mlx9064x_core_inst/CalculateVirCompensated_mux (FF)
  Destination:          inst_mulfp/blk00000272 (MULT)
  Requirement:          20.000ns
  Data Path Delay:      17.747ns (Levels of Logic = 4)
  Clock Path Skew:      0.000ns
  Source Clock:         i_clock_BUFGP rising at 0.000ns
  Destination Clock:    i_clock_BUFGP rising at 20.000ns
  Clock Uncertainty:    0.000ns

  Maximum Data Path: melexis_mlx9064x_core_inst/CalculateVirCompensated_mux to inst_mulfp/blk00000272
    Location             Delay type         Delay(ns)  Physical Resource
                                                       Logical Resource(s)
    -------------------------------------------------  -------------------
    SLICE_X39Y46.XQ      Tcko                  0.591   melexis_mlx9064x_core_inst/CalculateVirCompensated_mux
                                                       melexis_mlx9064x_core_inst/CalculateVirCompensated_mux
    SLICE_X32Y90.G2      net (fanout=315)      3.608   melexis_mlx9064x_core_inst/CalculateVirCompensated_mux
    SLICE_X32Y90.Y       Tilo                  0.759   melexis_mlx9064x_core_inst/mulfpb<8>28
                                                       melexis_mlx9064x_core_inst/mulfpa<0>171
    SLICE_X33Y72.G4      net (fanout=66)       2.660   melexis_mlx9064x_core_inst/N429
    SLICE_X33Y72.Y       Tilo                  0.704   melexis_mlx9064x_core_inst/inst_CalculatePixOS/extract_kta_parameters_i0/mulfpb_internal<0>
                                                       melexis_mlx9064x_core_inst/mulfpa<22>28
    SLICE_X33Y72.F4      net (fanout=1)        0.343   melexis_mlx9064x_core_inst/mulfpa<22>28/O
    SLICE_X33Y72.X       Tilo                  0.704   melexis_mlx9064x_core_inst/inst_CalculatePixOS/extract_kta_parameters_i0/mulfpb_internal<0>
                                                       melexis_mlx9064x_core_inst/mulfpa<22>39
    SLICE_X32Y70.F4      net (fanout=1)        0.312   melexis_mlx9064x_core_inst/mulfpa<22>39
    SLICE_X32Y70.X       Tilo                  0.759   mulfpa<22>
                                                       melexis_mlx9064x_core_inst/mulfpa<22>58
    MULT18X18_X0Y7.A15   net (fanout=3)        3.327   mulfpa<22>
    MULT18X18_X0Y7.CLK   Tmsdck_P              3.980   inst_mulfp/blk00000272
                                                       inst_mulfp/blk00000272
    -------------------------------------------------  ---------------------------
    Total                                     17.747ns (7.497ns logic, 10.250ns route)
                                                       (42.2% logic, 57.8% route)

--------------------------------------------------------------------------------

Paths for end point inst_mulfp/blk00000271 (MULT18X18_X0Y6.A13), 47 paths
--------------------------------------------------------------------------------
Slack (setup path):     1.244ns (requirement - (data path - clock path skew + uncertainty))
  Source:               melexis_mlx9064x_core_inst/inst_CalculatePixOS/extract_offset_parameters_mux (FF)
  Destination:          inst_mulfp/blk00000271 (MULT)
  Requirement:          20.000ns
  Data Path Delay:      18.756ns (Levels of Logic = 4)
  Clock Path Skew:      0.000ns
  Source Clock:         i_clock_BUFGP rising at 0.000ns
  Destination Clock:    i_clock_BUFGP rising at 20.000ns
  Clock Uncertainty:    0.000ns

  Maximum Data Path: melexis_mlx9064x_core_inst/inst_CalculatePixOS/extract_offset_parameters_mux to inst_mulfp/blk00000271
    Location             Delay type         Delay(ns)  Physical Resource
                                                       Logical Resource(s)
    -------------------------------------------------  -------------------
    SLICE_X91Y84.YQ      Tcko                  0.587   melexis_mlx9064x_core_inst/inst_CalculatePixOS/extract_offset_parameters_mux
                                                       melexis_mlx9064x_core_inst/inst_CalculatePixOS/extract_offset_parameters_mux
    SLICE_X49Y72.F4      net (fanout=372)      5.201   melexis_mlx9064x_core_inst/inst_CalculatePixOS/extract_offset_parameters_mux
    SLICE_X49Y72.X       Tilo                  0.704   N3122
                                                       melexis_mlx9064x_core_inst/inst_CalculatePixOS/mulfpa<20>14_SW0
    SLICE_X47Y93.G3      net (fanout=1)        1.306   N3122
    SLICE_X47Y93.Y       Tilo                  0.704   melexis_mlx9064x_core_inst/mulfpa<20>11
                                                       melexis_mlx9064x_core_inst/inst_CalculatePixOS/mulfpa<20>14
    SLICE_X47Y93.F4      net (fanout=1)        0.023   melexis_mlx9064x_core_inst/inst_CalculatePixOS/mulfpa<20>14/O
    SLICE_X47Y93.X       Tilo                  0.704   melexis_mlx9064x_core_inst/mulfpa<20>11
                                                       melexis_mlx9064x_core_inst/mulfpa<20>11
    SLICE_X34Y76.F1      net (fanout=1)        1.395   melexis_mlx9064x_core_inst/mulfpa<20>11
    SLICE_X34Y76.X       Tilo                  0.759   mulfpa<20>
                                                       melexis_mlx9064x_core_inst/mulfpa<20>58
    MULT18X18_X0Y6.A13   net (fanout=3)        3.393   mulfpa<20>
    MULT18X18_X0Y6.CLK   Tmsdck_P              3.980   inst_mulfp/blk00000271
                                                       inst_mulfp/blk00000271
    -------------------------------------------------  ---------------------------
    Total                                     18.756ns (7.438ns logic, 11.318ns route)
                                                       (39.7% logic, 60.3% route)

--------------------------------------------------------------------------------
Slack (setup path):     2.722ns (requirement - (data path - clock path skew + uncertainty))
  Source:               melexis_mlx9064x_core_inst/CalculateAlphaComp_mux (FF)
  Destination:          inst_mulfp/blk00000271 (MULT)
  Requirement:          20.000ns
  Data Path Delay:      17.278ns (Levels of Logic = 4)
  Clock Path Skew:      0.000ns
  Source Clock:         i_clock_BUFGP rising at 0.000ns
  Destination Clock:    i_clock_BUFGP rising at 20.000ns
  Clock Uncertainty:    0.000ns

  Maximum Data Path: melexis_mlx9064x_core_inst/CalculateAlphaComp_mux to inst_mulfp/blk00000271
    Location             Delay type         Delay(ns)  Physical Resource
                                                       Logical Resource(s)
    -------------------------------------------------  -------------------
    SLICE_X36Y44.YQ      Tcko                  0.652   melexis_mlx9064x_core_inst/CalculateAlphaComp_mux_1
                                                       melexis_mlx9064x_core_inst/CalculateAlphaComp_mux
    SLICE_X30Y84.G1      net (fanout=424)      3.717   melexis_mlx9064x_core_inst/CalculateAlphaComp_mux
    SLICE_X30Y84.Y       Tilo                  0.759   melexis_mlx9064x_core_inst/inst_CalculateAlphaCP/o_acpsubpage0<5>
                                                       melexis_mlx9064x_core_inst/mulfpa<0>151
    SLICE_X28Y76.F3      net (fanout=66)       1.697   melexis_mlx9064x_core_inst/N424
    SLICE_X28Y76.X       Tilo                  0.759   melexis_mlx9064x_core_inst/g_calculate_raw_image.calculate_raw_image_i0/mulfpa_internal<21>
                                                       melexis_mlx9064x_core_inst/mulfpa<20>23
    SLICE_X32Y77.F1      net (fanout=1)        0.405   melexis_mlx9064x_core_inst/mulfpa<20>23
    SLICE_X32Y77.X       Tilo                  0.759   melexis_mlx9064x_core_inst/mulfpa<20>39
                                                       melexis_mlx9064x_core_inst/mulfpa<20>39
    SLICE_X34Y76.F2      net (fanout=1)        0.398   melexis_mlx9064x_core_inst/mulfpa<20>39
    SLICE_X34Y76.X       Tilo                  0.759   mulfpa<20>
                                                       melexis_mlx9064x_core_inst/mulfpa<20>58
    MULT18X18_X0Y6.A13   net (fanout=3)        3.393   mulfpa<20>
    MULT18X18_X0Y6.CLK   Tmsdck_P              3.980   inst_mulfp/blk00000271
                                                       inst_mulfp/blk00000271
    -------------------------------------------------  ---------------------------
    Total                                     17.278ns (7.668ns logic, 9.610ns route)
                                                       (44.4% logic, 55.6% route)

--------------------------------------------------------------------------------
Slack (setup path):     2.963ns (requirement - (data path - clock path skew + uncertainty))
  Source:               melexis_mlx9064x_core_inst/CalculateVirCompensated_mux (FF)
  Destination:          inst_mulfp/blk00000271 (MULT)
  Requirement:          20.000ns
  Data Path Delay:      17.037ns (Levels of Logic = 4)
  Clock Path Skew:      0.000ns
  Source Clock:         i_clock_BUFGP rising at 0.000ns
  Destination Clock:    i_clock_BUFGP rising at 20.000ns
  Clock Uncertainty:    0.000ns

  Maximum Data Path: melexis_mlx9064x_core_inst/CalculateVirCompensated_mux to inst_mulfp/blk00000271
    Location             Delay type         Delay(ns)  Physical Resource
                                                       Logical Resource(s)
    -------------------------------------------------  -------------------
    SLICE_X39Y46.XQ      Tcko                  0.591   melexis_mlx9064x_core_inst/CalculateVirCompensated_mux
                                                       melexis_mlx9064x_core_inst/CalculateVirCompensated_mux
    SLICE_X32Y90.G2      net (fanout=315)      3.608   melexis_mlx9064x_core_inst/CalculateVirCompensated_mux
    SLICE_X32Y90.Y       Tilo                  0.759   melexis_mlx9064x_core_inst/mulfpb<8>28
                                                       melexis_mlx9064x_core_inst/mulfpa<0>171
    SLICE_X32Y77.G2      net (fanout=66)       1.632   melexis_mlx9064x_core_inst/N429
    SLICE_X32Y77.Y       Tilo                  0.759   melexis_mlx9064x_core_inst/mulfpa<20>39
                                                       melexis_mlx9064x_core_inst/mulfpa<20>28
    SLICE_X32Y77.F2      net (fanout=1)        0.399   melexis_mlx9064x_core_inst/mulfpa<20>28/O
    SLICE_X32Y77.X       Tilo                  0.759   melexis_mlx9064x_core_inst/mulfpa<20>39
                                                       melexis_mlx9064x_core_inst/mulfpa<20>39
    SLICE_X34Y76.F2      net (fanout=1)        0.398   melexis_mlx9064x_core_inst/mulfpa<20>39
    SLICE_X34Y76.X       Tilo                  0.759   mulfpa<20>
                                                       melexis_mlx9064x_core_inst/mulfpa<20>58
    MULT18X18_X0Y6.A13   net (fanout=3)        3.393   mulfpa<20>
    MULT18X18_X0Y6.CLK   Tmsdck_P              3.980   inst_mulfp/blk00000271
                                                       inst_mulfp/blk00000271
    -------------------------------------------------  ---------------------------
    Total                                     17.037ns (7.607ns logic, 9.430ns route)
                                                       (44.6% logic, 55.4% route)

--------------------------------------------------------------------------------

Paths for end point inst_mulfp/blk00000271 (MULT18X18_X0Y6.A15), 47 paths
--------------------------------------------------------------------------------
Slack (setup path):     1.315ns (requirement - (data path - clock path skew + uncertainty))
  Source:               melexis_mlx9064x_core_inst/inst_CalculatePixOS/extract_offset_parameters_mux (FF)
  Destination:          inst_mulfp/blk00000271 (MULT)
  Requirement:          20.000ns
  Data Path Delay:      18.685ns (Levels of Logic = 4)
  Clock Path Skew:      0.000ns
  Source Clock:         i_clock_BUFGP rising at 0.000ns
  Destination Clock:    i_clock_BUFGP rising at 20.000ns
  Clock Uncertainty:    0.000ns

  Maximum Data Path: melexis_mlx9064x_core_inst/inst_CalculatePixOS/extract_offset_parameters_mux to inst_mulfp/blk00000271
    Location             Delay type         Delay(ns)  Physical Resource
                                                       Logical Resource(s)
    -------------------------------------------------  -------------------
    SLICE_X91Y84.YQ      Tcko                  0.587   melexis_mlx9064x_core_inst/inst_CalculatePixOS/extract_offset_parameters_mux
                                                       melexis_mlx9064x_core_inst/inst_CalculatePixOS/extract_offset_parameters_mux
    SLICE_X51Y72.G3      net (fanout=372)      5.548   melexis_mlx9064x_core_inst/inst_CalculatePixOS/extract_offset_parameters_mux
    SLICE_X51Y72.Y       Tilo                  0.704   melexis_mlx9064x_core_inst/inst_CalculatePixOsCPSP/mulfpb_internal_mux0000<5>12
                                                       melexis_mlx9064x_core_inst/inst_CalculatePixOS/mulfpa<22>14_SW0
    SLICE_X47Y84.G2      net (fanout=1)        0.724   N3118
    SLICE_X47Y84.Y       Tilo                  0.704   melexis_mlx9064x_core_inst/mulfpa<22>11
                                                       melexis_mlx9064x_core_inst/inst_CalculatePixOS/mulfpa<22>14
    SLICE_X47Y84.F1      net (fanout=1)        0.772   melexis_mlx9064x_core_inst/inst_CalculatePixOS/mulfpa<22>14/O
    SLICE_X47Y84.X       Tilo                  0.704   melexis_mlx9064x_core_inst/mulfpa<22>11
                                                       melexis_mlx9064x_core_inst/mulfpa<22>11
    SLICE_X32Y70.F1      net (fanout=1)        1.371   melexis_mlx9064x_core_inst/mulfpa<22>11
    SLICE_X32Y70.X       Tilo                  0.759   mulfpa<22>
                                                       melexis_mlx9064x_core_inst/mulfpa<22>58
    MULT18X18_X0Y6.A15   net (fanout=3)        2.832   mulfpa<22>
    MULT18X18_X0Y6.CLK   Tmsdck_P              3.980   inst_mulfp/blk00000271
                                                       inst_mulfp/blk00000271
    -------------------------------------------------  ---------------------------
    Total                                     18.685ns (7.438ns logic, 11.247ns route)
                                                       (39.8% logic, 60.2% route)

--------------------------------------------------------------------------------
Slack (setup path):     2.734ns (requirement - (data path - clock path skew + uncertainty))
  Source:               melexis_mlx9064x_core_inst/inst_CalculatePixOS/extract_offset_parameters_mux (FF)
  Destination:          inst_mulfp/blk00000271 (MULT)
  Requirement:          20.000ns
  Data Path Delay:      17.266ns (Levels of Logic = 4)
  Clock Path Skew:      0.000ns
  Source Clock:         i_clock_BUFGP rising at 0.000ns
  Destination Clock:    i_clock_BUFGP rising at 20.000ns
  Clock Uncertainty:    0.000ns

  Maximum Data Path: melexis_mlx9064x_core_inst/inst_CalculatePixOS/extract_offset_parameters_mux to inst_mulfp/blk00000271
    Location             Delay type         Delay(ns)  Physical Resource
                                                       Logical Resource(s)
    -------------------------------------------------  -------------------
    SLICE_X91Y84.YQ      Tcko                  0.587   melexis_mlx9064x_core_inst/inst_CalculatePixOS/extract_offset_parameters_mux
                                                       melexis_mlx9064x_core_inst/inst_CalculatePixOS/extract_offset_parameters_mux
    SLICE_X48Y87.F2      net (fanout=372)      4.450   melexis_mlx9064x_core_inst/inst_CalculatePixOS/extract_offset_parameters_mux
    SLICE_X48Y87.X       Tilo                  0.759   inst_mulfp/sig0000007e
                                                       melexis_mlx9064x_core_inst/inst_CalculatePixOS/mulfpa<22>5
    SLICE_X47Y84.G4      net (fanout=1)        0.348   melexis_mlx9064x_core_inst/inst_CalculatePixOS/mulfpa<22>5
    SLICE_X47Y84.Y       Tilo                  0.704   melexis_mlx9064x_core_inst/mulfpa<22>11
                                                       melexis_mlx9064x_core_inst/inst_CalculatePixOS/mulfpa<22>14
    SLICE_X47Y84.F1      net (fanout=1)        0.772   melexis_mlx9064x_core_inst/inst_CalculatePixOS/mulfpa<22>14/O
    SLICE_X47Y84.X       Tilo                  0.704   melexis_mlx9064x_core_inst/mulfpa<22>11
                                                       melexis_mlx9064x_core_inst/mulfpa<22>11
    SLICE_X32Y70.F1      net (fanout=1)        1.371   melexis_mlx9064x_core_inst/mulfpa<22>11
    SLICE_X32Y70.X       Tilo                  0.759   mulfpa<22>
                                                       melexis_mlx9064x_core_inst/mulfpa<22>58
    MULT18X18_X0Y6.A15   net (fanout=3)        2.832   mulfpa<22>
    MULT18X18_X0Y6.CLK   Tmsdck_P              3.980   inst_mulfp/blk00000271
                                                       inst_mulfp/blk00000271
    -------------------------------------------------  ---------------------------
    Total                                     17.266ns (7.493ns logic, 9.773ns route)
                                                       (43.4% logic, 56.6% route)

--------------------------------------------------------------------------------
Slack (setup path):     2.748ns (requirement - (data path - clock path skew + uncertainty))
  Source:               melexis_mlx9064x_core_inst/CalculateVirCompensated_mux (FF)
  Destination:          inst_mulfp/blk00000271 (MULT)
  Requirement:          20.000ns
  Data Path Delay:      17.252ns (Levels of Logic = 4)
  Clock Path Skew:      0.000ns
  Source Clock:         i_clock_BUFGP rising at 0.000ns
  Destination Clock:    i_clock_BUFGP rising at 20.000ns
  Clock Uncertainty:    0.000ns

  Maximum Data Path: melexis_mlx9064x_core_inst/CalculateVirCompensated_mux to inst_mulfp/blk00000271
    Location             Delay type         Delay(ns)  Physical Resource
                                                       Logical Resource(s)
    -------------------------------------------------  -------------------
    SLICE_X39Y46.XQ      Tcko                  0.591   melexis_mlx9064x_core_inst/CalculateVirCompensated_mux
                                                       melexis_mlx9064x_core_inst/CalculateVirCompensated_mux
    SLICE_X32Y90.G2      net (fanout=315)      3.608   melexis_mlx9064x_core_inst/CalculateVirCompensated_mux
    SLICE_X32Y90.Y       Tilo                  0.759   melexis_mlx9064x_core_inst/mulfpb<8>28
                                                       melexis_mlx9064x_core_inst/mulfpa<0>171
    SLICE_X33Y72.G4      net (fanout=66)       2.660   melexis_mlx9064x_core_inst/N429
    SLICE_X33Y72.Y       Tilo                  0.704   melexis_mlx9064x_core_inst/inst_CalculatePixOS/extract_kta_parameters_i0/mulfpb_internal<0>
                                                       melexis_mlx9064x_core_inst/mulfpa<22>28
    SLICE_X33Y72.F4      net (fanout=1)        0.343   melexis_mlx9064x_core_inst/mulfpa<22>28/O
    SLICE_X33Y72.X       Tilo                  0.704   melexis_mlx9064x_core_inst/inst_CalculatePixOS/extract_kta_parameters_i0/mulfpb_internal<0>
                                                       melexis_mlx9064x_core_inst/mulfpa<22>39
    SLICE_X32Y70.F4      net (fanout=1)        0.312   melexis_mlx9064x_core_inst/mulfpa<22>39
    SLICE_X32Y70.X       Tilo                  0.759   mulfpa<22>
                                                       melexis_mlx9064x_core_inst/mulfpa<22>58
    MULT18X18_X0Y6.A15   net (fanout=3)        2.832   mulfpa<22>
    MULT18X18_X0Y6.CLK   Tmsdck_P              3.980   inst_mulfp/blk00000271
                                                       inst_mulfp/blk00000271
    -------------------------------------------------  ---------------------------
    Total                                     17.252ns (7.497ns logic, 9.755ns route)
                                                       (43.5% logic, 56.5% route)

--------------------------------------------------------------------------------

Hold Paths: NET "i_clock_BUFGP/IBUFG" PERIOD = 20 ns HIGH 50%;
--------------------------------------------------------------------------------

Paths for end point i2c_mlx_i0/U0/xst_blk_mem_generator/gnativebmg.native_blk_mem_gen/valid.cstr/ramloop[1].ram.r/s3_noinit.ram/dpram.dp9x4.ram.B (RAMB16_X0Y8.DIB0), 1 path
--------------------------------------------------------------------------------
Slack (hold path):      0.643ns (requirement - (clock path skew + uncertainty - data path))
  Source:               i2c_mlx_dina_4 (FF)
  Destination:          i2c_mlx_i0/U0/xst_blk_mem_generator/gnativebmg.native_blk_mem_gen/valid.cstr/ramloop[1].ram.r/s3_noinit.ram/dpram.dp9x4.ram.B (RAM)
  Requirement:          0.000ns
  Data Path Delay:      0.641ns (Levels of Logic = 0)
  Clock Path Skew:      -0.002ns (0.133 - 0.135)
  Source Clock:         i_clock_BUFGP rising at 20.000ns
  Destination Clock:    i_clock_BUFGP rising at 20.000ns
  Clock Uncertainty:    0.000ns

  Minimum Data Path: i2c_mlx_dina_4 to i2c_mlx_i0/U0/xst_blk_mem_generator/gnativebmg.native_blk_mem_gen/valid.cstr/ramloop[1].ram.r/s3_noinit.ram/dpram.dp9x4.ram.B
    Location             Delay type         Delay(ns)  Physical Resource
                                                       Logical Resource(s)
    -------------------------------------------------  -------------------
    SLICE_X3Y68.XQ       Tcko                  0.473   i2c_mlx_dina<4>
                                                       i2c_mlx_dina_4
    RAMB16_X0Y8.DIB0     net (fanout=2)        0.294   i2c_mlx_dina<4>
    RAMB16_X0Y8.CLKB     Tbckd       (-Th)     0.126   i2c_mlx_i0/U0/xst_blk_mem_generator/gnativebmg.native_blk_mem_gen/valid.cstr/ramloop[1].ram.r/s3_noinit.ram/dpram.dp9x4.ram
                                                       i2c_mlx_i0/U0/xst_blk_mem_generator/gnativebmg.native_blk_mem_gen/valid.cstr/ramloop[1].ram.r/s3_noinit.ram/dpram.dp9x4.ram.B
    -------------------------------------------------  ---------------------------
    Total                                      0.641ns (0.347ns logic, 0.294ns route)
                                                       (54.1% logic, 45.9% route)

--------------------------------------------------------------------------------

Paths for end point inst_mulfp/blk000002ea (SLICE_X40Y103.BY), 1 path
--------------------------------------------------------------------------------
Slack (hold path):      0.692ns (requirement - (clock path skew + uncertainty - data path))
  Source:               inst_mulfp/blk00000266 (FF)
  Destination:          inst_mulfp/blk000002ea (FF)
  Requirement:          0.000ns
  Data Path Delay:      0.696ns (Levels of Logic = 1)
  Clock Path Skew:      0.004ns (0.010 - 0.006)
  Source Clock:         i_clock_BUFGP rising at 20.000ns
  Destination Clock:    i_clock_BUFGP rising at 20.000ns
  Clock Uncertainty:    0.000ns

  Minimum Data Path: inst_mulfp/blk00000266 to inst_mulfp/blk000002ea
    Location             Delay type         Delay(ns)  Physical Resource
                                                       Logical Resource(s)
    -------------------------------------------------  -------------------
    SLICE_X41Y104.YQ     Tcko                  0.470   inst_mulfp/sig00000010
                                                       inst_mulfp/blk00000266
    SLICE_X40Y103.BY     net (fanout=1)        0.353   inst_mulfp/sig00000010
    SLICE_X40Y103.CLK    Tdh         (-Th)     0.127   inst_mulfp/sig00000011
                                                       inst_mulfp/blk000002ea
    -------------------------------------------------  ---------------------------
    Total                                      0.696ns (0.343ns logic, 0.353ns route)
                                                       (49.3% logic, 50.7% route)

--------------------------------------------------------------------------------

Paths for end point inst_subfp/blk000005a7 (SLICE_X74Y107.BY), 1 path
--------------------------------------------------------------------------------
Slack (hold path):      0.699ns (requirement - (clock path skew + uncertainty - data path))
  Source:               inst_subfp/blk000001c0 (FF)
  Destination:          inst_subfp/blk000005a7 (FF)
  Requirement:          0.000ns
  Data Path Delay:      0.700ns (Levels of Logic = 1)
  Clock Path Skew:      0.001ns (0.069 - 0.068)
  Source Clock:         i_clock_BUFGP rising at 20.000ns
  Destination Clock:    i_clock_BUFGP rising at 20.000ns
  Clock Uncertainty:    0.000ns

  Minimum Data Path: inst_subfp/blk000001c0 to inst_subfp/blk000005a7
    Location             Delay type         Delay(ns)  Physical Resource
                                                       Logical Resource(s)
    -------------------------------------------------  -------------------
    SLICE_X74Y109.XQ     Tcko                  0.474   inst_subfp/sig00000348
                                                       inst_subfp/blk000001c0
    SLICE_X74Y107.BY     net (fanout=1)        0.353   inst_subfp/sig00000348
    SLICE_X74Y107.CLK    Tdh         (-Th)     0.127   inst_subfp/sig00000250
                                                       inst_subfp/blk000005a7
    -------------------------------------------------  ---------------------------
    Total                                      0.700ns (0.347ns logic, 0.353ns route)
                                                       (49.6% logic, 50.4% route)

--------------------------------------------------------------------------------

Component Switching Limit Checks: NET "i_clock_BUFGP/IBUFG" PERIOD = 20 ns HIGH 50%;
--------------------------------------------------------------------------------
Slack: 15.833ns (period - min period limit)
  Period: 20.000ns
  Min period limit: 4.167ns (239.981MHz) (Tmsper_P)
  Physical resource: inst_mulfp/blk00000270/CLK
  Logical resource: inst_mulfp/blk00000270/CLK
  Location pin: MULT18X18_X0Y5.CLK
  Clock network: i_clock_BUFGP
--------------------------------------------------------------------------------
Slack: 15.833ns (period - min period limit)
  Period: 20.000ns
  Min period limit: 4.167ns (239.981MHz) (Tmsper_P)
  Physical resource: inst_mulfp/blk00000271/CLK
  Logical resource: inst_mulfp/blk00000271/CLK
  Location pin: MULT18X18_X0Y6.CLK
  Clock network: i_clock_BUFGP
--------------------------------------------------------------------------------
Slack: 15.833ns (period - min period limit)
  Period: 20.000ns
  Min period limit: 4.167ns (239.981MHz) (Tmsper_P)
  Physical resource: inst_mulfp/blk00000272/CLK
  Logical resource: inst_mulfp/blk00000272/CLK
  Location pin: MULT18X18_X0Y7.CLK
  Clock network: i_clock_BUFGP
--------------------------------------------------------------------------------

================================================================================
Timing constraint: TS_CLK25 = PERIOD TIMEGRP "CLK25" 40 ns HIGH 50%;
For more information, see Period Analysis in the Timing Closure User Guide (UG612).

 0 paths analyzed, 0 endpoints analyzed, 0 failing endpoints
 0 timing errors detected. (0 component switching limit errors)
 Minimum period is   3.192ns.
--------------------------------------------------------------------------------

Component Switching Limit Checks: TS_CLK25 = PERIOD TIMEGRP "CLK25" 40 ns HIGH 50%;
--------------------------------------------------------------------------------
Slack: 36.808ns (period - (min low pulse limit / (low pulse / period)))
  Period: 40.000ns
  Low pulse: 20.000ns
  Low pulse limit: 1.596ns (Trpw)
  Physical resource: vgaclk251/SR
  Logical resource: vgaclk25/SR
  Location pin: SLICE_X39Y92.SR
  Clock network: i_reset_IBUF
--------------------------------------------------------------------------------
Slack: 36.808ns (period - (min high pulse limit / (high pulse / period)))
  Period: 40.000ns
  High pulse: 20.000ns
  High pulse limit: 1.596ns (Trpw)
  Physical resource: vgaclk251/SR
  Logical resource: vgaclk25/SR
  Location pin: SLICE_X39Y92.SR
  Clock network: i_reset_IBUF
--------------------------------------------------------------------------------
Slack: 38.404ns (period - (min low pulse limit / (low pulse / period)))
  Period: 40.000ns
  Low pulse: 20.000ns
  Low pulse limit: 0.798ns (Tcl)
  Physical resource: vgaclk251/CLK
  Logical resource: vgaclk25/CK
  Location pin: SLICE_X39Y92.CLK
  Clock network: i_clock_BUFGP
--------------------------------------------------------------------------------

================================================================================
Timing constraint: TS_I2C_CLK1 = PERIOD TIMEGRP "I2C_CLK1" 2000 ns HIGH 50%;
For more information, see Period Analysis in the Timing Closure User Guide (UG612).

 0 paths analyzed, 0 endpoints analyzed, 0 failing endpoints
 0 timing errors detected. (0 component switching limit errors)
 Minimum period is   3.192ns.
--------------------------------------------------------------------------------

Component Switching Limit Checks: TS_I2C_CLK1 = PERIOD TIMEGRP "I2C_CLK1" 2000 ns HIGH 50%;
--------------------------------------------------------------------------------
Slack: 1996.808ns (period - (min low pulse limit / (low pulse / period)))
  Period: 2000.000ns
  Low pulse: 1000.000ns
  Low pulse limit: 1.596ns (Trpw)
  Physical resource: melexis_mlx90640_i2c_i0/clock1/SR
  Logical resource: melexis_mlx90640_i2c_i0/clock/SR
  Location pin: SLICE_X36Y118.SR
  Clock network: i_reset_IBUF
--------------------------------------------------------------------------------
Slack: 1996.808ns (period - (min high pulse limit / (high pulse / period)))
  Period: 2000.000ns
  High pulse: 1000.000ns
  High pulse limit: 1.596ns (Trpw)
  Physical resource: melexis_mlx90640_i2c_i0/clock1/SR
  Logical resource: melexis_mlx90640_i2c_i0/clock/SR
  Location pin: SLICE_X36Y118.SR
  Clock network: i_reset_IBUF
--------------------------------------------------------------------------------
Slack: 1998.348ns (period - (min low pulse limit / (low pulse / period)))
  Period: 2000.000ns
  Low pulse: 1000.000ns
  Low pulse limit: 0.826ns (Tcl)
  Physical resource: melexis_mlx90640_i2c_i0/clock1/CLK
  Logical resource: melexis_mlx90640_i2c_i0/clock/CK
  Location pin: SLICE_X36Y118.CLK
  Clock network: i_clock_BUFGP
--------------------------------------------------------------------------------

================================================================================
Timing constraint: TS_I2C_CLK2 = PERIOD TIMEGRP "I2C_CLK2" 2000 ns HIGH 50%;
For more information, see Period Analysis in the Timing Closure User Guide (UG612).

 0 paths analyzed, 0 endpoints analyzed, 0 failing endpoints
 0 timing errors detected. (0 component switching limit errors)
 Minimum period is   1.652ns.
--------------------------------------------------------------------------------

Component Switching Limit Checks: TS_I2C_CLK2 = PERIOD TIMEGRP "I2C_CLK2" 2000 ns HIGH 50%;
--------------------------------------------------------------------------------
Slack: 1998.348ns (period - (min low pulse limit / (low pulse / period)))
  Period: 2000.000ns
  Low pulse: 1000.000ns
  Low pulse limit: 0.826ns (Tcl)
  Physical resource: melexis_mlx90640_i2c_i0/io_scl_ii/CLK
  Logical resource: melexis_mlx90640_i2c_i0/io_scl_ii/CK
  Location pin: SLICE_X36Y88.CLK
  Clock network: i_clock_BUFGP
--------------------------------------------------------------------------------
Slack: 1998.348ns (period - (min high pulse limit / (high pulse / period)))
  Period: 2000.000ns
  High pulse: 1000.000ns
  High pulse limit: 0.826ns (Tch)
  Physical resource: melexis_mlx90640_i2c_i0/io_scl_ii/CLK
  Logical resource: melexis_mlx90640_i2c_i0/io_scl_ii/CK
  Location pin: SLICE_X36Y88.CLK
  Clock network: i_clock_BUFGP
--------------------------------------------------------------------------------
Slack: 1998.348ns (period - min period limit)
  Period: 2000.000ns
  Min period limit: 1.652ns (605.327MHz) (Tcp)
  Physical resource: melexis_mlx90640_i2c_i0/io_scl_ii/CLK
  Logical resource: melexis_mlx90640_i2c_i0/io_scl_ii/CK
  Location pin: SLICE_X36Y88.CLK
  Clock network: i_clock_BUFGP
--------------------------------------------------------------------------------

================================================================================
Timing constraint: TS_CLK1 = PERIOD TIMEGRP "CLK1" 800 ns HIGH 50%;
For more information, see Period Analysis in the Timing Closure User Guide (UG612).

 0 paths analyzed, 0 endpoints analyzed, 0 failing endpoints
 0 timing errors detected. (0 component switching limit errors)
 Minimum period is   3.192ns.
--------------------------------------------------------------------------------

Component Switching Limit Checks: TS_CLK1 = PERIOD TIMEGRP "CLK1" 800 ns HIGH 50%;
--------------------------------------------------------------------------------
Slack: 796.808ns (period - (min low pulse limit / (low pulse / period)))
  Period: 800.000ns
  Low pulse: 400.000ns
  Low pulse limit: 1.596ns (Trpw)
  Physical resource: agclk/SR
  Logical resource: agclk/SR
  Location pin: SLICE_X19Y99.SR
  Clock network: i_reset_IBUF
--------------------------------------------------------------------------------
Slack: 796.808ns (period - (min high pulse limit / (high pulse / period)))
  Period: 800.000ns
  High pulse: 400.000ns
  High pulse limit: 1.596ns (Trpw)
  Physical resource: agclk/SR
  Logical resource: agclk/SR
  Location pin: SLICE_X19Y99.SR
  Clock network: i_reset_IBUF
--------------------------------------------------------------------------------
Slack: 798.404ns (period - (min low pulse limit / (low pulse / period)))
  Period: 800.000ns
  Low pulse: 400.000ns
  Low pulse limit: 0.798ns (Tcl)
  Physical resource: agclk/CLK
  Logical resource: agclk/CK
  Location pin: SLICE_X19Y99.CLK
  Clock network: i_clock_BUFGP
--------------------------------------------------------------------------------

================================================================================
Timing constraint: PATH "TS_1_path" TIG;

 0 paths analyzed, 0 endpoints analyzed, 0 failing endpoints
 0 timing errors detected.
--------------------------------------------------------------------------------

================================================================================
Timing constraint: PATH "TS_2_path" TIG;

 0 paths analyzed, 0 endpoints analyzed, 0 failing endpoints
 0 timing errors detected.
--------------------------------------------------------------------------------

================================================================================
Timing constraint: PATH "TS_3_path" TIG;

 0 paths analyzed, 0 endpoints analyzed, 0 failing endpoints
 0 timing errors detected.
--------------------------------------------------------------------------------

================================================================================
Timing constraint: PATH "TS_4_path" TIG;

 0 paths analyzed, 0 endpoints analyzed, 0 failing endpoints
 0 timing errors detected.
--------------------------------------------------------------------------------

================================================================================
Timing constraint: PATH "TS_5_path" TIG;

 7 paths analyzed, 2 endpoints analyzed, 0 failing endpoints
 0 timing errors detected. (0 setup errors, 0 hold errors)
--------------------------------------------------------------------------------

Paths for end point melexis_mlx90640_i2c_i0/clock (SLICE_X36Y118.CE), 6 paths
--------------------------------------------------------------------------------
Delay (setup path):     4.741ns (data path - clock path skew + uncertainty)
  Source:               melexis_mlx90640_i2c_i0/count_0 (FF)
  Destination:          melexis_mlx90640_i2c_i0/clock (FF)
  Data Path Delay:      4.741ns (Levels of Logic = 2)
  Clock Path Skew:      0.000ns
  Source Clock:         i_clock_BUFGP rising at 0.000ns
  Destination Clock:    i_clock_BUFGP rising at 20.000ns
  Clock Uncertainty:    0.000ns

  Maximum Data Path: melexis_mlx90640_i2c_i0/count_0 to melexis_mlx90640_i2c_i0/clock
    Location             Delay type         Delay(ns)  Physical Resource
                                                       Logical Resource(s)
    -------------------------------------------------  -------------------
    SLICE_X31Y117.YQ     Tcko                  0.587   melexis_mlx90640_i2c_i0/count<0>
                                                       melexis_mlx90640_i2c_i0/count_0
    SLICE_X26Y119.G3     net (fanout=5)        0.833   melexis_mlx90640_i2c_i0/count<0>
    SLICE_X26Y119.Y      Tilo                  0.759   melexis_mlx90640_i2c_i0/clock_not0002
                                                       melexis_mlx90640_i2c_i0/clock_not0002_SW0
    SLICE_X26Y119.F3     net (fanout=1)        0.023   N31
    SLICE_X26Y119.X      Tilo                  0.759   melexis_mlx90640_i2c_i0/clock_not0002
                                                       melexis_mlx90640_i2c_i0/clock_not0002
    SLICE_X36Y118.CE     net (fanout=1)        1.225   melexis_mlx90640_i2c_i0/clock_not0002
    SLICE_X36Y118.CLK    Tceck                 0.555   melexis_mlx90640_i2c_i0/clock1
                                                       melexis_mlx90640_i2c_i0/clock
    -------------------------------------------------  ---------------------------
    Total                                      4.741ns (2.660ns logic, 2.081ns route)
                                                       (56.1% logic, 43.9% route)

--------------------------------------------------------------------------------
Delay (setup path):     4.710ns (data path - clock path skew + uncertainty)
  Source:               melexis_mlx90640_i2c_i0/count_2 (FF)
  Destination:          melexis_mlx90640_i2c_i0/clock (FF)
  Data Path Delay:      4.710ns (Levels of Logic = 2)
  Clock Path Skew:      0.000ns
  Source Clock:         i_clock_BUFGP rising at 0.000ns
  Destination Clock:    i_clock_BUFGP rising at 20.000ns
  Clock Uncertainty:    0.000ns

  Maximum Data Path: melexis_mlx90640_i2c_i0/count_2 to melexis_mlx90640_i2c_i0/clock
    Location             Delay type         Delay(ns)  Physical Resource
                                                       Logical Resource(s)
    -------------------------------------------------  -------------------
    SLICE_X29Y119.XQ     Tcko                  0.591   melexis_mlx90640_i2c_i0/count<2>
                                                       melexis_mlx90640_i2c_i0/count_2
    SLICE_X26Y119.G2     net (fanout=3)        0.798   melexis_mlx90640_i2c_i0/count<2>
    SLICE_X26Y119.Y      Tilo                  0.759   melexis_mlx90640_i2c_i0/clock_not0002
                                                       melexis_mlx90640_i2c_i0/clock_not0002_SW0
    SLICE_X26Y119.F3     net (fanout=1)        0.023   N31
    SLICE_X26Y119.X      Tilo                  0.759   melexis_mlx90640_i2c_i0/clock_not0002
                                                       melexis_mlx90640_i2c_i0/clock_not0002
    SLICE_X36Y118.CE     net (fanout=1)        1.225   melexis_mlx90640_i2c_i0/clock_not0002
    SLICE_X36Y118.CLK    Tceck                 0.555   melexis_mlx90640_i2c_i0/clock1
                                                       melexis_mlx90640_i2c_i0/clock
    -------------------------------------------------  ---------------------------
    Total                                      4.710ns (2.664ns logic, 2.046ns route)
                                                       (56.6% logic, 43.4% route)

--------------------------------------------------------------------------------
Delay (setup path):     4.486ns (data path - clock path skew + uncertainty)
  Source:               melexis_mlx90640_i2c_i0/count_3 (FF)
  Destination:          melexis_mlx90640_i2c_i0/clock (FF)
  Data Path Delay:      4.486ns (Levels of Logic = 2)
  Clock Path Skew:      0.000ns
  Source Clock:         i_clock_BUFGP rising at 0.000ns
  Destination Clock:    i_clock_BUFGP rising at 20.000ns
  Clock Uncertainty:    0.000ns

  Maximum Data Path: melexis_mlx90640_i2c_i0/count_3 to melexis_mlx90640_i2c_i0/clock
    Location             Delay type         Delay(ns)  Physical Resource
                                                       Logical Resource(s)
    -------------------------------------------------  -------------------
    SLICE_X28Y118.YQ     Tcko                  0.652   melexis_mlx90640_i2c_i0/count<1>
                                                       melexis_mlx90640_i2c_i0/count_3
    SLICE_X26Y119.G1     net (fanout=3)        0.513   melexis_mlx90640_i2c_i0/count<3>
    SLICE_X26Y119.Y      Tilo                  0.759   melexis_mlx90640_i2c_i0/clock_not0002
                                                       melexis_mlx90640_i2c_i0/clock_not0002_SW0
    SLICE_X26Y119.F3     net (fanout=1)        0.023   N31
    SLICE_X26Y119.X      Tilo                  0.759   melexis_mlx90640_i2c_i0/clock_not0002
                                                       melexis_mlx90640_i2c_i0/clock_not0002
    SLICE_X36Y118.CE     net (fanout=1)        1.225   melexis_mlx90640_i2c_i0/clock_not0002
    SLICE_X36Y118.CLK    Tceck                 0.555   melexis_mlx90640_i2c_i0/clock1
                                                       melexis_mlx90640_i2c_i0/clock
    -------------------------------------------------  ---------------------------
    Total                                      4.486ns (2.725ns logic, 1.761ns route)
                                                       (60.7% logic, 39.3% route)

--------------------------------------------------------------------------------

Paths for end point melexis_mlx90640_i2c_i0/clock (SLICE_X36Y118.CLK), 1 path
--------------------------------------------------------------------------------
Delay (setup path):     0.280ns (data path)
  Source:               i_clock_BUFGP/BUFG (OTHER)
  Destination:          melexis_mlx90640_i2c_i0/clock (FF)
  Data Path Delay:      0.280ns (Levels of Logic = 0)

  Maximum Data Path: i_clock_BUFGP/BUFG to melexis_mlx90640_i2c_i0/clock
    Location             Delay type         Delay(ns)  Physical Resource
                                                       Logical Resource(s)
    -------------------------------------------------  -------------------
    SLICE_X36Y118.CLK    net (fanout=5906)     0.280   i_clock_BUFGP
    -------------------------------------------------  ---------------------------
    Total                                      0.280ns (0.000ns logic, 0.280ns route)
                                                       (0.0% logic, 100.0% route)

--------------------------------------------------------------------------------

Hold Paths: PATH "TS_5_path" TIG;
--------------------------------------------------------------------------------

Paths for end point melexis_mlx90640_i2c_i0/clock (SLICE_X36Y118.CE), 6 paths
--------------------------------------------------------------------------------
Delay (hold path):      2.547ns (datapath - clock path skew - uncertainty)
  Source:               melexis_mlx90640_i2c_i0/count_1 (FF)
  Destination:          melexis_mlx90640_i2c_i0/clock (FF)
  Data Path Delay:      2.574ns (Levels of Logic = 1)
  Clock Path Skew:      0.027ns (0.047 - 0.020)
  Source Clock:         i_clock_BUFGP rising at 20.000ns
  Destination Clock:    i_clock_BUFGP rising at 20.000ns
  Clock Uncertainty:    0.000ns

  Minimum Data Path: melexis_mlx90640_i2c_i0/count_1 to melexis_mlx90640_i2c_i0/clock
    Location             Delay type         Delay(ns)  Physical Resource
                                                       Logical Resource(s)
    -------------------------------------------------  -------------------
    SLICE_X28Y118.XQ     Tcko                  0.474   melexis_mlx90640_i2c_i0/count<1>
                                                       melexis_mlx90640_i2c_i0/count_1
    SLICE_X26Y119.F2     net (fanout=4)        0.444   melexis_mlx90640_i2c_i0/count<1>
    SLICE_X26Y119.X      Tilo                  0.607   melexis_mlx90640_i2c_i0/clock_not0002
                                                       melexis_mlx90640_i2c_i0/clock_not0002
    SLICE_X36Y118.CE     net (fanout=1)        0.980   melexis_mlx90640_i2c_i0/clock_not0002
    SLICE_X36Y118.CLK    Tckce       (-Th)    -0.069   melexis_mlx90640_i2c_i0/clock1
                                                       melexis_mlx90640_i2c_i0/clock
    -------------------------------------------------  ---------------------------
    Total                                      2.574ns (1.150ns logic, 1.424ns route)
                                                       (44.7% logic, 55.3% route)

--------------------------------------------------------------------------------
Delay (hold path):      2.746ns (datapath - clock path skew - uncertainty)
  Source:               melexis_mlx90640_i2c_i0/state_0 (FF)
  Destination:          melexis_mlx90640_i2c_i0/clock (FF)
  Data Path Delay:      2.766ns (Levels of Logic = 1)
  Clock Path Skew:      0.020ns (0.047 - 0.027)
  Source Clock:         i_clock_BUFGP rising at 20.000ns
  Destination Clock:    i_clock_BUFGP rising at 20.000ns
  Clock Uncertainty:    0.000ns

  Minimum Data Path: melexis_mlx90640_i2c_i0/state_0 to melexis_mlx90640_i2c_i0/clock
    Location             Delay type         Delay(ns)  Physical Resource
                                                       Logical Resource(s)
    -------------------------------------------------  -------------------
    SLICE_X31Y118.YQ     Tcko                  0.470   melexis_mlx90640_i2c_i0/state<0>
                                                       melexis_mlx90640_i2c_i0/state_0
    SLICE_X26Y119.F4     net (fanout=4)        0.640   melexis_mlx90640_i2c_i0/state<0>
    SLICE_X26Y119.X      Tilo                  0.607   melexis_mlx90640_i2c_i0/clock_not0002
                                                       melexis_mlx90640_i2c_i0/clock_not0002
    SLICE_X36Y118.CE     net (fanout=1)        0.980   melexis_mlx90640_i2c_i0/clock_not0002
    SLICE_X36Y118.CLK    Tckce       (-Th)    -0.069   melexis_mlx90640_i2c_i0/clock1
                                                       melexis_mlx90640_i2c_i0/clock
    -------------------------------------------------  ---------------------------
    Total                                      2.766ns (1.146ns logic, 1.620ns route)
                                                       (41.4% logic, 58.6% route)

--------------------------------------------------------------------------------
Delay (hold path):      2.971ns (datapath - clock path skew - uncertainty)
  Source:               melexis_mlx90640_i2c_enable (FF)
  Destination:          melexis_mlx90640_i2c_i0/clock (FF)
  Data Path Delay:      3.002ns (Levels of Logic = 1)
  Clock Path Skew:      0.031ns (0.182 - 0.151)
  Source Clock:         i_clock_BUFGP rising at 20.000ns
  Destination Clock:    i_clock_BUFGP rising at 20.000ns
  Clock Uncertainty:    0.000ns

  Minimum Data Path: melexis_mlx90640_i2c_enable to melexis_mlx90640_i2c_i0/clock
    Location             Delay type         Delay(ns)  Physical Resource
                                                       Logical Resource(s)
    -------------------------------------------------  -------------------
    SLICE_X27Y110.YQ     Tcko                  0.470   melexis_mlx90640_i2c_enable
                                                       melexis_mlx90640_i2c_enable
    SLICE_X26Y119.F1     net (fanout=11)       0.876   melexis_mlx90640_i2c_enable
    SLICE_X26Y119.X      Tilo                  0.607   melexis_mlx90640_i2c_i0/clock_not0002
                                                       melexis_mlx90640_i2c_i0/clock_not0002
    SLICE_X36Y118.CE     net (fanout=1)        0.980   melexis_mlx90640_i2c_i0/clock_not0002
    SLICE_X36Y118.CLK    Tckce       (-Th)    -0.069   melexis_mlx90640_i2c_i0/clock1
                                                       melexis_mlx90640_i2c_i0/clock
    -------------------------------------------------  ---------------------------
    Total                                      3.002ns (1.146ns logic, 1.856ns route)
                                                       (38.2% logic, 61.8% route)

--------------------------------------------------------------------------------

================================================================================
Timing constraint: PATH "TS_6_path" TIG;

 1 path analyzed, 1 endpoint analyzed, 0 failing endpoints
 0 timing errors detected. (0 setup errors, 0 hold errors)
--------------------------------------------------------------------------------

Paths for end point melexis_mlx90640_i2c_i0/clock (SLICE_X36Y118.BY), 1 path
--------------------------------------------------------------------------------
Delay (setup path):     1.572ns (data path - clock path skew + uncertainty)
  Source:               melexis_mlx90640_i2c_i0/clock (FF)
  Destination:          melexis_mlx90640_i2c_i0/clock (FF)
  Data Path Delay:      1.572ns (Levels of Logic = 0)
  Clock Path Skew:      0.000ns
  Source Clock:         i_clock_BUFGP rising at 0.000ns
  Destination Clock:    i_clock_BUFGP rising at 20.000ns
  Clock Uncertainty:    0.000ns

  Maximum Data Path: melexis_mlx90640_i2c_i0/clock to melexis_mlx90640_i2c_i0/clock
    Location             Delay type         Delay(ns)  Physical Resource
                                                       Logical Resource(s)
    -------------------------------------------------  -------------------
    SLICE_X36Y118.YQ     Tcko                  0.652   melexis_mlx90640_i2c_i0/clock1
                                                       melexis_mlx90640_i2c_i0/clock
    SLICE_X36Y118.BY     net (fanout=2)        0.538   melexis_mlx90640_i2c_i0/clock1
    SLICE_X36Y118.CLK    Tdick                 0.382   melexis_mlx90640_i2c_i0/clock1
                                                       melexis_mlx90640_i2c_i0/clock
    -------------------------------------------------  ---------------------------
    Total                                      1.572ns (1.034ns logic, 0.538ns route)
                                                       (65.8% logic, 34.2% route)

--------------------------------------------------------------------------------

Hold Paths: PATH "TS_6_path" TIG;
--------------------------------------------------------------------------------

Paths for end point melexis_mlx90640_i2c_i0/clock (SLICE_X36Y118.BY), 1 path
--------------------------------------------------------------------------------
Delay (hold path):      1.104ns (datapath - clock path skew - uncertainty)
  Source:               melexis_mlx90640_i2c_i0/clock (FF)
  Destination:          melexis_mlx90640_i2c_i0/clock (FF)
  Data Path Delay:      1.104ns (Levels of Logic = 0)
  Clock Path Skew:      0.000ns
  Source Clock:         i_clock_BUFGP rising at 20.000ns
  Destination Clock:    i_clock_BUFGP rising at 20.000ns
  Clock Uncertainty:    0.000ns

  Minimum Data Path: melexis_mlx90640_i2c_i0/clock to melexis_mlx90640_i2c_i0/clock
    Location             Delay type         Delay(ns)  Physical Resource
                                                       Logical Resource(s)
    -------------------------------------------------  -------------------
    SLICE_X36Y118.YQ     Tcko                  0.522   melexis_mlx90640_i2c_i0/clock1
                                                       melexis_mlx90640_i2c_i0/clock
    SLICE_X36Y118.BY     net (fanout=2)        0.430   melexis_mlx90640_i2c_i0/clock1
    SLICE_X36Y118.CLK    Tckdi       (-Th)    -0.152   melexis_mlx90640_i2c_i0/clock1
                                                       melexis_mlx90640_i2c_i0/clock
    -------------------------------------------------  ---------------------------
    Total                                      1.104ns (0.674ns logic, 0.430ns route)
                                                       (61.1% logic, 38.9% route)

--------------------------------------------------------------------------------

================================================================================
Timing constraint: PATH "TS_7_path" TIG;

 1 path analyzed, 1 endpoint analyzed, 0 failing endpoints
 0 timing errors detected. (0 setup errors, 0 hold errors)
--------------------------------------------------------------------------------

Paths for end point melexis_mlx90640_i2c_i0/io_scl_ii (SLICE_X36Y88.CLK), 1 path
--------------------------------------------------------------------------------
Delay (setup path):     0.213ns (data path)
  Source:               i_clock_BUFGP/BUFG (OTHER)
  Destination:          melexis_mlx90640_i2c_i0/io_scl_ii (FF)
  Data Path Delay:      0.213ns (Levels of Logic = 0)

  Maximum Data Path: i_clock_BUFGP/BUFG to melexis_mlx90640_i2c_i0/io_scl_ii
    Location             Delay type         Delay(ns)  Physical Resource
                                                       Logical Resource(s)
    -------------------------------------------------  -------------------
    SLICE_X36Y88.CLK     net (fanout=5906)     0.213   i_clock_BUFGP
    -------------------------------------------------  ---------------------------
    Total                                      0.213ns (0.000ns logic, 0.213ns route)
                                                       (0.0% logic, 100.0% route)

--------------------------------------------------------------------------------

================================================================================
Timing constraint: PATH "TS_8_path" TIG;

 0 paths analyzed, 0 endpoints analyzed, 0 failing endpoints
 0 timing errors detected.
--------------------------------------------------------------------------------

================================================================================
Timing constraint: PATH "TS_9_path" TIG;

 0 paths analyzed, 0 endpoints analyzed, 0 failing endpoints
 0 timing errors detected.
--------------------------------------------------------------------------------

================================================================================
Timing constraint: PATH "TS_a_path" TIG;

 0 paths analyzed, 0 endpoints analyzed, 0 failing endpoints
 0 timing errors detected.
--------------------------------------------------------------------------------

================================================================================
Timing constraint: PATH "TS_b_path" TIG;

 0 paths analyzed, 0 endpoints analyzed, 0 failing endpoints
 0 timing errors detected.
--------------------------------------------------------------------------------

================================================================================
Timing constraint: PATH "TS_c_path" TIG;

 0 paths analyzed, 0 endpoints analyzed, 0 failing endpoints
 0 timing errors detected.
--------------------------------------------------------------------------------


All constraints were met.


Data Sheet report:
-----------------
All values displayed in nanoseconds (ns)

Clock to Setup on destination clock i_clock
---------------+---------+---------+---------+---------+
               | Src:Rise| Src:Fall| Src:Rise| Src:Fall|
Source Clock   |Dest:Rise|Dest:Rise|Dest:Fall|Dest:Fall|
---------------+---------+---------+---------+---------+
i_clock        |   19.180|         |         |         |
---------------+---------+---------+---------+---------+


Timing summary:
---------------

Timing errors: 0  Score: 0  (Setup/Max: 0, Hold: 0)

Constraints cover 351264 paths, 0 nets, and 61008 connections

Design statistics:
   Minimum period:  19.180ns{1}   (Maximum frequency:  52.138MHz)


------------------------------------Footnotes-----------------------------------
1)  The minimum period statistic assumes all single cycle delays.

Analysis completed Sun May 10 17:14:42 2026 
--------------------------------------------------------------------------------

Trace Settings:
-------------------------
Trace Settings 

Peak Memory Usage: 568 MB



